<html>
<body>
<pre>
<h1>µVision Build Log</h1>
<h2>Project:</h2>
C:\Users\ronald\Documents\GitHub\labs\lab8\ESP8266_4C123\espDemo.uvproj
Project File Date:  10/27/2016

<h2>Output:</h2>
Build target 'esp8266'
compiling main.c...
main.c(58): warning:  #111-D: statement is unreachable
    DisableInterrupts();
main.c: 1 warning, 0 errors
linking...
Program Size: Code=3704 RO-data=2052 RW-data=128 ZI-data=6176  
".\esp8266.axf" - 0 Error(s), 1 Warning(s).
Load "C:\\Users\\ronald\\Documents\\GitHub\\labs\\lab8\\ESP8266_4C123\\esp8266.axf" 
Connecting: Mode=JTAG, Speed=1000000Hz
Erase Done.
Programming Done.
Verify OK.
ash Download failed  -  Target DLL has been cancelled
 Speed=1000000Hz
Erase Done.
Programming Done.
Verify OK.
