ARM Linker, 5.03 [Build 76] [MDK-ARM Lite]

==============================================================================

Section Cross References

    startup.o(RESET) refers to startup.o(STACK) for StackMem
    startup.o(RESET) refers to sensor.o(i.GPIOPortB_Handler) for GPIOPortB_Handler
    startup.o(RESET) refers to uart.o(i.UART0_Handler) for UART0_Handler
    startup.o(RESET) refers to esp8266.o(i.UART1_Handler) for UART1_Handler
    startup.o(RESET) refers to entry.o(.ARM.Collect$$$$00000000) for __main
    main.o(i.WIFImain) refers to startup.o(.text) for DisableInterrupts
    main.o(i.WIFImain) refers to pll.o(i.PLL_Init) for PLL_Init
    main.o(i.WIFImain) refers to debug.o(i.Debug_Init) for Debug_Init
    main.o(i.WIFImain) refers to lcd.o(i.LCD_Init) for LCD_Init
    main.o(i.WIFImain) refers to uart.o(i.UART_OutputInit) for UART_OutputInit
    main.o(i.WIFImain) refers to printf3.o(i.__0printf$3) for __2printf
    main.o(i.WIFImain) refers to lcd.o(i.LCD_OutString) for LCD_OutString
    main.o(i.WIFImain) refers to esp8266.o(i.ESP8266_Init) for ESP8266_Init
    main.o(i.WIFImain) refers to esp8266.o(i.ESP8266_GetVersionNumber) for ESP8266_GetVersionNumber
    main.o(i.WIFImain) refers to esp8266.o(i.ESP8266_GetStatus) for ESP8266_GetStatus
    main.o(i.WIFImain) refers to esp8266.o(i.ESP8266_MakeTCPConnection) for ESP8266_MakeTCPConnection
    main.o(i.WIFImain) refers to esp8266.o(i.ESP8266_SendTCP) for ESP8266_SendTCP
    main.o(i.WIFImain) refers to esp8266.o(i.ESP8266_CloseTCPConnection) for ESP8266_CloseTCPConnection
    main.o(i.WIFImain) refers to main.o(.constdata) for .constdata
    main.o(i.main) refers to lcd.o(i.LCD_Init) for LCD_Init
    main.o(i.main) refers to speaker.o(i.Speaker_Init) for Speaker_Init
    main.o(i.main) refers to speaker.o(i.Speaker_Play) for Speaker_Play
    main.o(i.main) refers to lcd.o(i.LCD_OutString) for LCD_OutString
    main.o(i.main2) refers to startup.o(.text) for DisableInterrupts
    main.o(i.main2) refers to pll.o(i.PLL_Init) for PLL_Init
    main.o(i.main2) refers to lcd.o(i.LCD_Init) for LCD_Init
    main.o(i.main2) refers to debug.o(i.Debug_Init) for Debug_Init
    main.o(i.main2) refers to uart.o(i.UART_OutputInit) for UART_OutputInit
    main.o(i.main2) refers to printf3.o(i.__0printf$3) for __2printf
    main.o(i.main2) refers to esp8266.o(i.ESP8266_InitUART) for ESP8266_InitUART
    main.o(i.main2) refers to esp8266.o(i.ESP8266_EnableRXInterrupt) for ESP8266_EnableRXInterrupt
    main.o(i.main2) refers to esp8266.o(i.ESP8266SendCommand) for ESP8266SendCommand
    main.o(i.main2) refers to uart.o(i.UART_InChar) for UART_InChar
    main.o(i.main2) refers to uart.o(i.UART_InCharNonBlock) for UART_InCharNonBlock
    main.o(i.main2) refers to esp8266.o(i.ESP8266_PrintChar) for ESP8266_PrintChar
    esp8266.o(i.DelayMsSearching) refers to esp8266.o(.data) for SearchFound
    esp8266.o(i.ESP8266FIFOtoBuffer) refers to uart.o(i.UART_OutCharNonBlock) for UART_OutCharNonBlock
    esp8266.o(i.ESP8266FIFOtoBuffer) refers to esp8266.o(i.SearchCheck) for SearchCheck
    esp8266.o(i.ESP8266FIFOtoBuffer) refers to esp8266.o(i.ServerResponseSearchCheck) for ServerResponseSearchCheck
    esp8266.o(i.ESP8266FIFOtoBuffer) refers to esp8266.o(.data) for ESP8266_EchoResponse
    esp8266.o(i.ESP8266FIFOtoBuffer) refers to esp8266.o(.bss) for RXBuffer
    esp8266.o(i.ESP8266ProcessInput) refers to strstr.o(.text) for strstr
    esp8266.o(i.ESP8266ProcessInput) refers to printf3.o(i.__0printf$3) for __2printf
    esp8266.o(i.ESP8266ProcessInput) refers to esp8266.o(.data) for ESP8266_PageRequested
    esp8266.o(i.ESP8266SendCommand) refers to esp8266.o(i.ESP8266_PrintChar) for ESP8266_PrintChar
    esp8266.o(i.ESP8266_CloseTCPConnection) refers to esp8266.o(i.SearchStart) for SearchStart
    esp8266.o(i.ESP8266_CloseTCPConnection) refers to esp8266.o(i.ESP8266SendCommand) for ESP8266SendCommand
    esp8266.o(i.ESP8266_CloseTCPConnection) refers to esp8266.o(i.DelayMsSearching) for DelayMsSearching
    esp8266.o(i.ESP8266_CloseTCPConnection) refers to esp8266.o(.data) for SearchFound
    esp8266.o(i.ESP8266_ConfigureAccessPoint) refers to esp8266.o(i.SearchStart) for SearchStart
    esp8266.o(i.ESP8266_ConfigureAccessPoint) refers to printf3.o(i.__0sprintf$3) for __2sprintf
    esp8266.o(i.ESP8266_ConfigureAccessPoint) refers to esp8266.o(i.ESP8266SendCommand) for ESP8266SendCommand
    esp8266.o(i.ESP8266_ConfigureAccessPoint) refers to esp8266.o(i.DelayMsSearching) for DelayMsSearching
    esp8266.o(i.ESP8266_ConfigureAccessPoint) refers to esp8266.o(.bss) for TXBuffer
    esp8266.o(i.ESP8266_ConfigureAccessPoint) refers to esp8266.o(.data) for SearchFound
    esp8266.o(i.ESP8266_DisableServer) refers to esp8266.o(i.SearchStart) for SearchStart
    esp8266.o(i.ESP8266_DisableServer) refers to printf3.o(i.__0sprintf$3) for __2sprintf
[...]
    esp8266.o(i.ESP8266_Reset) refers to esp8266.o(i.SearchStart) for SearchStart
    esp8266.o(i.ESP8266_Reset) refers to esp8266.o(i.ESP8266SendCommand) for ESP8266SendCommand
    esp8266.o(i.ESP8266_Reset) refers to esp8266.o(i.DelayMsSearching) for DelayMsSearching
    esp8266.o(i.ESP8266_Reset) refers to esp8266.o(.data) for SearchFound
    esp8266.o(i.ESP8266_SendTCP) refers to strlen.o(.text) for strlen
    esp8266.o(i.ESP8266_SendTCP) refers to printf3.o(i.__0sprintf$3) for __2sprintf
    esp8266.o(i.ESP8266_SendTCP) refers to esp8266.o(i.ESP8266SendCommand) for ESP8266SendCommand
    esp8266.o(i.ESP8266_SendTCP) refers to esp8266.o(i.DelayMs) for DelayMs
    esp8266.o(i.ESP8266_SendTCP) refers to esp8266.o(i.ServerResponseSearchStart) for ServerResponseSearchStart
    esp8266.o(i.ESP8266_SendTCP) refers to esp8266.o(.bss) for TXBuffer
    esp8266.o(i.ESP8266_SendTCP) refers to esp8266.o(.data) for ServerResponseSearchFinished
    esp8266.o(i.ESP8266_SetConnectionMux) refers to esp8266.o(i.SearchStart) for SearchStart
    esp8266.o(i.ESP8266_SetConnectionMux) refers to printf3.o(i.__0sprintf$3) for __2sprintf
    esp8266.o(i.ESP8266_SetConnectionMux) refers to esp8266.o(i.ESP8266SendCommand) for ESP8266SendCommand
    esp8266.o(i.ESP8266_SetConnectionMux) refers to esp8266.o(i.DelayMsSearching) for DelayMsSearching
    esp8266.o(i.ESP8266_SetConnectionMux) refers to esp8266.o(.bss) for TXBuffer
    esp8266.o(i.ESP8266_SetConnectionMux) refers to esp8266.o(.data) for SearchFound
    esp8266.o(i.ESP8266_SetDataTransmissionMode) refers to esp8266.o(i.SearchStart) for SearchStart
    esp8266.o(i.ESP8266_SetDataTransmissionMode) refers to printf3.o(i.__0sprintf$3) for __2sprintf
    esp8266.o(i.ESP8266_SetDataTransmissionMode) refers to esp8266.o(i.ESP8266SendCommand) for ESP8266SendCommand
    esp8266.o(i.ESP8266_SetDataTransmissionMode) refers to esp8266.o(i.DelayMsSearching) for DelayMsSearching
    esp8266.o(i.ESP8266_SetDataTransmissionMode) refers to esp8266.o(.bss) for TXBuffer
    esp8266.o(i.ESP8266_SetDataTransmissionMode) refers to esp8266.o(.data) for SearchFound
    esp8266.o(i.ESP8266_SetServerTimeout) refers to printf3.o(i.__0sprintf$3) for __2sprintf
    esp8266.o(i.ESP8266_SetServerTimeout) refers to esp8266.o(i.ESP8266SendCommand) for ESP8266SendCommand
    esp8266.o(i.ESP8266_SetServerTimeout) refers to esp8266.o(.data) for ESP8266_ServerTimeout
    esp8266.o(i.ESP8266_SetServerTimeout) refers to esp8266.o(.bss) for TXBuffer
    esp8266.o(i.ESP8266_SetWifiMode) refers to esp8266.o(i.SearchStart) for SearchStart
    esp8266.o(i.ESP8266_SetWifiMode) refers to printf3.o(i.__0sprintf$3) for __2sprintf
    esp8266.o(i.ESP8266_SetWifiMode) refers to esp8266.o(i.ESP8266SendCommand) for ESP8266SendCommand
    esp8266.o(i.ESP8266_SetWifiMode) refers to esp8266.o(i.DelayMsSearching) for DelayMsSearching
    esp8266.o(i.ESP8266_SetWifiMode) refers to esp8266.o(.bss) for TXBuffer
    esp8266.o(i.ESP8266_SetWifiMode) refers to esp8266.o(.data) for SearchFound
    esp8266.o(i.HTTP_ServePage) refers to memcpya.o(.text) for __aeabi_memcpy4
    esp8266.o(i.HTTP_ServePage) refers to strlen.o(.text) for strlen
    esp8266.o(i.HTTP_ServePage) refers to printf3.o(i.__0sprintf$3) for __2sprintf
    esp8266.o(i.HTTP_ServePage) refers to esp8266.o(i.ESP8266SendCommand) for ESP8266SendCommand
    esp8266.o(i.HTTP_ServePage) refers to esp8266.o(i.DelayMs) for DelayMs
    esp8266.o(i.HTTP_ServePage) refers to esp8266.o(.constdata) for .constdata
    esp8266.o(i.HTTP_ServePage) refers to esp8266.o(.bss) for TXBuffer
    esp8266.o(i.SearchCheck) refers to esp8266.o(i.lc) for lc
    esp8266.o(i.SearchCheck) refers to esp8266.o(.data) for SearchLooking
    esp8266.o(i.SearchCheck) refers to esp8266.o(.bss) for SearchString
    esp8266.o(i.SearchStart) refers to strcpy.o(.text) for strcpy
    esp8266.o(i.SearchStart) refers to esp8266.o(.bss) for SearchString
    esp8266.o(i.SearchStart) refers to esp8266.o(.data) for SearchIndex
    esp8266.o(i.ServerResponseSearchCheck) refers to esp8266.o(i.lc) for lc
    esp8266.o(i.ServerResponseSearchCheck) refers to strcpy.o(.text) for strcpy
    esp8266.o(i.ServerResponseSearchCheck) refers to esp8266.o(.data) for ServerResponseSearchLooking
    esp8266.o(i.ServerResponseSearchCheck) refers to esp8266.o(.bss) for ServerResponseBuffer
    esp8266.o(i.ServerResponseSearchStart) refers to strcpy.o(.text) for strcpy
    esp8266.o(i.ServerResponseSearchStart) refers to esp8266.o(.data) for ServerResponseSearchString
    esp8266.o(i.UART1_Handler) refers to esp8266.o(i.ESP8266FIFOtoBuffer) for ESP8266FIFOtoBuffer
    uart.o(i.RxFifo_Get) refers to uart.o(.data) for RxPutI
    uart.o(i.RxFifo_Get) refers to uart.o(.bss) for RxFifo
    uart.o(i.RxFifo_Init) refers to startup.o(.text) for StartCritical
    uart.o(i.RxFifo_Init) refers to uart.o(.data) for RxGetI
    uart.o(i.RxFifo_Put) refers to uart.o(.data) for RxPutI
    uart.o(i.RxFifo_Put) refers to uart.o(.bss) for RxFifo
    uart.o(i.RxFifo_Size) refers to uart.o(.data) for RxPutI
    uart.o(i.TxFifo_Get) refers to uart.o(.data) for TxPutI
    uart.o(i.TxFifo_Get) refers to uart.o(.bss) for TxFifo
    uart.o(i.TxFifo_Init) refers to startup.o(.text) for StartCritical
    uart.o(i.TxFifo_Init) refers to uart.o(.data) for TxGetI
    uart.o(i.TxFifo_Put) refers to uart.o(.data) for TxPutI
    uart.o(i.TxFifo_Put) refers to uart.o(.bss) for TxFifo
    uart.o(i.TxFifo_Size) refers to uart.o(.data) for TxPutI
    uart.o(i.UART0_Handler) refers to uart.o(i.copySoftwareToHardware) for copySoftwareToHardware
    uart.o(i.UART0_Handler) refers to uart.o(i.TxFifo_Size) for TxFifo_Size
    uart.o(i.UART0_Handler) refers to uart.o(i.copyHardwareToSoftware) for copyHardwareToSoftware
    uart.o(i.UART_InChar) refers to uart.o(i.RxFifo_Get) for RxFifo_Get
    uart.o(i.UART_InCharNonBlock) refers to uart.o(i.RxFifo_Get) for RxFifo_Get
    uart.o(i.UART_InString) refers to uart.o(i.UART_InChar) for UART_InChar
    uart.o(i.UART_InString) refers to uart.o(i.UART_OutChar) for UART_OutChar
    uart.o(i.UART_InUDec) refers to uart.o(i.UART_InChar) for UART_InChar
    uart.o(i.UART_InUDec) refers to uart.o(i.UART_OutChar) for UART_OutChar
    uart.o(i.UART_InUHex) refers to uart.o(i.UART_InChar) for UART_InChar
    uart.o(i.UART_InUHex) refers to uart.o(i.UART_OutChar) for UART_OutChar
    uart.o(i.UART_Init) refers to uart.o(i.RxFifo_Init) for RxFifo_Init
    uart.o(i.UART_Init) refers to uart.o(i.TxFifo_Init) for TxFifo_Init
    uart.o(i.UART_OutChar) refers to uart.o(i.TxFifo_Put) for TxFifo_Put
    uart.o(i.UART_OutChar) refers to uart.o(i.copySoftwareToHardware) for copySoftwareToHardware
    uart.o(i.UART_OutCharNonBlock) refers to uart.o(i.TxFifo_Put) for TxFifo_Put
    uart.o(i.UART_OutCharNonBlock) refers to uart.o(i.copySoftwareToHardware) for copySoftwareToHardware
    uart.o(i.UART_OutString) refers to uart.o(i.UART_OutChar) for UART_OutChar
    uart.o(i.UART_OutUDec) refers to uart.o(i.UART_OutChar) for UART_OutChar
    uart.o(i.UART_OutUHex) refers to uart.o(i.UART_OutChar) for UART_OutChar
    uart.o(i.UART_OutputInit) refers to uart.o(i.UART_Init) for UART_Init
    uart.o(i.copyHardwareToSoftware) refers to uart.o(i.RxFifo_Put) for RxFifo_Put
    uart.o(i.copyHardwareToSoftware) refers to uart.o(i.RxFifo_Size) for RxFifo_Size
    uart.o(i.copySoftwareToHardware) refers to uart.o(i.TxFifo_Get) for TxFifo_Get
    uart.o(i.copySoftwareToHardware) refers to uart.o(i.TxFifo_Size) for TxFifo_Size
    uart.o(i.fputc) refers to uart.o(i.UART_OutChar) for UART_OutChar
    debug.o(i.Debug_Init) refers to debug.o(i.LED_Init) for LED_Init
    debug.o(i.Debug_Init) refers to debug.o(i.SysTick_Init) for SysTick_Init
    debug.o(i.Debug_Wait10ms) refers to debug.o(i.SysTick_Wait10ms) for SysTick_Wait10ms
    debug.o(i.SysTick_Wait10ms) refers to debug.o(i.SysTick_Wait) for SysTick_Wait
    lcd.o(i.LCD_DrawBitmap) refers to st7735.o(i.ST7735_DrawBitmap) for ST7735_DrawBitmap
    lcd.o(i.LCD_DrawCircle) refers to lcd.o(i.ST7735_Circle) for ST7735_Circle
    lcd.o(i.LCD_DrawLine) refers to lcd.o(i.ST7735_Line) for ST7735_Line
    lcd.o(i.LCD_FillRectangle) refers to st7735.o(i.ST7735_FillRect) for ST7735_FillRect
    lcd.o(i.LCD_Init) refers to st7735.o(i.ST7735_InitR) for ST7735_InitR
    lcd.o(i.LCD_OutString) refers to st7735.o(i.ST7735_OutString) for ST7735_OutString
    lcd.o(i.LCD_SetCursor) refers to st7735.o(i.ST7735_SetCursor) for ST7735_SetCursor
    lcd.o(i.ST7735_Circle) refers to st7735.o(i.ST7735_DrawPixel) for ST7735_DrawPixel
    lcd.o(i.ST7735_Line) refers to st7735.o(i.ST7735_DrawFastVLine) for ST7735_DrawFastVLine
    lcd.o(i.ST7735_Line) refers to st7735.o(i.ST7735_DrawFastHLine) for ST7735_DrawFastHLine
    lcd.o(i.ST7735_Line) refers to st7735.o(i.ST7735_DrawPixel) for ST7735_DrawPixel
    st7735.o(i.Output_Clear) refers to st7735.o(i.ST7735_FillScreen) for ST7735_FillScreen
    st7735.o(i.Output_Color) refers to st7735.o(i.ST7735_SetTextColor) for ST7735_SetTextColor
    st7735.o(i.Output_Init) refers to st7735.o(i.ST7735_InitR) for ST7735_InitR
    st7735.o(i.Output_Init) refers to st7735.o(i.ST7735_FillScreen) for ST7735_FillScreen
    st7735.o(i.Output_Off) refers to st7735.o(i.Output_Clear) for Output_Clear
    st7735.o(i.Output_On) refers to st7735.o(i.Output_Init) for Output_Init
    st7735.o(i.ST7735_DrawBitmap) refers to st7735.o(i.setAddrWindow) for setAddrWindow
    st7735.o(i.ST7735_DrawBitmap) refers to st7735.o(i.writedata) for writedata
    st7735.o(i.ST7735_DrawBitmap) refers to st7735.o(.data) for _width
    st7735.o(i.ST7735_DrawChar) refers to st7735.o(i.setAddrWindow) for setAddrWindow
    st7735.o(i.ST7735_DrawChar) refers to st7735.o(i.pushColor) for pushColor
    st7735.o(i.ST7735_DrawChar) refers to st7735.o(.data) for _width
    st7735.o(i.ST7735_DrawChar) refers to st7735.o(.constdata) for Font
    st7735.o(i.ST7735_DrawCharS) refers to st7735.o(i.ST7735_DrawPixel) for ST7735_DrawPixel
    st7735.o(i.ST7735_DrawCharS) refers to st7735.o(i.ST7735_FillRect) for ST7735_FillRect
    st7735.o(i.ST7735_DrawCharS) refers to st7735.o(.data) for _width
    st7735.o(i.ST7735_DrawCharS) refers to st7735.o(.constdata) for Font
    st7735.o(i.ST7735_DrawFastHLine) refers to st7735.o(i.setAddrWindow) for setAddrWindow
    st7735.o(i.ST7735_DrawFastHLine) refers to st7735.o(i.writedata) for writedata
    st7735.o(i.ST7735_DrawFastHLine) refers to st7735.o(.data) for _width
    st7735.o(i.ST7735_DrawFastVLine) refers to st7735.o(i.setAddrWindow) for setAddrWindow
    st7735.o(i.ST7735_DrawFastVLine) refers to st7735.o(i.writedata) for writedata
    st7735.o(i.ST7735_DrawFastVLine) refers to st7735.o(.data) for _width
    st7735.o(i.ST7735_DrawPixel) refers to st7735.o(i.setAddrWindow) for setAddrWindow
    st7735.o(i.ST7735_DrawPixel) refers to st7735.o(i.pushColor) for pushColor
    st7735.o(i.ST7735_DrawPixel) refers to st7735.o(.data) for _width
    st7735.o(i.ST7735_DrawString) refers to st7735.o(i.ST7735_DrawCharS) for ST7735_DrawCharS
    st7735.o(i.ST7735_FillRect) refers to st7735.o(i.setAddrWindow) for setAddrWindow
    st7735.o(i.ST7735_FillRect) refers to st7735.o(i.writedata) for writedata
    st7735.o(i.ST7735_FillRect) refers to st7735.o(.data) for _width
    st7735.o(i.ST7735_FillScreen) refers to st7735.o(i.ST7735_FillRect) for ST7735_FillRect
    st7735.o(i.ST7735_FillScreen) refers to st7735.o(.data) for _height
    st7735.o(i.ST7735_InitB) refers to st7735.o(i.commonInit) for commonInit
    st7735.o(i.ST7735_InitB) refers to st7735.o(i.ST7735_SetCursor) for ST7735_SetCursor
    st7735.o(i.ST7735_InitB) refers to st7735.o(i.ST7735_FillScreen) for ST7735_FillScreen
    st7735.o(i.ST7735_InitB) refers to st7735.o(.constdata) for Bcmd
    st7735.o(i.ST7735_InitB) refers to st7735.o(.data) for StTextColor
    st7735.o(i.ST7735_InitR) refers to st7735.o(i.commonInit) for commonInit
    st7735.o(i.ST7735_InitR) refers to st7735.o(i.commandList) for commandList
    st7735.o(i.ST7735_InitR) refers to st7735.o(i.writecommand) for writecommand
    st7735.o(i.ST7735_InitR) refers to st7735.o(i.writedata) for writedata
    st7735.o(i.ST7735_InitR) refers to st7735.o(i.ST7735_SetCursor) for ST7735_SetCursor
    st7735.o(i.ST7735_InitR) refers to st7735.o(i.ST7735_FillScreen) for ST7735_FillScreen
    st7735.o(i.ST7735_InitR) refers to st7735.o(.constdata) for Rcmd1
    st7735.o(i.ST7735_InitR) refers to st7735.o(.data) for ColStart
    st7735.o(i.ST7735_InvertDisplay) refers to st7735.o(i.writecommand) for writecommand
    st7735.o(i.ST7735_OutChar) refers to st7735.o(i.ST7735_DrawString) for ST7735_DrawString
    st7735.o(i.ST7735_OutChar) refers to st7735.o(i.ST7735_DrawCharS) for ST7735_DrawCharS
    st7735.o(i.ST7735_OutChar) refers to st7735.o(.data) for StY
    st7735.o(i.ST7735_OutString) refers to st7735.o(i.ST7735_OutChar) for ST7735_OutChar
    st7735.o(i.ST7735_OutUDec) refers to st7735.o(i.fillmessage) for fillmessage
    st7735.o(i.ST7735_OutUDec) refers to st7735.o(i.ST7735_DrawString) for ST7735_DrawString
    st7735.o(i.ST7735_OutUDec) refers to st7735.o(i.ST7735_DrawCharS) for ST7735_DrawCharS
    st7735.o(i.ST7735_OutUDec) refers to st7735.o(.data) for Messageindex
    st7735.o(i.ST7735_OutUDec) refers to st7735.o(.bss) for Message
    st7735.o(i.ST7735_PlotBar) refers to st7735.o(i.ST7735_DrawFastVLine) for ST7735_DrawFastVLine
    st7735.o(i.ST7735_PlotBar) refers to st7735.o(.data) for Ymin
    st7735.o(i.ST7735_PlotClear) refers to st7735.o(i.ST7735_Color565) for ST7735_Color565
    st7735.o(i.ST7735_PlotClear) refers to st7735.o(i.ST7735_FillRect) for ST7735_FillRect
    st7735.o(i.ST7735_PlotClear) refers to st7735.o(.data) for Ymax
    st7735.o(i.ST7735_PlotLine) refers to st7735.o(i.ST7735_DrawPixel) for ST7735_DrawPixel
    st7735.o(i.ST7735_PlotLine) refers to st7735.o(.data) for Ymin
    st7735.o(i.ST7735_PlotNext) refers to st7735.o(.data) for X
    st7735.o(i.ST7735_PlotNextErase) refers to st7735.o(i.ST7735_Color565) for ST7735_Color565
    st7735.o(i.ST7735_PlotNextErase) refers to st7735.o(i.ST7735_DrawFastVLine) for ST7735_DrawFastVLine
    st7735.o(i.ST7735_PlotNextErase) refers to st7735.o(.data) for X
    st7735.o(i.ST7735_PlotPoint) refers to st7735.o(i.ST7735_DrawPixel) for ST7735_DrawPixel
    st7735.o(i.ST7735_PlotPoint) refers to st7735.o(.data) for Ymin
    st7735.o(i.ST7735_PlotPoints) refers to st7735.o(i.ST7735_DrawPixel) for ST7735_DrawPixel
    st7735.o(i.ST7735_PlotPoints) refers to st7735.o(.data) for Ymin
    st7735.o(i.ST7735_PlotdBfs) refers to st7735.o(i.ST7735_DrawFastVLine) for ST7735_DrawFastVLine
    st7735.o(i.ST7735_PlotdBfs) refers to st7735.o(.constdata) for dBfs
    st7735.o(i.ST7735_PlotdBfs) refers to st7735.o(.data) for X
    st7735.o(i.ST7735_SetCursor) refers to st7735.o(.data) for StX
    st7735.o(i.ST7735_SetRotation) refers to st7735.o(i.writecommand) for writecommand
    st7735.o(i.ST7735_SetRotation) refers to st7735.o(i.writedata) for writedata
    st7735.o(i.ST7735_SetRotation) refers to st7735.o(.data) for Rotation
    st7735.o(i.ST7735_SetTextColor) refers to st7735.o(.data) for StTextColor
    st7735.o(i.commandList) refers to st7735.o(i.writecommand) for writecommand
    st7735.o(i.commandList) refers to st7735.o(i.writedata) for writedata
    st7735.o(i.commandList) refers to st7735.o(i.Delay1ms) for Delay1ms
    st7735.o(i.commonInit) refers to st7735.o(i.Delay1ms) for Delay1ms
    st7735.o(i.commonInit) refers to st7735.o(i.commandList) for commandList
    st7735.o(i.commonInit) refers to st7735.o(.data) for RowStart
    st7735.o(i.fillmessage) refers to st7735.o(.bss) for Message
    st7735.o(i.fillmessage) refers to st7735.o(.data) for Messageindex
    st7735.o(i.pushColor) refers to st7735.o(i.writedata) for writedata
    st7735.o(i.setAddrWindow) refers to st7735.o(i.writecommand) for writecommand
    st7735.o(i.setAddrWindow) refers to st7735.o(i.writedata) for writedata
    st7735.o(i.setAddrWindow) refers to st7735.o(.data) for ColStart
    timer.o(i.Timer0A_Init) refers to startup.o(.text) for DisableInterrupts
    timer.o(i.Timer1A_Init) refers to startup.o(.text) for DisableInterrupts
    timer.o(i.Timer2A_Init) refers to startup.o(.text) for DisableInterrupts
    timer.o(i.Timer3A_Init) refers to startup.o(.text) for DisableInterrupts
    speaker.o(i.Speaker_Init) refers to speaker.o(i.PortB_Init) for PortB_Init
    speaker.o(i.Speaker_Init) refers to speaker.o(i.PWM_Init) for PWM_Init
    keypad.o(i.Keypad_Init) refers to keypad.o(i.PortC_Init) for PortC_Init
    keypad.o(i.Keypad_Init) refers to keypad.o(i.PortD_Init) for PortD_Init
    sensor.o(i.GPIOPortB_Handler) refers to sensor.o(.data) for triggered
    sensor.o(i.Sensor_Init) refers to sensor.o(i.PortB_Init) for PortB_Init
    sensor.o(i.Sensor_Init) refers to sensor.o(.data) for triggered
    sensor.o(i.Sensor_Reset) refers to sensor.o(.data) for triggered
    sensor.o(i.Sensor_Triggered) refers to sensor.o(.data) for triggered
    entry.o(.ARM.Collect$$$$00000000) refers (Special) to entry10a.o(.ARM.Collect$$$$0000000D) for __rt_final_cpp
    entry.o(.ARM.Collect$$$$00000000) refers (Special) to entry11a.o(.ARM.Collect$$$$0000000F) for __rt_final_exit
    entry.o(.ARM.Collect$$$$00000000) refers (Special) to entry7b.o(.ARM.Collect$$$$00000008) for _main_clock
    entry.o(.ARM.Collect$$$$00000000) refers (Special) to entry8b.o(.ARM.Collect$$$$0000000A) for _main_cpp_init
    entry.o(.ARM.Collect$$$$00000000) refers (Special) to entry9a.o(.ARM.Collect$$$$0000000B) for _main_init
    entry.o(.ARM.Collect$$$$00000000) refers (Special) to entry5.o(.ARM.Collect$$$$00000004) for _main_scatterload
    entry.o(.ARM.Collect$$$$00000000) refers (Special) to entry2.o(.ARM.Collect$$$$00000001) for _main_stk
    printfb.o(i.__0fprintf$bare) refers to printfb.o(i._printf_core) for _printf_core
    printfb.o(i.__0fprintf$bare) refers to uart.o(i.fputc) for fputc
    printfb.o(i.__0printf$bare) refers to printfb.o(i._printf_core) for _printf_core
    printfb.o(i.__0printf$bare) refers to uart.o(i.fputc) for fputc
    printfb.o(i.__0printf$bare) refers to stdout.o(.data) for __stdout
    printfb.o(i.__0snprintf$bare) refers to printfb.o(i._printf_core) for _printf_core
    printfb.o(i.__0snprintf$bare) refers to printfb.o(i._snputc) for _snputc
    printfb.o(i.__0sprintf$bare) refers to printfb.o(i._printf_core) for _printf_core
    printfb.o(i.__0sprintf$bare) refers to printfb.o(i._sputc) for _sputc
    printfb.o(i.__0vfprintf$bare) refers to printfb.o(i._printf_core) for _printf_core
    printfb.o(i.__0vfprintf$bare) refers to uart.o(i.fputc) for fputc
    printfb.o(i.__0vprintf$bare) refers to printfb.o(i._printf_core) for _printf_core
    printfb.o(i.__0vprintf$bare) refers to uart.o(i.fputc) for fputc
    printfb.o(i.__0vprintf$bare) refers to stdout.o(.data) for __stdout
    printfb.o(i.__0vsnprintf$bare) refers to printfb.o(i._printf_core) for _printf_core
    printfb.o(i.__0vsnprintf$bare) refers to printfb.o(i._snputc) for _snputc
    printfb.o(i.__0vsprintf$bare) refers to printfb.o(i._printf_core) for _printf_core
    printfb.o(i.__0vsprintf$bare) refers to printfb.o(i._sputc) for _sputc
    printf0.o(i.__0fprintf$0) refers to printf0.o(i._printf_core) for _printf_core
    printf0.o(i.__0fprintf$0) refers to uart.o(i.fputc) for fputc
    printf0.o(i.__0printf$0) refers to printf0.o(i._printf_core) for _printf_core
    printf0.o(i.__0printf$0) refers to uart.o(i.fputc) for fputc
    printf0.o(i.__0printf$0) refers to stdout.o(.data) for __stdout
    printf0.o(i.__0snprintf$0) refers to printf0.o(i._printf_core) for _printf_core
    printf0.o(i.__0snprintf$0) refers to printf0.o(i._snputc) for _snputc
    printf0.o(i.__0sprintf$0) refers to printf0.o(i._printf_core) for _printf_core
    printf0.o(i.__0sprintf$0) refers to printf0.o(i._sputc) for _sputc
    printf0.o(i.__0vfprintf$0) refers to printf0.o(i._printf_core) for _printf_core
    printf0.o(i.__0vfprintf$0) refers to uart.o(i.fputc) for fputc
    printf0.o(i.__0vprintf$0) refers to printf0.o(i._printf_core) for _printf_core
    printf0.o(i.__0vprintf$0) refers to uart.o(i.fputc) for fputc
    printf0.o(i.__0vprintf$0) refers to stdout.o(.data) for __stdout
    printf0.o(i.__0vsnprintf$0) refers to printf0.o(i._printf_core) for _printf_core
    printf0.o(i.__0vsnprintf$0) refers to printf0.o(i._snputc) for _snputc
    printf0.o(i.__0vsprintf$0) refers to printf0.o(i._printf_core) for _printf_core
    printf0.o(i.__0vsprintf$0) refers to printf0.o(i._sputc) for _sputc
    printf1.o(i.__0fprintf$1) refers to printf1.o(i._printf_core) for _printf_core
    printf1.o(i.__0fprintf$1) refers to uart.o(i.fputc) for fputc
    printf1.o(i.__0printf$1) refers to printf1.o(i._printf_core) for _printf_core
    printf1.o(i.__0printf$1) refers to uart.o(i.fputc) for fputc
    printf1.o(i.__0printf$1) refers to stdout.o(.data) for __stdout
    printf1.o(i.__0snprintf$1) refers to printf1.o(i._printf_core) for _printf_core
    printf1.o(i.__0snprintf$1) refers to printf1.o(i._snputc) for _snputc
    printf1.o(i.__0sprintf$1) refers to printf1.o(i._printf_core) for _printf_core
    printf1.o(i.__0sprintf$1) refers to printf1.o(i._sputc) for _sputc
    printf1.o(i.__0vfprintf$1) refers to printf1.o(i._printf_core) for _printf_core
    printf1.o(i.__0vfprintf$1) refers to uart.o(i.fputc) for fputc
    printf1.o(i.__0vprintf$1) refers to printf1.o(i._printf_core) for _printf_core
    printf1.o(i.__0vprintf$1) refers to uart.o(i.fputc) for fputc
    printf1.o(i.__0vprintf$1) refers to stdout.o(.data) for __stdout
    printf1.o(i.__0vsnprintf$1) refers to printf1.o(i._printf_core) for _printf_core
    printf1.o(i.__0vsnprintf$1) refers to printf1.o(i._snputc) for _snputc
    printf1.o(i.__0vsprintf$1) refers to printf1.o(i._printf_core) for _printf_core
    printf1.o(i.__0vsprintf$1) refers to printf1.o(i._sputc) for _sputc
    printf1.o(i._printf_core) refers to uidiv.o(.text) for __aeabi_uidivmod
    printf2.o(i.__0fprintf$2) refers to printf2.o(i._printf_core) for _printf_core
    printf2.o(i.__0fprintf$2) refers to uart.o(i.fputc) for fputc
    printf2.o(i.__0printf$2) refers to printf2.o(i._printf_core) for _printf_core
    printf2.o(i.__0printf$2) refers to uart.o(i.fputc) for fputc
    printf2.o(i.__0printf$2) refers to stdout.o(.data) for __stdout
    printf2.o(i.__0snprintf$2) refers to printf2.o(i._printf_core) for _printf_core
    printf2.o(i.__0snprintf$2) refers to printf2.o(i._snputc) for _snputc
    printf2.o(i.__0sprintf$2) refers to printf2.o(i._printf_core) for _printf_core
    printf2.o(i.__0sprintf$2) refers to printf2.o(i._sputc) for _sputc
    printf2.o(i.__0vfprintf$2) refers to printf2.o(i._printf_core) for _printf_core
    printf2.o(i.__0vfprintf$2) refers to uart.o(i.fputc) for fputc
    printf2.o(i.__0vprintf$2) refers to printf2.o(i._printf_core) for _printf_core
    printf2.o(i.__0vprintf$2) refers to uart.o(i.fputc) for fputc
    printf2.o(i.__0vprintf$2) refers to stdout.o(.data) for __stdout
    printf2.o(i.__0vsnprintf$2) refers to printf2.o(i._printf_core) for _printf_core
    printf2.o(i.__0vsnprintf$2) refers to printf2.o(i._snputc) for _snputc
    printf2.o(i.__0vsprintf$2) refers to printf2.o(i._printf_core) for _printf_core
    printf2.o(i.__0vsprintf$2) refers to printf2.o(i._sputc) for _sputc
    printf3.o(i.__0fprintf$3) refers to printf3.o(i._printf_core) for _printf_core
    printf3.o(i.__0fprintf$3) refers to uart.o(i.fputc) for fputc
    printf3.o(i.__0printf$3) refers to printf3.o(i._printf_core) for _printf_core
    printf3.o(i.__0printf$3) refers to uart.o(i.fputc) for fputc
    printf3.o(i.__0printf$3) refers to stdout.o(.data) for __stdout
    printf3.o(i.__0snprintf$3) refers to printf3.o(i._printf_core) for _printf_core
    printf3.o(i.__0snprintf$3) refers to printf3.o(i._snputc) for _snputc
    printf3.o(i.__0sprintf$3) refers to printf3.o(i._printf_core) for _printf_core
    printf3.o(i.__0sprintf$3) refers to printf3.o(i._sputc) for _sputc
    printf3.o(i.__0vfprintf$3) refers to printf3.o(i._printf_core) for _printf_core
    printf3.o(i.__0vfprintf$3) refers to uart.o(i.fputc) for fputc
    printf3.o(i.__0vprintf$3) refers to printf3.o(i._printf_core) for _printf_core
    printf3.o(i.__0vprintf$3) refers to uart.o(i.fputc) for fputc
    printf3.o(i.__0vprintf$3) refers to stdout.o(.data) for __stdout
    printf3.o(i.__0vsnprintf$3) refers to printf3.o(i._printf_core) for _printf_core
    printf3.o(i.__0vsnprintf$3) refers to printf3.o(i._snputc) for _snputc
    printf3.o(i.__0vsprintf$3) refers to printf3.o(i._printf_core) for _printf_core
    printf3.o(i.__0vsprintf$3) refers to printf3.o(i._sputc) for _sputc
    printf3.o(i._printf_core) refers to uidiv.o(.text) for __aeabi_uidivmod
    printf4.o(i.__0fprintf$4) refers to printf4.o(i._printf_core) for _printf_core
    printf4.o(i.__0fprintf$4) refers to uart.o(i.fputc) for fputc
    printf4.o(i.__0printf$4) refers to printf4.o(i._printf_core) for _printf_core
    printf4.o(i.__0printf$4) refers to uart.o(i.fputc) for fputc
    printf4.o(i.__0printf$4) refers to stdout.o(.data) for __stdout
    printf4.o(i.__0snprintf$4) refers to printf4.o(i._printf_core) for _printf_core
    printf4.o(i.__0snprintf$4) refers to printf4.o(i._snputc) for _snputc
    printf4.o(i.__0sprintf$4) refers to printf4.o(i._printf_core) for _printf_core
    printf4.o(i.__0sprintf$4) refers to printf4.o(i._sputc) for _sputc
    printf4.o(i.__0vfprintf$4) refers to printf4.o(i._printf_core) for _printf_core
    printf4.o(i.__0vfprintf$4) refers to uart.o(i.fputc) for fputc
    printf4.o(i.__0vprintf$4) refers to printf4.o(i._printf_core) for _printf_core
    printf4.o(i.__0vprintf$4) refers to uart.o(i.fputc) for fputc
    printf4.o(i.__0vprintf$4) refers to stdout.o(.data) for __stdout
    printf4.o(i.__0vsnprintf$4) refers to printf4.o(i._printf_core) for _printf_core
    printf4.o(i.__0vsnprintf$4) refers to printf4.o(i._snputc) for _snputc
    printf4.o(i.__0vsprintf$4) refers to printf4.o(i._printf_core) for _printf_core
    printf4.o(i.__0vsprintf$4) refers to printf4.o(i._sputc) for _sputc
    printf4.o(i._printf_core) refers to uldiv.o(.text) for __aeabi_uldivmod
    printf5.o(i.__0fprintf$5) refers to printf5.o(i._printf_core) for _printf_core
    printf5.o(i.__0fprintf$5) refers to uart.o(i.fputc) for fputc
    printf5.o(i.__0printf$5) refers to printf5.o(i._printf_core) for _printf_core
    printf5.o(i.__0printf$5) refers to uart.o(i.fputc) for fputc
    printf5.o(i.__0printf$5) refers to stdout.o(.data) for __stdout
    printf5.o(i.__0snprintf$5) refers to printf5.o(i._printf_core) for _printf_core
    printf5.o(i.__0snprintf$5) refers to printf5.o(i._snputc) for _snputc
    printf5.o(i.__0sprintf$5) refers to printf5.o(i._printf_core) for _printf_core
    printf5.o(i.__0sprintf$5) refers to printf5.o(i._sputc) for _sputc
    printf5.o(i.__0vfprintf$5) refers to printf5.o(i._printf_core) for _printf_core
    printf5.o(i.__0vfprintf$5) refers to uart.o(i.fputc) for fputc
    printf5.o(i.__0vprintf$5) refers to printf5.o(i._printf_core) for _printf_core
    printf5.o(i.__0vprintf$5) refers to uart.o(i.fputc) for fputc
    printf5.o(i.__0vprintf$5) refers to stdout.o(.data) for __stdout
    printf5.o(i.__0vsnprintf$5) refers to printf5.o(i._printf_core) for _printf_core
    printf5.o(i.__0vsnprintf$5) refers to printf5.o(i._snputc) for _snputc
    printf5.o(i.__0vsprintf$5) refers to printf5.o(i._printf_core) for _printf_core
    printf5.o(i.__0vsprintf$5) refers to printf5.o(i._sputc) for _sputc
    printf5.o(i._printf_core) refers to uldiv.o(.text) for __aeabi_uldivmod
    printf6.o(i.__0fprintf$6) refers to printf6.o(i._printf_core) for _printf_core
    printf6.o(i.__0fprintf$6) refers to uart.o(i.fputc) for fputc
    printf6.o(i.__0printf$6) refers to printf6.o(i._printf_core) for _printf_core
    printf6.o(i.__0printf$6) refers to uart.o(i.fputc) for fputc
    printf6.o(i.__0printf$6) refers to stdout.o(.data) for __stdout
    printf6.o(i.__0snprintf$6) refers to printf6.o(i._printf_core) for _printf_core
    printf6.o(i.__0snprintf$6) refers to printf6.o(i._snputc) for _snputc
    printf6.o(i.__0sprintf$6) refers to printf6.o(i._printf_core) for _printf_core
    printf6.o(i.__0sprintf$6) refers to printf6.o(i._sputc) for _sputc
    printf6.o(i.__0vfprintf$6) refers to printf6.o(i._printf_core) for _printf_core
    printf6.o(i.__0vfprintf$6) refers to uart.o(i.fputc) for fputc
    printf6.o(i.__0vprintf$6) refers to printf6.o(i._printf_core) for _printf_core
    printf6.o(i.__0vprintf$6) refers to uart.o(i.fputc) for fputc
    printf6.o(i.__0vprintf$6) refers to stdout.o(.data) for __stdout
    printf6.o(i.__0vsnprintf$6) refers to printf6.o(i._printf_core) for _printf_core
    printf6.o(i.__0vsnprintf$6) refers to printf6.o(i._snputc) for _snputc
    printf6.o(i.__0vsprintf$6) refers to printf6.o(i._printf_core) for _printf_core
    printf6.o(i.__0vsprintf$6) refers to printf6.o(i._sputc) for _sputc
    printf6.o(i._printf_core) refers to printf6.o(i._printf_pre_padding) for _printf_pre_padding
    printf6.o(i._printf_core) refers to uidiv.o(.text) for __aeabi_uidivmod
    printf6.o(i._printf_core) refers to printf6.o(i._printf_post_padding) for _printf_post_padding
    printf7.o(i.__0fprintf$7) refers to printf7.o(i._printf_core) for _printf_core
    printf7.o(i.__0fprintf$7) refers to uart.o(i.fputc) for fputc
    printf7.o(i.__0printf$7) refers to printf7.o(i._printf_core) for _printf_core
    printf7.o(i.__0printf$7) refers to uart.o(i.fputc) for fputc
    printf7.o(i.__0printf$7) refers to stdout.o(.data) for __stdout
    printf7.o(i.__0snprintf$7) refers to printf7.o(i._printf_core) for _printf_core
    printf7.o(i.__0snprintf$7) refers to printf7.o(i._snputc) for _snputc
    printf7.o(i.__0sprintf$7) refers to printf7.o(i._printf_core) for _printf_core
    printf7.o(i.__0sprintf$7) refers to printf7.o(i._sputc) for _sputc
    printf7.o(i.__0vfprintf$7) refers to printf7.o(i._printf_core) for _printf_core
    printf7.o(i.__0vfprintf$7) refers to uart.o(i.fputc) for fputc
    printf7.o(i.__0vprintf$7) refers to printf7.o(i._printf_core) for _printf_core
    printf7.o(i.__0vprintf$7) refers to uart.o(i.fputc) for fputc
    printf7.o(i.__0vprintf$7) refers to stdout.o(.data) for __stdout
    printf7.o(i.__0vsnprintf$7) refers to printf7.o(i._printf_core) for _printf_core
    printf7.o(i.__0vsnprintf$7) refers to printf7.o(i._snputc) for _snputc
    printf7.o(i.__0vsprintf$7) refers to printf7.o(i._printf_core) for _printf_core
    printf7.o(i.__0vsprintf$7) refers to printf7.o(i._sputc) for _sputc
    printf7.o(i._printf_core) refers to printf7.o(i._printf_pre_padding) for _printf_pre_padding
    printf7.o(i._printf_core) refers to uldiv.o(.text) for __aeabi_uldivmod
    printf7.o(i._printf_core) refers to printf7.o(i._printf_post_padding) for _printf_post_padding
    printf8.o(i.__0fprintf$8) refers to printf8.o(i._printf_core) for _printf_core
    printf8.o(i.__0fprintf$8) refers to uart.o(i.fputc) for fputc
    printf8.o(i.__0printf$8) refers to printf8.o(i._printf_core) for _printf_core
    printf8.o(i.__0printf$8) refers to uart.o(i.fputc) for fputc
    printf8.o(i.__0printf$8) refers to stdout.o(.data) for __stdout
    printf8.o(i.__0snprintf$8) refers to printf8.o(i._printf_core) for _printf_core
    printf8.o(i.__0snprintf$8) refers to printf8.o(i._snputc) for _snputc
    printf8.o(i.__0sprintf$8) refers to printf8.o(i._printf_core) for _printf_core
    printf8.o(i.__0sprintf$8) refers to printf8.o(i._sputc) for _sputc
    printf8.o(i.__0vfprintf$8) refers to printf8.o(i._printf_core) for _printf_core
    printf8.o(i.__0vfprintf$8) refers to uart.o(i.fputc) for fputc
    printf8.o(i.__0vprintf$8) refers to printf8.o(i._printf_core) for _printf_core
    printf8.o(i.__0vprintf$8) refers to uart.o(i.fputc) for fputc
    printf8.o(i.__0vprintf$8) refers to stdout.o(.data) for __stdout
    printf8.o(i.__0vsnprintf$8) refers to printf8.o(i._printf_core) for _printf_core
    printf8.o(i.__0vsnprintf$8) refers to printf8.o(i._snputc) for _snputc
    printf8.o(i.__0vsprintf$8) refers to printf8.o(i._printf_core) for _printf_core
    printf8.o(i.__0vsprintf$8) refers to printf8.o(i._sputc) for _sputc
    printf8.o(i._printf_core) refers to printf8.o(i._printf_pre_padding) for _printf_pre_padding
    printf8.o(i._printf_core) refers to uldiv.o(.text) for __aeabi_uldivmod
    printf8.o(i._printf_core) refers to printf8.o(i._printf_post_padding) for _printf_post_padding
    printfa.o(i.__0fprintf) refers (Special) to iusefp.o(.text) for __I$use$fp
    printfa.o(i.__0fprintf) refers to printfa.o(i._printf_core) for _printf_core
    printfa.o(i.__0fprintf) refers to uart.o(i.fputc) for fputc
    printfa.o(i.__0printf) refers (Special) to iusefp.o(.text) for __I$use$fp
    printfa.o(i.__0printf) refers to printfa.o(i._printf_core) for _printf_core
    printfa.o(i.__0printf) refers to uart.o(i.fputc) for fputc
    printfa.o(i.__0printf) refers to stdout.o(.data) for __stdout
    printfa.o(i.__0snprintf) refers (Special) to iusefp.o(.text) for __I$use$fp
    printfa.o(i.__0snprintf) refers to printfa.o(i._printf_core) for _printf_core
    printfa.o(i.__0snprintf) refers to printfa.o(i._snputc) for _snputc
    printfa.o(i.__0sprintf) refers (Special) to iusefp.o(.text) for __I$use$fp
    printfa.o(i.__0sprintf) refers to printfa.o(i._printf_core) for _printf_core
    printfa.o(i.__0sprintf) refers to printfa.o(i._sputc) for _sputc
    printfa.o(i.__0vfprintf) refers (Special) to iusefp.o(.text) for __I$use$fp
    printfa.o(i.__0vfprintf) refers to printfa.o(i._printf_core) for _printf_core
    printfa.o(i.__0vfprintf) refers to uart.o(i.fputc) for fputc
    printfa.o(i.__0vprintf) refers (Special) to iusefp.o(.text) for __I$use$fp
    printfa.o(i.__0vprintf) refers to printfa.o(i._printf_core) for _printf_core
    printfa.o(i.__0vprintf) refers to uart.o(i.fputc) for fputc
    printfa.o(i.__0vprintf) refers to stdout.o(.data) for __stdout
    printfa.o(i.__0vsnprintf) refers (Special) to iusefp.o(.text) for __I$use$fp
    printfa.o(i.__0vsnprintf) refers to printfa.o(i._printf_core) for _printf_core
    printfa.o(i.__0vsnprintf) refers to printfa.o(i._snputc) for _snputc
    printfa.o(i.__0vsprintf) refers (Special) to iusefp.o(.text) for __I$use$fp
    printfa.o(i.__0vsprintf) refers to printfa.o(i._printf_core) for _printf_core
    printfa.o(i.__0vsprintf) refers to printfa.o(i._sputc) for _sputc
    printfa.o(i._fp_digits) refers (Special) to iusefp.o(.text) for __I$use$fp
    printfa.o(i._fp_digits) refers to dmul.o(.text) for __aeabi_dmul
    printfa.o(i._fp_digits) refers to ddiv.o(.text) for __aeabi_ddiv
    printfa.o(i._fp_digits) refers to cdrcmple.o(.text) for __aeabi_cdrcmple
    printfa.o(i._fp_digits) refers to dadd.o(.text) for __aeabi_dadd
    printfa.o(i._fp_digits) refers to dfixul.o(.text) for __aeabi_d2ulz
    printfa.o(i._fp_digits) refers to uldiv.o(.text) for __aeabi_uldivmod
    printfa.o(i._printf_core) refers (Special) to iusefp.o(.text) for __I$use$fp
    printfa.o(i._printf_core) refers to printfa.o(i._printf_pre_padding) for _printf_pre_padding
    printfa.o(i._printf_core) refers to uldiv.o(.text) for __aeabi_uldivmod
    printfa.o(i._printf_core) refers to printfa.o(i._printf_post_padding) for _printf_post_padding
    printfa.o(i._printf_core) refers to printfa.o(i._fp_digits) for _fp_digits
    printfa.o(i._printf_core) refers to uidiv.o(.text) for __aeabi_uidivmod
    printfa.o(i._printf_post_padding) refers (Special) to iusefp.o(.text) for __I$use$fp
    printfa.o(i._printf_pre_padding) refers (Special) to iusefp.o(.text) for __I$use$fp
    printfa.o(i._snputc) refers (Special) to iusefp.o(.text) for __I$use$fp
    printfa.o(i._sputc) refers (Special) to iusefp.o(.text) for __I$use$fp
    entry2.o(.ARM.Collect$$$$00000001) refers to entry2.o(.ARM.Collect$$$$00002712) for __lit__00000000
    entry2.o(.ARM.Collect$$$$00002712) refers to startup.o(STACK) for __initial_sp
    entry2.o(__vectab_stack_and_reset_area) refers to startup.o(STACK) for __initial_sp
    entry2.o(__vectab_stack_and_reset_area) refers to entry.o(.ARM.Collect$$$$00000000) for __main
    entry5.o(.ARM.Collect$$$$00000004) refers to init.o(.text) for __scatterload
    entry9a.o(.ARM.Collect$$$$0000000B) refers to main.o(i.main) for main
    entry9b.o(.ARM.Collect$$$$0000000C) refers to main.o(i.main) for main
    uldiv.o(.text) refers to llushr.o(.text) for __aeabi_llsr
    uldiv.o(.text) refers to llshl.o(.text) for __aeabi_llsl
    dadd.o(.text) refers to llshl.o(.text) for __aeabi_llsl
    dadd.o(.text) refers to llsshr.o(.text) for __aeabi_lasr
    dadd.o(.text) refers to depilogue.o(.text) for _double_epilogue
    dmul.o(.text) refers to depilogue.o(.text) for _double_epilogue
    ddiv.o(.text) refers to depilogue.o(.text) for _double_round
    dfixul.o(.text) refers to llushr.o(.text) for __aeabi_llsr
    dfixul.o(.text) refers to llshl.o(.text) for __aeabi_llsl
    init.o(.text) refers to entry5.o(.ARM.Collect$$$$00000004) for __main_after_scatterload
    depilogue.o(.text) refers to llshl.o(.text) for __aeabi_llsl
    depilogue.o(.text) refers to llushr.o(.text) for __aeabi_llsr


==============================================================================

Removing Unused input sections from the image.

    Removing startup.o(HEAP), (0 bytes).
    Removing startup.o(.text), (28 bytes).
    Removing main.o(i.WIFImain), (220 bytes).
    Removing main.o(i.main2), (140 bytes).
    Removing main.o(.constdata), (148 bytes).
    Removing main.o(.data), (120 bytes).
    Removing pll.o(i.PLL_Init), (124 bytes).
    Removing esp8266.o(i.DelayMs), (32 bytes).
    Removing esp8266.o(i.DelayMsSearching), (48 bytes).
    Removing esp8266.o(i.ESP8266ProcessInput), (148 bytes).
    Removing esp8266.o(i.ESP8266SendCommand), (26 bytes).
    Removing esp8266.o(i.ESP8266_CloseTCPConnection), (72 bytes).
    Removing esp8266.o(i.ESP8266_ConfigureAccessPoint), (120 bytes).
    Removing esp8266.o(i.ESP8266_DisableRXInterrupt), (12 bytes).
    Removing esp8266.o(i.ESP8266_DisableServer), (96 bytes).
    Removing esp8266.o(i.ESP8266_EnableRXInterrupt), (12 bytes).
    Removing esp8266.o(i.ESP8266_EnableServer), (56 bytes).
    Removing esp8266.o(i.ESP8266_GetIPAddress), (68 bytes).
    Removing esp8266.o(i.ESP8266_GetStatus), (72 bytes).
    Removing esp8266.o(i.ESP8266_GetVersionNumber), (68 bytes).
    Removing esp8266.o(i.ESP8266_Init), (508 bytes).
    Removing esp8266.o(i.ESP8266_InitUART), (272 bytes).
    Removing esp8266.o(i.ESP8266_JoinAccessPoint), (100 bytes).
    Removing esp8266.o(i.ESP8266_ListAccessPoints), (68 bytes).
    Removing esp8266.o(i.ESP8266_MakeTCPConnection), (100 bytes).
    Removing esp8266.o(i.ESP8266_PrintChar), (24 bytes).
    Removing esp8266.o(i.ESP8266_QuitAccessPoint), (68 bytes).
    Removing esp8266.o(i.ESP8266_Reset), (72 bytes).
    Removing esp8266.o(i.ESP8266_SendTCP), (128 bytes).
    Removing esp8266.o(i.ESP8266_SetConnectionMux), (88 bytes).
    Removing esp8266.o(i.ESP8266_SetDataTransmissionMode), (88 bytes).
    Removing esp8266.o(i.ESP8266_SetServerTimeout), (52 bytes).
    Removing esp8266.o(i.ESP8266_SetWifiMode), (104 bytes).
    Removing esp8266.o(i.HTTP_ServePage), (140 bytes).
    Removing esp8266.o(i.SearchStart), (48 bytes).
    Removing esp8266.o(i.ServerResponseSearchStart), (64 bytes).
    Removing esp8266.o(.constdata), (318 bytes).
    Removing uart.o(i.RxFifo_Get), (60 bytes).
    Removing uart.o(i.RxFifo_Init), (36 bytes).
    Removing uart.o(i.TxFifo_Init), (36 bytes).
    Removing uart.o(i.UART_InChar), (20 bytes).
    Removing uart.o(i.UART_InCharNonBlock), (20 bytes).
    Removing uart.o(i.UART_InString), (70 bytes).
    Removing uart.o(i.UART_InUDec), (76 bytes).
    Removing uart.o(i.UART_InUHex), (108 bytes).
    Removing uart.o(i.UART_Init), (200 bytes).
    Removing uart.o(i.UART_OutChar), (52 bytes).
    Removing uart.o(i.UART_OutString), (22 bytes).
    Removing uart.o(i.UART_OutUDec), (42 bytes).
    Removing uart.o(i.UART_OutUHex), (52 bytes).
    Removing uart.o(i.UART_OutputInit), (8 bytes).
    Removing uart.o(i.fputc), (16 bytes).
    Removing debug.o(i.Debug_Init), (12 bytes).
    Removing debug.o(i.Debug_Wait10ms), (8 bytes).
    Removing debug.o(i.LED_Init), (104 bytes).
    Removing debug.o(i.LED_RedOff), (12 bytes).
    Removing debug.o(i.LED_RedOn), (12 bytes).
    Removing debug.o(i.LED_RedToggle), (20 bytes).
    Removing debug.o(i.LED_YellowOff), (12 bytes).
    Removing debug.o(i.LED_YellowOn), (12 bytes).
    Removing debug.o(i.LED_YellowToggle), (20 bytes).
    Removing debug.o(i.SysTick_Init), (24 bytes).
    Removing debug.o(i.SysTick_Wait), (32 bytes).
    Removing debug.o(i.SysTick_Wait10ms), (16 bytes).
    Removing lcd.o(i.LCD_DrawBitmap), (38 bytes).
    Removing lcd.o(i.LCD_DrawCircle), (28 bytes).
    Removing lcd.o(i.LCD_DrawLine), (36 bytes).
    Removing lcd.o(i.LCD_FillRectangle), (38 bytes).
    Removing lcd.o(i.LCD_SetCursor), (16 bytes).
    Removing lcd.o(i.ST7735_Circle), (26 bytes).
    Removing lcd.o(i.ST7735_Line), (244 bytes).
    Removing st7735.o(i.Output_Clear), (10 bytes).
    Removing st7735.o(i.Output_Color), (12 bytes).
    Removing st7735.o(i.Output_Init), (16 bytes).
    Removing st7735.o(i.Output_Off), (8 bytes).
    Removing st7735.o(i.Output_On), (8 bytes).
    Removing st7735.o(i.ST7735_Color565), (24 bytes).
    Removing st7735.o(i.ST7735_DrawBitmap), (288 bytes).
    Removing st7735.o(i.ST7735_DrawChar), (268 bytes).
    Removing st7735.o(i.ST7735_DrawFastHLine), (124 bytes).
    Removing st7735.o(i.ST7735_DrawFastVLine), (124 bytes).
    Removing st7735.o(i.ST7735_InitB), (40 bytes).
    Removing st7735.o(i.ST7735_InvertDisplay), (22 bytes).
    Removing st7735.o(i.ST7735_OutUDec), (140 bytes).
    Removing st7735.o(i.ST7735_PlotBar), (88 bytes).
    Removing st7735.o(i.ST7735_PlotClear), (92 bytes).
    Removing st7735.o(i.ST7735_PlotLine), (264 bytes).
    Removing st7735.o(i.ST7735_PlotNext), (32 bytes).
    Removing st7735.o(i.ST7735_PlotNextErase), (64 bytes).
    Removing st7735.o(i.ST7735_PlotPoint), (152 bytes).
    Removing st7735.o(i.ST7735_PlotPoints), (172 bytes).
    Removing st7735.o(i.ST7735_PlotdBfs), (60 bytes).
    Removing st7735.o(i.ST7735_SetRotation), (212 bytes).
    Removing st7735.o(i.ST7735_SetTextColor), (12 bytes).
    Removing st7735.o(i.ST7735_SwapColor), (18 bytes).
    Removing st7735.o(i.ferror), (8 bytes).
    Removing st7735.o(i.fgetc), (6 bytes).
    Removing st7735.o(i.fillmessage), (72 bytes).
    Removing st7735.o(.bss), (12 bytes).
    Removing timer.o(i.Timer0A_Acknowledge), (12 bytes).
    Removing timer.o(i.Timer0A_Arm), (16 bytes).
    Removing timer.o(i.Timer0A_Disarm), (16 bytes).
    Removing timer.o(i.Timer0A_Init), (120 bytes).
    Removing timer.o(i.Timer0A_Period), (12 bytes).
    Removing timer.o(i.Timer0A_Start), (20 bytes).
    Removing timer.o(i.Timer0A_Stop), (20 bytes).
    Removing timer.o(i.Timer1A_Acknowledge), (12 bytes).
    Removing timer.o(i.Timer1A_Arm), (16 bytes).
    Removing timer.o(i.Timer1A_Disarm), (16 bytes).
    Removing timer.o(i.Timer1A_Init), (116 bytes).
    Removing timer.o(i.Timer1A_Period), (12 bytes).
    Removing timer.o(i.Timer1A_Start), (20 bytes).
    Removing timer.o(i.Timer1A_Stop), (20 bytes).
    Removing timer.o(i.Timer2A_Acknowledge), (12 bytes).
    Removing timer.o(i.Timer2A_Arm), (16 bytes).
    Removing timer.o(i.Timer2A_Disarm), (16 bytes).
    Removing timer.o(i.Timer2A_Init), (108 bytes).
    Removing timer.o(i.Timer2A_Period), (12 bytes).
    Removing timer.o(i.Timer2A_Start), (20 bytes).
    Removing timer.o(i.Timer2A_Stop), (20 bytes).
    Removing timer.o(i.Timer3A_Acknowledge), (12 bytes).
    Removing timer.o(i.Timer3A_Arm), (12 bytes).
    Removing timer.o(i.Timer3A_Disarm), (12 bytes).
    Removing timer.o(i.Timer3A_Init), (108 bytes).
    Removing timer.o(i.Timer3A_Period), (12 bytes).
    Removing timer.o(i.Timer3A_Start), (20 bytes).
    Removing timer.o(i.Timer3A_Stop), (20 bytes).
    Removing speaker.o(i.Speaker_Mute), (20 bytes).
    Removing keypad.o(i.Keypad_Init), (12 bytes).
    Removing keypad.o(i.Keypad_Read), (92 bytes).
    Removing keypad.o(i.PortC_Init), (104 bytes).
    Removing keypad.o(i.PortD_Init), (108 bytes).
    Removing sensor.o(i.PortB_Init), (200 bytes).
    Removing sensor.o(i.Sensor_Init), (20 bytes).
    Removing sensor.o(i.Sensor_Reset), (12 bytes).
    Removing sensor.o(i.Sensor_Triggered), (12 bytes).
    Removing dadd.o(.text), (334 bytes).
    Removing dmul.o(.text), (228 bytes).
    Removing ddiv.o(.text), (222 bytes).
    Removing dfixul.o(.text), (48 bytes).
    Removing cdrcmple.o(.text), (40 bytes).
    Removing depilogue.o(.text), (190 bytes).

142 unused section(s) (total 10198 bytes) removed from the image.

==============================================================================

Image Symbol Table

    Local Symbols

    Symbol Name                              Value     Ov Type        Size  Object(Section)

    RESET                                    0x00000000   Section      644  startup.o(RESET)
    ../clib/microlib/division.c              0x00000000   Number         0  uldiv.o ABSOLUTE
    ../clib/microlib/division.c              0x00000000   Number         0  uidiv.o ABSOLUTE
    ../clib/microlib/init/entry.s            0x00000000   Number         0  entry9a.o ABSOLUTE
    ../clib/microlib/init/entry.s            0x00000000   Number         0  entry10a.o ABSOLUTE
    ../clib/microlib/init/entry.s            0x00000000   Number         0  entry.o ABSOLUTE
    ../clib/microlib/init/entry.s            0x00000000   Number         0  entry2.o ABSOLUTE
    ../clib/microlib/init/entry.s            0x00000000   Number         0  entry5.o ABSOLUTE
    ../clib/microlib/init/entry.s            0x00000000   Number         0  entry7a.o ABSOLUTE
    ../clib/microlib/init/entry.s            0x00000000   Number         0  entry9b.o ABSOLUTE
    ../clib/microlib/init/entry.s            0x00000000   Number         0  entry11b.o ABSOLUTE
    ../clib/microlib/init/entry.s            0x00000000   Number         0  entry7b.o ABSOLUTE
    ../clib/microlib/init/entry.s            0x00000000   Number         0  entry11a.o ABSOLUTE
    ../clib/microlib/init/entry.s            0x00000000   Number         0  entry10b.o ABSOLUTE
    ../clib/microlib/init/entry.s            0x00000000   Number         0  entry8a.o ABSOLUTE
    ../clib/microlib/init/entry.s            0x00000000   Number         0  entry8b.o ABSOLUTE
    ../clib/microlib/longlong.c              0x00000000   Number         0  llsshr.o ABSOLUTE
    ../clib/microlib/longlong.c              0x00000000   Number         0  llushr.o ABSOLUTE
    ../clib/microlib/longlong.c              0x00000000   Number         0  llshl.o ABSOLUTE
    ../clib/microlib/printf/printf.c         0x00000000   Number         0  printf3.o ABSOLUTE
    ../clib/microlib/printf/printf.c         0x00000000   Number         0  printf1.o ABSOLUTE
    ../clib/microlib/printf/printf.c         0x00000000   Number         0  printf0.o ABSOLUTE
    ../clib/microlib/printf/printf.c         0x00000000   Number         0  printfb.o ABSOLUTE
    ../clib/microlib/printf/printf.c         0x00000000   Number         0  printf2.o ABSOLUTE
    ../clib/microlib/printf/printf.c         0x00000000   Number         0  printfa.o ABSOLUTE
    ../clib/microlib/printf/printf.c         0x00000000   Number         0  printf8.o ABSOLUTE
    ../clib/microlib/printf/printf.c         0x00000000   Number         0  printf7.o ABSOLUTE
    ../clib/microlib/printf/printf.c         0x00000000   Number         0  printf6.o ABSOLUTE
    ../clib/microlib/printf/printf.c         0x00000000   Number         0  printf5.o ABSOLUTE
    ../clib/microlib/printf/printf.c         0x00000000   Number         0  printf4.o ABSOLUTE
    ../clib/microlib/printf/stubs.s          0x00000000   Number         0  stubs.o ABSOLUTE
    ../clib/microlib/stdio/streams.c         0x00000000   Number         0  stdout.o ABSOLUTE
    ../clib/microlib/string/memcpy.c         0x00000000   Number         0  memcpya.o ABSOLUTE
    ../clib/microlib/string/memcpy.c         0x00000000   Number         0  memcpyb.o ABSOLUTE
    ../clib/microlib/string/strcpy.c         0x00000000   Number         0  strcpy.o ABSOLUTE
    ../clib/microlib/string/strlen.c         0x00000000   Number         0  strlen.o ABSOLUTE
    ../clib/microlib/string/strstr.c         0x00000000   Number         0  strstr.o ABSOLUTE
    ../clib/microlib/stubs.s                 0x00000000   Number         0  iusefp.o ABSOLUTE
    ../fplib/microlib/fpadd.c                0x00000000   Number         0  dadd.o ABSOLUTE
    ../fplib/microlib/fpdiv.c                0x00000000   Number         0  ddiv.o ABSOLUTE
    ../fplib/microlib/fpepilogue.c           0x00000000   Number         0  depilogue.o ABSOLUTE
    ../fplib/microlib/fpfix.c                0x00000000   Number         0  dfixul.o ABSOLUTE
    ../fplib/microlib/fpmul.c                0x00000000   Number         0  dmul.o ABSOLUTE
    Debug.c                                  0x00000000   Number         0  debug.o ABSOLUTE
    Keypad.c                                 0x00000000   Number         0  keypad.o ABSOLUTE
    LCD.c                                    0x00000000   Number         0  lcd.o ABSOLUTE
    ST7735.c                                 0x00000000   Number         0  st7735.o ABSOLUTE
    Sensor.c                                 0x00000000   Number         0  sensor.o ABSOLUTE
    Speaker.c                                0x00000000   Number         0  speaker.o ABSOLUTE
    Timer.c                                  0x00000000   Number         0  timer.o ABSOLUTE
    UART.c                                   0x00000000   Number         0  uart.o ABSOLUTE
    cdrcmple.s                               0x00000000   Number         0  cdrcmple.o ABSOLUTE
    dc.s                                     0x00000000   Number         0  dc.o ABSOLUTE
    esp8266.c                                0x00000000   Number         0  esp8266.o ABSOLUTE
    handlers.s                               0x00000000   Number         0  handlers.o ABSOLUTE
    init.s                                   0x00000000   Number         0  init.o ABSOLUTE
    main.c                                   0x00000000   Number         0  main.o ABSOLUTE
    pll.c                                    0x00000000   Number         0  pll.o ABSOLUTE
    startup.s                                0x00000000   Number         0  startup.o ABSOLUTE
    .ARM.Collect$$$$00000000                 0x00000284   Section        0  entry.o(.ARM.Collect$$$$00000000)
    .ARM.Collect$$$$00000001                 0x00000284   Section        4  entry2.o(.ARM.Collect$$$$00000001)
    .ARM.Collect$$$$00000004                 0x00000288   Section        4  entry5.o(.ARM.Collect$$$$00000004)
    .ARM.Collect$$$$00000008                 0x0000028c   Section        0  entry7b.o(.ARM.Collect$$$$00000008)
    .ARM.Collect$$$$0000000A                 0x0000028c   Section        0  entry8b.o(.ARM.Collect$$$$0000000A)
    .ARM.Collect$$$$0000000B                 0x0000028c   Section        8  entry9a.o(.ARM.Collect$$$$0000000B)
    .ARM.Collect$$$$0000000D                 0x00000294   Section        0  entry10a.o(.ARM.Collect$$$$0000000D)
    .ARM.Collect$$$$0000000F                 0x00000294   Section        0  entry11a.o(.ARM.Collect$$$$0000000F)
    .ARM.Collect$$$$00002712                 0x00000294   Section        4  entry2.o(.ARM.Collect$$$$00002712)
    __lit__00000000                          0x00000294   Data           4  entry2.o(.ARM.Collect$$$$00002712)
    .text                                    0x00000298   Section        0  strcpy.o(.text)
    .text                                    0x000002ac   Section       36  init.o(.text)
    i.Delay1ms                               0x000002d0   Section        0  st7735.o(i.Delay1ms)
    i.ESP8266FIFOtoBuffer                    0x000002f0   Section        0  esp8266.o(i.ESP8266FIFOtoBuffer)
    i.GPIOPortB_Handler                      0x0000036c   Section        0  sensor.o(i.GPIOPortB_Handler)
    i.LCD_Init                               0x00000384   Section        0  lcd.o(i.LCD_Init)
    i.LCD_OutString                          0x0000038e   Section        0  lcd.o(i.LCD_OutString)
    i.PWM_Init                               0x0000039c   Section        0  speaker.o(i.PWM_Init)
    PWM_Init                                 0x0000039d   Thumb Code    58  speaker.o(i.PWM_Init)
    i.PortB_Init                             0x000003e4   Section        0  speaker.o(i.PortB_Init)
    PortB_Init                               0x000003e5   Thumb Code    84  speaker.o(i.PortB_Init)
    i.RxFifo_Put                             0x00000444   Section        0  uart.o(i.RxFifo_Put)
    i.RxFifo_Size                            0x00000480   Section        0  uart.o(i.RxFifo_Size)
    i.ST7735_DrawCharS                       0x00000498   Section        0  st7735.o(i.ST7735_DrawCharS)
    i.ST7735_DrawPixel                       0x0000058c   Section        0  st7735.o(i.ST7735_DrawPixel)
    i.ST7735_DrawString                      0x000005d4   Section        0  st7735.o(i.ST7735_DrawString)
    i.ST7735_FillRect                        0x00000628   Section        0  st7735.o(i.ST7735_FillRect)
    i.ST7735_FillScreen                      0x000006d4   Section        0  st7735.o(i.ST7735_FillScreen)
    i.ST7735_InitR                           0x000006f8   Section        0  st7735.o(i.ST7735_InitR)
    i.ST7735_OutChar                         0x00000774   Section        0  st7735.o(i.ST7735_OutChar)
    i.ST7735_OutString                       0x00000848   Section        0  st7735.o(i.ST7735_OutString)
    i.ST7735_SetCursor                       0x00000860   Section        0  st7735.o(i.ST7735_SetCursor)
    i.SearchCheck                            0x00000880   Section        0  esp8266.o(i.SearchCheck)
    i.ServerResponseSearchCheck              0x000008d4   Section        0  esp8266.o(i.ServerResponseSearchCheck)
    i.Speaker_Init                           0x000009a8   Section        0  speaker.o(i.Speaker_Init)
    i.Speaker_Play                           0x000009bc   Section        0  speaker.o(i.Speaker_Play)
    i.TxFifo_Get                             0x000009d0   Section        0  uart.o(i.TxFifo_Get)
    i.TxFifo_Put                             0x00000a0c   Section        0  uart.o(i.TxFifo_Put)
    i.TxFifo_Size                            0x00000a48   Section        0  uart.o(i.TxFifo_Size)
    i.UART0_Handler                          0x00000a60   Section        0  uart.o(i.UART0_Handler)
    i.UART1_Handler                          0x00000ab8   Section        0  esp8266.o(i.UART1_Handler)
    i.UART_OutCharNonBlock                   0x00000ae8   Section        0  uart.o(i.UART_OutCharNonBlock)
    i.__scatterload_copy                     0x00000b1c   Section       14  handlers.o(i.__scatterload_copy)
    i.__scatterload_null                     0x00000b2a   Section        2  handlers.o(i.__scatterload_null)
    i.__scatterload_zeroinit                 0x00000b2c   Section       14  handlers.o(i.__scatterload_zeroinit)
    i.commandList                            0x00000b3a   Section        0  st7735.o(i.commandList)
    commandList                              0x00000b3b   Thumb Code    86  st7735.o(i.commandList)
    i.commonInit                             0x00000b90   Section        0  st7735.o(i.commonInit)
    commonInit                               0x00000b91   Thumb Code   340  st7735.o(i.commonInit)
    i.copyHardwareToSoftware                 0x00000d14   Section        0  uart.o(i.copyHardwareToSoftware)
    copyHardwareToSoftware                   0x00000d15   Thumb Code    40  uart.o(i.copyHardwareToSoftware)
    i.copySoftwareToHardware                 0x00000d40   Section        0  uart.o(i.copySoftwareToHardware)
    copySoftwareToHardware                   0x00000d41   Thumb Code    38  uart.o(i.copySoftwareToHardware)
    i.lc                                     0x00000d6c   Section        0  esp8266.o(i.lc)
    i.main                                   0x00000d7c   Section        0  main.o(i.main)
    i.pushColor                              0x00000da0   Section        0  st7735.o(i.pushColor)
    pushColor                                0x00000da1   Thumb Code    18  st7735.o(i.pushColor)
    i.setAddrWindow                          0x00000db4   Section        0  st7735.o(i.setAddrWindow)
    setAddrWindow                            0x00000db5   Thumb Code   106  st7735.o(i.setAddrWindow)
    i.writecommand                           0x00000e28   Section        0  st7735.o(i.writecommand)
    writecommand                             0x00000e29   Thumb Code    40  st7735.o(i.writecommand)
    i.writedata                              0x00000e58   Section        0  st7735.o(i.writedata)
    writedata                                0x00000e59   Thumb Code    24  st7735.o(i.writedata)
    .constdata                               0x00000e78   Section     2018  st7735.o(.constdata)
    Font                                     0x00000e78   Data        1275  st7735.o(.constdata)
    Bcmd                                     0x00001373   Data         103  st7735.o(.constdata)
    Rcmd1                                    0x000013da   Data          59  st7735.o(.constdata)
    Rcmd2green                               0x00001415   Data          13  st7735.o(.constdata)
    Rcmd2red                                 0x00001422   Data          13  st7735.o(.constdata)
    Rcmd3                                    0x0000142f   Data          43  st7735.o(.constdata)
    .data                                    0x20000000   Section       64  esp8266.o(.data)
    .data                                    0x20000040   Section       16  uart.o(.data)
    .data                                    0x20000050   Section       44  st7735.o(.data)
    _width                                   0x2000005a   Data           2  st7735.o(.data)
    _height                                  0x2000005c   Data           2  st7735.o(.data)
    ColStart                                 0x20000064   Data           1  st7735.o(.data)
    RowStart                                 0x20000065   Data           1  st7735.o(.data)
    Rotation                                 0x20000066   Data           1  st7735.o(.data)
    TabColor                                 0x20000067   Data           1  st7735.o(.data)
    .data                                    0x2000007c   Section        1  sensor.o(.data)
    triggered                                0x2000007c   Data           1  sensor.o(.data)
    .bss                                     0x20000080   Section     3104  esp8266.o(.bss)
    .bss                                     0x20000ca0   Section     2048  uart.o(.bss)
    RxFifo                                   0x20000ca0   Data        1024  uart.o(.bss)
    TxFifo                                   0x200010a0   Data        1024  uart.o(.bss)
    STACK                                    0x200014a0   Section     1024  startup.o(STACK)
    StackMem                                 0x200014a0   Data           0  startup.o(STACK)

    Global Symbols

    Symbol Name                              Value     Ov Type        Size  Object(Section)

    BuildAttributes$$THM_ISAv4$E$P$D$K$B$S$7EM$PE$A:L22UL41UL21$X:L11$S22US41US21$IEEE1$IW$USESV6$~STKCKD$USESV7$~SHL$OSPACE$ROPI$EBA8$MICROLIB$REQ8$PRES8$EABIv2 0x00000000   Number         0  anon$$obj.o ABSOLUTE
    __ARM_use_no_argv                        0x00000000   Number         0  main.o ABSOLUTE
    __Vectors                                0x00000000   Data           0  startup.o(RESET)
    _printf_a                                0x00000000   Number         0  stubs.o ABSOLUTE
    _printf_c                                0x00000000   Number         0  stubs.o ABSOLUTE
    _printf_charcount                        0x00000000   Number         0  stubs.o ABSOLUTE
    _printf_d                                0x00000000   Number         0  stubs.o ABSOLUTE
    _printf_e                                0x00000000   Number         0  stubs.o ABSOLUTE
    _printf_f                                0x00000000   Number         0  stubs.o ABSOLUTE
    _printf_flags                            0x00000000   Number         0  stubs.o ABSOLUTE
    _printf_fp_dec                           0x00000000   Number         0  stubs.o ABSOLUTE
    _printf_fp_hex                           0x00000000   Number         0  stubs.o ABSOLUTE
    _printf_g                                0x00000000   Number         0  stubs.o ABSOLUTE
    _printf_i                                0x00000000   Number         0  stubs.o ABSOLUTE
    _printf_int_dec                          0x00000000   Number         0  stubs.o ABSOLUTE
    _printf_l                                0x00000000   Number         0  stubs.o ABSOLUTE
    _printf_lc                               0x00000000   Number         0  stubs.o ABSOLUTE
    _printf_ll                               0x00000000   Number         0  stubs.o ABSOLUTE
    _printf_lld                              0x00000000   Number         0  stubs.o ABSOLUTE
    _printf_lli                              0x00000000   Number         0  stubs.o ABSOLUTE
    _printf_llo                              0x00000000   Number         0  stubs.o ABSOLUTE
    _printf_llu                              0x00000000   Number         0  stubs.o ABSOLUTE
    _printf_llx                              0x00000000   Number         0  stubs.o ABSOLUTE
    _printf_longlong_dec                     0x00000000   Number         0  stubs.o ABSOLUTE
    _printf_longlong_hex                     0x00000000   Number         0  stubs.o ABSOLUTE
    _printf_longlong_oct                     0x00000000   Number         0  stubs.o ABSOLUTE
    _printf_ls                               0x00000000   Number         0  stubs.o ABSOLUTE
    _printf_mbtowc                           0x00000000   Number         0  stubs.o ABSOLUTE
    _printf_n                                0x00000000   Number         0  stubs.o ABSOLUTE
    _printf_o                                0x00000000   Number         0  stubs.o ABSOLUTE
    _printf_p                                0x00000000   Number         0  stubs.o ABSOLUTE
    _printf_percent                          0x00000000   Number         0  stubs.o ABSOLUTE
    _printf_pre_padding                      0x00000000   Number         0  stubs.o ABSOLUTE
    _printf_return_value                     0x00000000   Number         0  stubs.o ABSOLUTE
    _printf_s                                0x00000000   Number         0  stubs.o ABSOLUTE
    _printf_sizespec                         0x00000000   Number         0  stubs.o ABSOLUTE
    _printf_str                              0x00000000   Number         0  stubs.o ABSOLUTE
    _printf_truncate_signed                  0x00000000   Number         0  stubs.o ABSOLUTE
    _printf_truncate_unsigned                0x00000000   Number         0  stubs.o ABSOLUTE
    _printf_u                                0x00000000   Number         0  stubs.o ABSOLUTE
    _printf_wc                               0x00000000   Number         0  stubs.o ABSOLUTE
    _printf_wctomb                           0x00000000   Number         0  stubs.o ABSOLUTE
    _printf_widthprec                        0x00000000   Number         0  stubs.o ABSOLUTE
    _printf_x                                0x00000000   Number         0  stubs.o ABSOLUTE
    __cpp_initialize__aeabi_                  - Undefined Weak Reference
    __cxa_finalize                            - Undefined Weak Reference
    __decompress                              - Undefined Weak Reference
    _clock_init                               - Undefined Weak Reference
    _microlib_exit                            - Undefined Weak Reference
    Reset_Handler                            0x0000026d   Thumb Code     0  startup.o(RESET)
    NMI_Handler                              0x00000271   Thumb Code     2  startup.o(RESET)
    HardFault_Handler                        0x00000273   Thumb Code     2  startup.o(RESET)
    MemManage_Handler                        0x00000275   Thumb Code     2  startup.o(RESET)
    BusFault_Handler                         0x00000277   Thumb Code     2  startup.o(RESET)
    UsageFault_Handler                       0x00000279   Thumb Code     2  startup.o(RESET)
    SVC_Handler                              0x0000027b   Thumb Code     2  startup.o(RESET)
    DebugMon_Handler                         0x0000027d   Thumb Code     2  startup.o(RESET)
    PendSV_Handler                           0x0000027f   Thumb Code     2  startup.o(RESET)
    SysTick_Handler                          0x00000281   Thumb Code     2  startup.o(RESET)
    ADC0Seq0_Handler                         0x00000283   Thumb Code     0  startup.o(RESET)
    ADC0Seq1_Handler                         0x00000283   Thumb Code     0  startup.o(RESET)
    ADC0Seq2_Handler                         0x00000283   Thumb Code     0  startup.o(RESET)
    ADC0Seq3_Handler                         0x00000283   Thumb Code     0  startup.o(RESET)
    ADC1Seq0_Handler                         0x00000283   Thumb Code     0  startup.o(RESET)
    ADC1Seq1_Handler                         0x00000283   Thumb Code     0  startup.o(RESET)
    ADC1Seq2_Handler                         0x00000283   Thumb Code     0  startup.o(RESET)
    ADC1Seq3_Handler                         0x00000283   Thumb Code     0  startup.o(RESET)
    CAN0_Handler                             0x00000283   Thumb Code     0  startup.o(RESET)
    CAN1_Handler                             0x00000283   Thumb Code     0  startup.o(RESET)
    CAN2_Handler                             0x00000283   Thumb Code     0  startup.o(RESET)
    Comp0_Handler                            0x00000283   Thumb Code     0  startup.o(RESET)
    Comp1_Handler                            0x00000283   Thumb Code     0  startup.o(RESET)
    Comp2_Handler                            0x00000283   Thumb Code     0  startup.o(RESET)
    Ethernet_Handler                         0x00000283   Thumb Code     0  startup.o(RESET)
    ExtBus_Handler                           0x00000283   Thumb Code     0  startup.o(RESET)
    FPU_Handler                              0x00000283   Thumb Code     0  startup.o(RESET)
    Fan0_Handler                             0x00000283   Thumb Code     0  startup.o(RESET)
    FlashCtl_Handler                         0x00000283   Thumb Code     0  startup.o(RESET)
    GPIOPortA_Handler                        0x00000283   Thumb Code     0  startup.o(RESET)
    GPIOPortC_Handler                        0x00000283   Thumb Code     0  startup.o(RESET)
    GPIOPortD_Handler                        0x00000283   Thumb Code     0  startup.o(RESET)
    GPIOPortE_Handler                        0x00000283   Thumb Code     0  startup.o(RESET)
    GPIOPortF_Handler                        0x00000283   Thumb Code     0  startup.o(RESET)
    GPIOPortG_Handler                        0x00000283   Thumb Code     0  startup.o(RESET)
    GPIOPortH_Handler                        0x00000283   Thumb Code     0  startup.o(RESET)
    GPIOPortJ_Handler                        0x00000283   Thumb Code     0  startup.o(RESET)
    GPIOPortK_Handler                        0x00000283   Thumb Code     0  startup.o(RESET)
    GPIOPortL_Handler                        0x00000283   Thumb Code     0  startup.o(RESET)
    GPIOPortM_Handler                        0x00000283   Thumb Code     0  startup.o(RESET)
    GPIOPortN_Handler                        0x00000283   Thumb Code     0  startup.o(RESET)
    GPIOPortP1_Handler                       0x00000283   Thumb Code     0  startup.o(RESET)
    GPIOPortP2_Handler                       0x00000283   Thumb Code     0  startup.o(RESET)
    GPIOPortP3_Handler                       0x00000283   Thumb Code     0  startup.o(RESET)
    GPIOPortP4_Handler                       0x00000283   Thumb Code     0  startup.o(RESET)
    GPIOPortP5_Handler                       0x00000283   Thumb Code     0  startup.o(RESET)
    GPIOPortP6_Handler                       0x00000283   Thumb Code     0  startup.o(RESET)
    GPIOPortP7_Handler                       0x00000283   Thumb Code     0  startup.o(RESET)
    GPIOPortP_Handler                        0x00000283   Thumb Code     0  startup.o(RESET)
    GPIOPortQ1_Handler                       0x00000283   Thumb Code     0  startup.o(RESET)
    GPIOPortQ2_Handler                       0x00000283   Thumb Code     0  startup.o(RESET)
    GPIOPortQ3_Handler                       0x00000283   Thumb Code     0  startup.o(RESET)
    GPIOPortQ4_Handler                       0x00000283   Thumb Code     0  startup.o(RESET)
    GPIOPortQ5_Handler                       0x00000283   Thumb Code     0  startup.o(RESET)
    GPIOPortQ6_Handler                       0x00000283   Thumb Code     0  startup.o(RESET)
    GPIOPortQ7_Handler                       0x00000283   Thumb Code     0  startup.o(RESET)
    GPIOPortQ_Handler                        0x00000283   Thumb Code     0  startup.o(RESET)
    GPIOPortR_Handler                        0x00000283   Thumb Code     0  startup.o(RESET)
    GPIOPortS_Handler                        0x00000283   Thumb Code     0  startup.o(RESET)
    Hibernate_Handler                        0x00000283   Thumb Code     0  startup.o(RESET)
    I2C0_Handler                             0x00000283   Thumb Code     0  startup.o(RESET)
    I2C1_Handler                             0x00000283   Thumb Code     0  startup.o(RESET)
    I2C2_Handler                             0x00000283   Thumb Code     0  startup.o(RESET)
    I2C3_Handler                             0x00000283   Thumb Code     0  startup.o(RESET)
    I2C4_Handler                             0x00000283   Thumb Code     0  startup.o(RESET)
    I2C5_Handler                             0x00000283   Thumb Code     0  startup.o(RESET)
    I2S0_Handler                             0x00000283   Thumb Code     0  startup.o(RESET)
    LPC0_Handler                             0x00000283   Thumb Code     0  startup.o(RESET)
    PECI0_Handler                            0x00000283   Thumb Code     0  startup.o(RESET)
    PWM0Fault_Handler                        0x00000283   Thumb Code     0  startup.o(RESET)
    PWM0Generator0_Handler                   0x00000283   Thumb Code     0  startup.o(RESET)
    PWM0Generator1_Handler                   0x00000283   Thumb Code     0  startup.o(RESET)
    PWM0Generator2_Handler                   0x00000283   Thumb Code     0  startup.o(RESET)
    PWM0Generator3_Handler                   0x00000283   Thumb Code     0  startup.o(RESET)
    PWM1Fault_Handler                        0x00000283   Thumb Code     0  startup.o(RESET)
    PWM1Generator0_Handler                   0x00000283   Thumb Code     0  startup.o(RESET)
    PWM1Generator1_Handler                   0x00000283   Thumb Code     0  startup.o(RESET)
    PWM1Generator2_Handler                   0x00000283   Thumb Code     0  startup.o(RESET)
    PWM1Generator3_Handler                   0x00000283   Thumb Code     0  startup.o(RESET)
    Quadrature0_Handler                      0x00000283   Thumb Code     0  startup.o(RESET)
    Quadrature1_Handler                      0x00000283   Thumb Code     0  startup.o(RESET)
    Quadrature2_Handler                      0x00000283   Thumb Code     0  startup.o(RESET)
    SSI0_Handler                             0x00000283   Thumb Code     0  startup.o(RESET)
    SSI1_Handler                             0x00000283   Thumb Code     0  startup.o(RESET)
    SSI2_Handler                             0x00000283   Thumb Code     0  startup.o(RESET)
    SSI3_Handler                             0x00000283   Thumb Code     0  startup.o(RESET)
    SysCtl_Handler                           0x00000283   Thumb Code     0  startup.o(RESET)
    Timer0A_Handler                          0x00000283   Thumb Code     0  startup.o(RESET)
    Timer0B_Handler                          0x00000283   Thumb Code     0  startup.o(RESET)
    Timer1A_Handler                          0x00000283   Thumb Code     0  startup.o(RESET)
    Timer1B_Handler                          0x00000283   Thumb Code     0  startup.o(RESET)
    Timer2A_Handler                          0x00000283   Thumb Code     0  startup.o(RESET)
    Timer2B_Handler                          0x00000283   Thumb Code     0  startup.o(RESET)
    Timer3A_Handler                          0x00000283   Thumb Code     0  startup.o(RESET)
    Timer3B_Handler                          0x00000283   Thumb Code     0  startup.o(RESET)
    Timer4A_Handler                          0x00000283   Thumb Code     0  startup.o(RESET)
    Timer4B_Handler                          0x00000283   Thumb Code     0  startup.o(RESET)
    Timer5A_Handler                          0x00000283   Thumb Code     0  startup.o(RESET)
    Timer5B_Handler                          0x00000283   Thumb Code     0  startup.o(RESET)
    UART2_Handler                            0x00000283   Thumb Code     0  startup.o(RESET)
    UART3_Handler                            0x00000283   Thumb Code     0  startup.o(RESET)
    UART4_Handler                            0x00000283   Thumb Code     0  startup.o(RESET)
    UART5_Handler                            0x00000283   Thumb Code     0  startup.o(RESET)
    UART6_Handler                            0x00000283   Thumb Code     0  startup.o(RESET)
    UART7_Handler                            0x00000283   Thumb Code     0  startup.o(RESET)
    USB0_Handler                             0x00000283   Thumb Code     0  startup.o(RESET)
    WDT_Handler                              0x00000283   Thumb Code     0  startup.o(RESET)
    WideTimer0A_Handler                      0x00000283   Thumb Code     0  startup.o(RESET)
    WideTimer0B_Handler                      0x00000283   Thumb Code     0  startup.o(RESET)
    WideTimer1A_Handler                      0x00000283   Thumb Code     0  startup.o(RESET)
    WideTimer1B_Handler                      0x00000283   Thumb Code     0  startup.o(RESET)
    WideTimer2A_Handler                      0x00000283   Thumb Code     0  startup.o(RESET)
    WideTimer2B_Handler                      0x00000283   Thumb Code     0  startup.o(RESET)
    WideTimer3A_Handler                      0x00000283   Thumb Code     0  startup.o(RESET)
    WideTimer3B_Handler                      0x00000283   Thumb Code     0  startup.o(RESET)
    WideTimer4A_Handler                      0x00000283   Thumb Code     0  startup.o(RESET)
    WideTimer4B_Handler                      0x00000283   Thumb Code     0  startup.o(RESET)
    WideTimer5A_Handler                      0x00000283   Thumb Code     0  startup.o(RESET)
    WideTimer5B_Handler                      0x00000283   Thumb Code     0  startup.o(RESET)
    uDMA_Error                               0x00000283   Thumb Code     0  startup.o(RESET)
    uDMA_Handler                             0x00000283   Thumb Code     0  startup.o(RESET)
    __main                                   0x00000285   Thumb Code     0  entry.o(.ARM.Collect$$$$00000000)
    _main_stk                                0x00000285   Thumb Code     0  entry2.o(.ARM.Collect$$$$00000001)
    _main_scatterload                        0x00000289   Thumb Code     0  entry5.o(.ARM.Collect$$$$00000004)
    __main_after_scatterload                 0x0000028d   Thumb Code     0  entry5.o(.ARM.Collect$$$$00000004)
    _main_clock                              0x0000028d   Thumb Code     0  entry7b.o(.ARM.Collect$$$$00000008)
    _main_cpp_init                           0x0000028d   Thumb Code     0  entry8b.o(.ARM.Collect$$$$0000000A)
    _main_init                               0x0000028d   Thumb Code     0  entry9a.o(.ARM.Collect$$$$0000000B)
    __rt_final_cpp                           0x00000295   Thumb Code     0  entry10a.o(.ARM.Collect$$$$0000000D)
    __rt_final_exit                          0x00000295   Thumb Code     0  entry11a.o(.ARM.Collect$$$$0000000F)
    strcpy                                   0x00000299   Thumb Code    18  strcpy.o(.text)
    __scatterload                            0x000002ad   Thumb Code    28  init.o(.text)
    __scatterload_rt2                        0x000002ad   Thumb Code     0  init.o(.text)
    Delay1ms                                 0x000002d1   Thumb Code    32  st7735.o(i.Delay1ms)
    ESP8266FIFOtoBuffer                      0x000002f1   Thumb Code   100  esp8266.o(i.ESP8266FIFOtoBuffer)
    GPIOPortB_Handler                        0x0000036d   Thumb Code    14  sensor.o(i.GPIOPortB_Handler)
    LCD_Init                                 0x00000385   Thumb Code    10  lcd.o(i.LCD_Init)
    LCD_OutString                            0x0000038f   Thumb Code    12  lcd.o(i.LCD_OutString)
    RxFifo_Put                               0x00000445   Thumb Code    48  uart.o(i.RxFifo_Put)
    RxFifo_Size                              0x00000481   Thumb Code    14  uart.o(i.RxFifo_Size)
    ST7735_DrawCharS                         0x00000499   Thumb Code   232  st7735.o(i.ST7735_DrawCharS)
    ST7735_DrawPixel                         0x0000058d   Thumb Code    64  st7735.o(i.ST7735_DrawPixel)
    ST7735_DrawString                        0x000005d5   Thumb Code    84  st7735.o(i.ST7735_DrawString)
    ST7735_FillRect                          0x00000629   Thumb Code   164  st7735.o(i.ST7735_FillRect)
    ST7735_FillScreen                        0x000006d5   Thumb Code    28  st7735.o(i.ST7735_FillScreen)
    ST7735_InitR                             0x000006f9   Thumb Code    90  st7735.o(i.ST7735_InitR)
    ST7735_OutChar                           0x00000775   Thumb Code   176  st7735.o(i.ST7735_OutChar)
    ST7735_OutString                         0x00000849   Thumb Code    22  st7735.o(i.ST7735_OutString)
    ST7735_SetCursor                         0x00000861   Thumb Code    22  st7735.o(i.ST7735_SetCursor)
    SearchCheck                              0x00000881   Thumb Code    68  esp8266.o(i.SearchCheck)
    ServerResponseSearchCheck                0x000008d5   Thumb Code   180  esp8266.o(i.ServerResponseSearchCheck)
    Speaker_Init                             0x000009a9   Thumb Code    20  speaker.o(i.Speaker_Init)
    Speaker_Play                             0x000009bd   Thumb Code    14  speaker.o(i.Speaker_Play)
    TxFifo_Get                               0x000009d1   Thumb Code    46  uart.o(i.TxFifo_Get)
    TxFifo_Put                               0x00000a0d   Thumb Code    48  uart.o(i.TxFifo_Put)
    TxFifo_Size                              0x00000a49   Thumb Code    14  uart.o(i.TxFifo_Size)
    UART0_Handler                            0x00000a61   Thumb Code    82  uart.o(i.UART0_Handler)
    UART1_Handler                            0x00000ab9   Thumb Code    44  esp8266.o(i.UART1_Handler)
    UART_OutCharNonBlock                     0x00000ae9   Thumb Code    46  uart.o(i.UART_OutCharNonBlock)
    __scatterload_copy                       0x00000b1d   Thumb Code    14  handlers.o(i.__scatterload_copy)
    __scatterload_null                       0x00000b2b   Thumb Code     2  handlers.o(i.__scatterload_null)
    __scatterload_zeroinit                   0x00000b2d   Thumb Code    14  handlers.o(i.__scatterload_zeroinit)
    lc                                       0x00000d6d   Thumb Code    14  esp8266.o(i.lc)
    main                                     0x00000d7d   Thumb Code    22  main.o(i.main)
    dBfs                                     0x0000145a   Data         512  st7735.o(.constdata)
    Region$$Table$$Base                      0x0000165c   Number         0  anon$$obj.o(Region$$Table)
    Region$$Table$$Limit                     0x0000167c   Number         0  anon$$obj.o(Region$$Table)
    RXBufferIndex                            0x20000000   Data           4  esp8266.o(.data)
    LastReturnIndex                          0x20000004   Data           4  esp8266.o(.data)
    CurrentReturnIndex                       0x20000008   Data           4  esp8266.o(.data)
    ServerResponseIndex                      0x2000000c   Data           4  esp8266.o(.data)
    ESP8266_ProcessBuffer                    0x20000010   Data           1  esp8266.o(.data)
    ESP8266_EchoResponse                     0x20000011   Data           1  esp8266.o(.data)
    ESP8266_ResponseComplete                 0x20000012   Data           1  esp8266.o(.data)
    ESP8266_APEnabled                        0x20000013   Data           1  esp8266.o(.data)
    ESP8266_ClientEnabled                    0x20000014   Data           1  esp8266.o(.data)
    ESP8266_ServerEnabled                    0x20000015   Data           1  esp8266.o(.data)
    ESP8266_InputProcessingEnabled           0x20000016   Data           1  esp8266.o(.data)
    ESP8266_PageRequested                    0x20000017   Data           1  esp8266.o(.data)
    SearchLooking                            0x20000018   Data           1  esp8266.o(.data)
    SearchFound                              0x20000019   Data           1  esp8266.o(.data)
    SearchIndex                              0x2000001c   Data           4  esp8266.o(.data)
    ServerResponseSearchString               0x20000020   Data          16  esp8266.o(.data)
    ServerResponseSearchFinished             0x20000030   Data           4  esp8266.o(.data)
    ServerResponseSearchIndex                0x20000034   Data           4  esp8266.o(.data)
    ServerResponseSearchLooking              0x20000038   Data           4  esp8266.o(.data)
    ESP8266_ServerPort                       0x2000003c   Data           2  esp8266.o(.data)
    ESP8266_ServerTimeout                    0x2000003e   Data           2  esp8266.o(.data)
    RxPutI                                   0x20000040   Data           4  uart.o(.data)
    RxGetI                                   0x20000044   Data           4  uart.o(.data)
    TxPutI                                   0x20000048   Data           4  uart.o(.data)
    TxGetI                                   0x2000004c   Data           4  uart.o(.data)
    StX                                      0x20000050   Data           4  st7735.o(.data)
    StY                                      0x20000054   Data           4  st7735.o(.data)
    StTextColor                              0x20000058   Data           2  st7735.o(.data)
    lastj                                    0x20000060   Data           4  st7735.o(.data)
    Messageindex                             0x20000068   Data           4  st7735.o(.data)
    Ymax                                     0x2000006c   Data           4  st7735.o(.data)
    Ymin                                     0x20000070   Data           4  st7735.o(.data)
    X                                        0x20000074   Data           4  st7735.o(.data)
    Yrange                                   0x20000078   Data           4  st7735.o(.data)
    RXBuffer                                 0x20000080   Data        1024  esp8266.o(.bss)
    TXBuffer                                 0x20000480   Data        1024  esp8266.o(.bss)
    ServerResponseBuffer                     0x20000880   Data        1024  esp8266.o(.bss)
    SearchString                             0x20000c80   Data          32  esp8266.o(.bss)
    __initial_sp                             0x200018a0   Data           0  startup.o(STACK)



==============================================================================

Memory Map of the image

  Image Entry point : 0x0000026d

  Load Region LR_1 (Base: 0x00000000, Size: 0x000016fc, Max: 0xffffffff, ABSOLUTE)

    Execution Region ER_RO (Base: 0x00000000, Size: 0x0000167c, Max: 0xffffffff, ABSOLUTE)

    Base Addr    Size         Type   Attr      Idx    E Section Name        Object

    0x00000000   0x00000284   Code   RO            3  * RESET               startup.o
    0x00000284   0x00000000   Code   RO         1143  * .ARM.Collect$$$$00000000  mc_w.l(entry.o)
    0x00000284   0x00000004   Code   RO         1417    .ARM.Collect$$$$00000001  mc_w.l(entry2.o)
    0x00000288   0x00000004   Code   RO         1420    .ARM.Collect$$$$00000004  mc_w.l(entry5.o)
    0x0000028c   0x00000000   Code   RO         1422    .ARM.Collect$$$$00000008  mc_w.l(entry7b.o)
    0x0000028c   0x00000000   Code   RO         1424    .ARM.Collect$$$$0000000A  mc_w.l(entry8b.o)
    0x0000028c   0x00000008   Code   RO         1425    .ARM.Collect$$$$0000000B  mc_w.l(entry9a.o)
    0x00000294   0x00000000   Code   RO         1427    .ARM.Collect$$$$0000000D  mc_w.l(entry10a.o)
    0x00000294   0x00000000   Code   RO         1429    .ARM.Collect$$$$0000000F  mc_w.l(entry11a.o)
    0x00000294   0x00000004   Code   RO         1418    .ARM.Collect$$$$00002712  mc_w.l(entry2.o)
    0x00000298   0x00000012   Code   RO         1152    .text               mc_w.l(strcpy.o)
    0x000002aa   0x00000002   PAD
    0x000002ac   0x00000024   Code   RO         1447    .text               mc_w.l(init.o)
    0x000002d0   0x00000020   Code   RO          601    i.Delay1ms          st7735.o
    0x000002f0   0x0000007c   Code   RO           98    i.ESP8266FIFOtoBuffer  esp8266.o
    0x0000036c   0x00000018   Code   RO         1106    i.GPIOPortB_Handler  sensor.o
    0x00000384   0x0000000a   Code   RO          544    i.LCD_Init          lcd.o
    0x0000038e   0x0000000c   Code   RO          545    i.LCD_OutString     lcd.o
    0x0000039a   0x00000002   PAD
    0x0000039c   0x00000048   Code   RO         1041    i.PWM_Init          speaker.o
    0x000003e4   0x00000060   Code   RO         1042    i.PortB_Init        speaker.o
    0x00000444   0x0000003c   Code   RO          313    i.RxFifo_Put        uart.o
    0x00000480   0x00000018   Code   RO          314    i.RxFifo_Size       uart.o
    0x00000498   0x000000f4   Code   RO          610    i.ST7735_DrawCharS  st7735.o
    0x0000058c   0x00000048   Code   RO          613    i.ST7735_DrawPixel  st7735.o
    0x000005d4   0x00000054   Code   RO          614    i.ST7735_DrawString  st7735.o
    0x00000628   0x000000ac   Code   RO          615    i.ST7735_FillRect   st7735.o
    0x000006d4   0x00000024   Code   RO          616    i.ST7735_FillScreen  st7735.o
    0x000006f8   0x0000007c   Code   RO          618    i.ST7735_InitR      st7735.o
    0x00000774   0x000000d4   Code   RO          620    i.ST7735_OutChar    st7735.o
    0x00000848   0x00000016   Code   RO          621    i.ST7735_OutString  st7735.o
    0x0000085e   0x00000002   PAD
    0x00000860   0x00000020   Code   RO          631    i.ST7735_SetCursor  st7735.o
    0x00000880   0x00000054   Code   RO          124    i.SearchCheck       esp8266.o
    0x000008d4   0x000000d4   Code   RO          126    i.ServerResponseSearchCheck  esp8266.o
    0x000009a8   0x00000014   Code   RO         1043    i.Speaker_Init      speaker.o
    0x000009bc   0x00000014   Code   RO         1045    i.Speaker_Play      speaker.o
    0x000009d0   0x0000003c   Code   RO          315    i.TxFifo_Get        uart.o
    0x00000a0c   0x0000003c   Code   RO          317    i.TxFifo_Put        uart.o
    0x00000a48   0x00000018   Code   RO          318    i.TxFifo_Size       uart.o
    0x00000a60   0x00000058   Code   RO          319    i.UART0_Handler     uart.o
    0x00000ab8   0x00000030   Code   RO          128    i.UART1_Handler     esp8266.o
    0x00000ae8   0x00000034   Code   RO          327    i.UART_OutCharNonBlock  uart.o
    0x00000b1c   0x0000000e   Code   RO         1459    i.__scatterload_copy  mc_w.l(handlers.o)
    0x00000b2a   0x00000002   Code   RO         1460    i.__scatterload_null  mc_w.l(handlers.o)
    0x00000b2c   0x0000000e   Code   RO         1461    i.__scatterload_zeroinit  mc_w.l(handlers.o)
    0x00000b3a   0x00000056   Code   RO          635    i.commandList       st7735.o
    0x00000b90   0x00000184   Code   RO          636    i.commonInit        st7735.o
    0x00000d14   0x0000002c   Code   RO          332    i.copyHardwareToSoftware  uart.o
    0x00000d40   0x0000002c   Code   RO          333    i.copySoftwareToHardware  uart.o
    0x00000d6c   0x0000000e   Code   RO          129    i.lc                esp8266.o
    0x00000d7a   0x00000002   PAD
    0x00000d7c   0x00000024   Code   RO           13    i.main              main.o
    0x00000da0   0x00000012   Code   RO          640    i.pushColor         st7735.o
    0x00000db2   0x00000002   PAD
    0x00000db4   0x00000074   Code   RO          641    i.setAddrWindow     st7735.o
    0x00000e28   0x00000030   Code   RO          642    i.writecommand      st7735.o
    0x00000e58   0x00000020   Code   RO          643    i.writedata         st7735.o
    0x00000e78   0x000007e2   Data   RO          645    .constdata          st7735.o
    0x0000165a   0x00000002   PAD
    0x0000165c   0x00000020   Data   RO         1457    Region$$Table       anon$$obj.o


    Execution Region ER_RW (Base: 0x20000000, Size: 0x00000080, Max: 0xffffffff, ABSOLUTE)

    Base Addr    Size         Type   Attr      Idx    E Section Name        Object

    0x20000000   0x00000040   Data   RW          132    .data               esp8266.o
    0x20000040   0x00000010   Data   RW          336    .data               uart.o
    0x20000050   0x0000002c   Data   RW          646    .data               st7735.o
    0x2000007c   0x00000001   Data   RW         1111    .data               sensor.o


    Execution Region ER_ZI (Base: 0x20000080, Size: 0x00001820, Max: 0xffffffff, ABSOLUTE)

    Base Addr    Size         Type   Attr      Idx    E Section Name        Object

    0x20000080   0x00000c20   Zero   RW          130    .bss                esp8266.o
    0x20000ca0   0x00000800   Zero   RW          335    .bss                uart.o
    0x200014a0   0x00000400   Zero   RW            1    STACK               startup.o


==============================================================================

Image component sizes


      Code (inc. data)   RO Data    RW Data    ZI Data      Debug   Object Name

       482         76          0         64       3104       4425   esp8266.o
        22          0          0          0          0       1275   lcd.o
        36         14          0          0          0       4647   main.o
        24         10          0          1          0        516   sensor.o
       208         32          0          0          0       1886   speaker.o
      1718        190       2018         44          0      11794   st7735.o
       644        620          0          0       1024        700   startup.o
       456         80          0         16       2048       4964   uart.o

    ----------------------------------------------------------------------
      3598       1022       2052        128       6176      30207   Object Totals
         0          0         32          0          0          0   (incl. Generated)
         8          0          2          3          0          0   (incl. Padding)

    ----------------------------------------------------------------------

      Code (inc. data)   RO Data    RW Data    ZI Data      Debug   Library Member Name

         0          0          0          0          0          0   entry.o
         0          0          0          0          0          0   entry10a.o
         0          0          0          0          0          0   entry11a.o
         8          4          0          0          0          0   entry2.o
         4          0          0          0          0          0   entry5.o
         0          0          0          0          0          0   entry7b.o
         0          0          0          0          0          0   entry8b.o
         8          4          0          0          0          0   entry9a.o
        30          0          0          0          0          0   handlers.o
        36          8          0          0          0         68   init.o
        18          0          0          0          0         68   strcpy.o

    ----------------------------------------------------------------------
       106         16          0          0          0        136   Library Totals
         2          0          0          0          0          0   (incl. Padding)

    ----------------------------------------------------------------------

      Code (inc. data)   RO Data    RW Data    ZI Data      Debug   Library Name

       104         16          0          0          0        136   mc_w.l

    ----------------------------------------------------------------------
       106         16          0          0          0        136   Library Totals

    ----------------------------------------------------------------------

==============================================================================


      Code (inc. data)   RO Data    RW Data    ZI Data      Debug   

      3704       1038       2052        128       6176      28523   Grand Totals
      3704       1038       2052        128       6176      28523   ELF Image Totals
      3704       1038       2052        128          0          0   ROM Totals

==============================================================================

    Total RO  Size (Code + RO Data)                 5756 (   5.62kB)
    Total RW  Size (RW Data + ZI Data)              6304 (   6.16kB)
    Total ROM Size (Code + RO Data + RW Data)       5884 (   5.75kB)

==============================================================================

