<html>
<body>
<pre>
<h1>µVision Build Log</h1>
<h2>Project:</h2>
C:\Users\ronny\Desktop\EE\445L\labs\lab7\ESP8266_4C123\espDemo.uvproj
Project File Date:  10/26/2016

<h2>Output:</h2>
Build target 'esp8266'
compiling main.c...
linking...
Program Size: Code=5240 RO-data=2052 RW-data=128 ZI-data=6176  
".\esp8266.axf" - 0 Error(s), 0 Warning(s).
Load "C:\\Users\\ronny\\Desktop\\EE\\445L\\labs\\lab7\\ESP8266_4C123\\esp8266.axf" 
Connecting: Mode=JTAG, Speed=1000000Hz
Erase Done.
Programming Done.
Verify OK.
a=2052 RW-data=128 ZI-data=6176  
".\esp8266.axf" - 0 Error(s), 0 Warning(s).
