<html>
<body>
<pre>
<h1>µVision Build Log</h1>
<h2>Project:</h2>
C:\Users\patg\EE445L\lab1parth\ST7735.uvproj
Project File Date:  08/30/2016

<h2>Output:</h2>
Build target 'ST7735'
compiling fixed.c...
fixed.c(157): warning:  #1-D: last line of file ends without a newline
      
fixed.c: 1 warning, 0 errors
linking...
Program Size: Code=3868 RO-data=4324 RW-data=96 ZI-data=1024  
".\ST7735.axf" - 0 Error(s), 1 Warning(s).
3): warning:  #177-D: variable "Xmax" was declared but never referenced
  static int32_t Xmin = 0, Xmax = 0, Ymin = 0, Ymax = 0;
fixed.c(123): warning:  #177-D: variable "Ymin" was declared but never referenced
  static int32_t Xmin = 0, Xmax = 0, Ymin = 0, Ymax = 0;
fixed.c(123): warning:  #177-D: variable "Ymax" was declared but never referenced
  static int32_t Xmin = 0, Xmax = 0, Ymin = 0, Ymax = 0;
fixed.c: 5 warnings, 0 errors
linking...
Program Size: Code=4448 RO-data=4324 RW-data=112 ZI-data=1024  
".\ST7735.axf" - 0 Error(s), 5 Warning(s).
