ARM Linker, 5.03 [Build 76] [MDK-ARM Lite]

==============================================================================

Section Cross References

    main.o(i.Crash) refers to led.o(i.LED_RedToggle) for LED_RedToggle
    main.o(i.GetWeather) refers to stopwatch.o(i.Stopwatch_Start) for Stopwatch_Start
    main.o(i.GetWeather) refers to main.o(i.HTTPGet) for HTTPGet
    main.o(i.GetWeather) refers to stopwatch.o(i.Stopwatch_Stop) for Stopwatch_Stop
    main.o(i.GetWeather) refers to strstr.o(.text) for strstr
    main.o(i.GetWeather) refers to uartstdio.o(i.UARTprintf) for UARTprintf
    main.o(i.GetWeather) refers to weather.o(i.Weather_Construct) for Weather_Construct
    main.o(i.GetWeather) refers to lcd.o(i.LCD_SetCursor) for LCD_SetCursor
    main.o(i.GetWeather) refers to f2d.o(.text) for __aeabi_f2d
    main.o(i.GetWeather) refers to printfa.o(i.__0printf) for __2printf
    main.o(i.GetWeather) refers to adcswtrigger.o(i.ADC0_In) for ADC0_In
    main.o(i.GetWeather) refers to dfltui.o(.text) for __aeabi_ui2d
    main.o(i.GetWeather) refers to dmul.o(.text) for __aeabi_dmul
    main.o(i.GetWeather) refers to dadd.o(.text) for __aeabi_drsub
    main.o(i.GetWeather) refers to d2f.o(.text) for __aeabi_d2f
    main.o(i.GetWeather) refers to printfa.o(i.__0sprintf) for __2sprintf
    main.o(i.GetWeather) refers to main.o(i.PostToServer) for PostToServer
    main.o(i.GetWeather) refers to main.o(.constdata) for .constdata
    main.o(i.GetWeather) refers to main.o(.bss) for .bss
    main.o(i.HTTPGet) refers to strcpy.o(.text) for strcpy
    main.o(i.HTTPGet) refers to strlen.o(.text) for strlen
    main.o(i.HTTPGet) refers to netapp.o(i.sl_NetAppDnsGetHostByName) for sl_NetAppDnsGetHostByName
    main.o(i.HTTPGet) refers to socket.o(i.sl_Htons) for sl_Htons
    main.o(i.HTTPGet) refers to socket.o(i.sl_Htonl) for sl_Htonl
    main.o(i.HTTPGet) refers to socket.o(i.sl_Socket) for sl_Socket
    main.o(i.HTTPGet) refers to socket.o(i.sl_Connect) for sl_Connect
    main.o(i.HTTPGet) refers to socket.o(i.sl_Send) for sl_Send
    main.o(i.HTTPGet) refers to socket.o(i.sl_Recv) for sl_Recv
    main.o(i.HTTPGet) refers to socket.o(i.sl_Close) for sl_Close
    main.o(i.HTTPGet) refers to led.o(i.LED_GreenOn) for LED_GreenOn
    main.o(i.HTTPGet) refers to main.o(.bss) for .bss
    main.o(i.HTTPGet) refers to main.o(.data) for .data
    main.o(i.PostToServer) refers to printfa.o(i.__0sprintf) for __2sprintf
    main.o(i.PostToServer) refers to uartstdio.o(i.UARTprintf) for UARTprintf
    main.o(i.PostToServer) refers to main.o(i.HTTPGet) for HTTPGet
    main.o(i.PostToServer) refers to main.o(.constdata) for .constdata
    main.o(i.SimpleLinkGeneralEventHandler) refers to uartstdio.o(i.UARTprintf) for UARTprintf
    main.o(i.SimpleLinkHttpServerCallback) refers to uartstdio.o(i.UARTprintf) for UARTprintf
    main.o(i.SimpleLinkNetAppEventHandler) refers to uartstdio.o(i.UARTprintf) for UARTprintf
    main.o(i.SimpleLinkNetAppEventHandler) refers to main.o(.data) for .data
    main.o(i.SimpleLinkSockEventHandler) refers to uartstdio.o(i.UARTprintf) for UARTprintf
    main.o(i.SimpleLinkSockEventHandler) refers to main.o(.constdata) for .constdata
    main.o(i.SimpleLinkWlanEventHandler) refers to uartstdio.o(i.UARTprintf) for UARTprintf
    main.o(i.SimpleLinkWlanEventHandler) refers to main.o(.data) for .data
    main.o(i.UART_Init) refers to sysctl.o(i.SysCtlPeripheralEnable) for SysCtlPeripheralEnable
    main.o(i.UART_Init) refers to gpio.o(i.GPIOPinConfigure) for GPIOPinConfigure
    main.o(i.UART_Init) refers to gpio.o(i.GPIOPinTypeUART) for GPIOPinTypeUART
    main.o(i.UART_Init) refers to uartstdio.o(i.UARTStdioConfig) for UARTStdioConfig
    main.o(i.configureSimpleLinkToDefaultState) refers to memseta.o(.text) for __aeabi_memclr4
    main.o(i.configureSimpleLinkToDefaultState) refers to device.o(i.sl_Start) for sl_Start
    main.o(i.configureSimpleLinkToDefaultState) refers to wlan.o(i.sl_WlanSetMode) for sl_WlanSetMode
    main.o(i.configureSimpleLinkToDefaultState) refers to device.o(i.sl_Stop) for sl_Stop
    main.o(i.configureSimpleLinkToDefaultState) refers to device.o(i.sl_DevGet) for sl_DevGet
    main.o(i.configureSimpleLinkToDefaultState) refers to wlan.o(i.sl_WlanPolicySet) for sl_WlanPolicySet
    main.o(i.configureSimpleLinkToDefaultState) refers to wlan.o(i.sl_WlanProfileDel) for sl_WlanProfileDel
    main.o(i.configureSimpleLinkToDefaultState) refers to wlan.o(i.sl_WlanDisconnect) for sl_WlanDisconnect
    main.o(i.configureSimpleLinkToDefaultState) refers to netcfg.o(i.sl_NetCfgSet) for sl_NetCfgSet
    main.o(i.configureSimpleLinkToDefaultState) refers to wlan.o(i.sl_WlanSet) for sl_WlanSet
    main.o(i.configureSimpleLinkToDefaultState) refers to netapp.o(i.sl_NetAppMDNSUnRegisterService) for sl_NetAppMDNSUnRegisterService
    main.o(i.configureSimpleLinkToDefaultState) refers to main.o(.data) for .data
[...]
    gpio.c                                   0x00000000   Number         0  gpio.o ABSOLUTE
    handlers.s                               0x00000000   Number         0  handlers.o ABSOLUTE
    init.s                                   0x00000000   Number         0  init.o ABSOLUTE
    interrupt.c                              0x00000000   Number         0  interrupt.o ABSOLUTE
    main.c                                   0x00000000   Number         0  main.o ABSOLUTE
    ssi.c                                    0x00000000   Number         0  ssi.o ABSOLUTE
    startup_rvmdk.S                          0x00000000   Number         0  startup_rvmdk.o ABSOLUTE
    sysctl.c                                 0x00000000   Number         0  sysctl.o ABSOLUTE
    sysctl.c                                 0x00000000   Number         0  sysctl.o ABSOLUTE
    uart.c                                   0x00000000   Number         0  uart.o ABSOLUTE
    utils\uartstdio.c                        0x00000000   Number         0  uartstdio.o ABSOLUTE
    utils\ustdlib.c                          0x00000000   Number         0  ustdlib.o ABSOLUTE
    $v0                                      0x0000026c   Number         0  startup_rvmdk.o(RESET)
    NmiSR                                    0x00000281   Thumb Code     0  startup_rvmdk.o(RESET)
    FaultISR                                 0x00000283   Thumb Code     0  startup_rvmdk.o(RESET)
    IntDefaultHandler                        0x00000285   Thumb Code     0  startup_rvmdk.o(RESET)
    .ARM.Collect$$$$00000000                 0x00000288   Section        0  entry.o(.ARM.Collect$$$$00000000)
    .ARM.Collect$$$$00000001                 0x00000288   Section        4  entry2.o(.ARM.Collect$$$$00000001)
    .ARM.Collect$$$$00000004                 0x0000028c   Section        4  entry5.o(.ARM.Collect$$$$00000004)
    .ARM.Collect$$$$00000008                 0x00000290   Section        0  entry7b.o(.ARM.Collect$$$$00000008)
    .ARM.Collect$$$$0000000A                 0x00000290   Section        0  entry8b.o(.ARM.Collect$$$$0000000A)
    .ARM.Collect$$$$0000000B                 0x00000290   Section        8  entry9a.o(.ARM.Collect$$$$0000000B)
    .ARM.Collect$$$$0000000D                 0x00000298   Section        0  entry10a.o(.ARM.Collect$$$$0000000D)
    .ARM.Collect$$$$0000000F                 0x00000298   Section        0  entry11a.o(.ARM.Collect$$$$0000000F)
    .ARM.Collect$$$$00002712                 0x00000298   Section        4  entry2.o(.ARM.Collect$$$$00002712)
    __lit__00000000                          0x00000298   Data           4  entry2.o(.ARM.Collect$$$$00002712)
    .emb_text                                0x0000029c   Section        6  sysctl.o(.emb_text)
    $v0                                      0x0000029c   Number         0  sysctl.o(.emb_text)
    .emb_text                                0x000002a4   Section       38  cpu.o(.emb_text)
    $v0                                      0x000002a4   Number         0  cpu.o(.emb_text)
    .text                                    0x000002ca   Section        0  memcpya.o(.text)
    .text                                    0x000002ee   Section        0  memseta.o(.text)
    .text                                    0x00000312   Section        0  strstr.o(.text)
    .text                                    0x00000336   Section        0  strlen.o(.text)
    .text                                    0x00000344   Section        0  strcpy.o(.text)
    .text                                    0x00000358   Section        0  __0sscanf.o(.text)
    .text                                    0x00000390   Section        0  _scanf_int.o(.text)
    .text                                    0x000004e0   Section        0  _scanf_str.o(.text)
    .text                                    0x000005bc   Section        0  scanf_fp.o(.text)
    _fp_value                                0x000005bd   Thumb Code   256  scanf_fp.o(.text)
    .text                                    0x000008f8   Section        0  dadd.o(.text)
    .text                                    0x00000a46   Section        0  dmul.o(.text)
    .text                                    0x00000b2a   Section        0  dfltui.o(.text)
    .text                                    0x00000b44   Section        0  f2d.o(.text)
    .text                                    0x00000b6a   Section        0  d2f.o(.text)
    .text                                    0x00000ba2   Section        0  uidiv.o(.text)
    .text                                    0x00000bce   Section        0  uldiv.o(.text)
    .text                                    0x00000c30   Section        0  llshl.o(.text)
    .text                                    0x00000c4e   Section        0  llsshr.o(.text)
    .text                                    0x00000c72   Section        0  _chval.o(.text)
    .text                                    0x00000c90   Section        0  scanf_char.o(.text)
    _scanf_char_input                        0x00000c91   Thumb Code    12  scanf_char.o(.text)
    .text                                    0x00000cb8   Section        0  _sgetc.o(.text)
    .text                                    0x00000cf8   Section        0  fepilogue.o(.text)
    .text                                    0x00000cf8   Section        0  iusefp.o(.text)
    .text                                    0x00000d64   Section        0  depilogue.o(.text)
    .text                                    0x00000e22   Section        0  ddiv.o(.text)
    .text                                    0x00000f00   Section        0  dfltul.o(.text)
    .text                                    0x00000f18   Section        0  dfixul.o(.text)
    .text                                    0x00000f48   Section       40  cdrcmple.o(.text)
    .text                                    0x00000f70   Section       36  init.o(.text)
    .text                                    0x00000f94   Section        0  llushr.o(.text)
    .text                                    0x00000fb4   Section        0  isspace_c.o(.text)
    .text                                    0x00000fc0   Section        0  _scanf.o(.text)
    .text                                    0x000012ec   Section        0  ctype_c.o(.text)
    i.ADC0_In                                0x00001314   Section        0  adcswtrigger.o(i.ADC0_In)
    i.ADC0_Init                              0x00001330   Section        0  adcswtrigger.o(i.ADC0_Init)
    i.Board_Input                            0x000013ac   Section        0  led.o(i.Board_Input)
    i.CC3100_InterruptDisable                0x000013c0   Section        0  board.o(i.CC3100_InterruptDisable)
    i.CC3100_InterruptEnable                 0x000013cc   Section        0  board.o(i.CC3100_InterruptEnable)
    i.CC3100_disable                         0x000013d8   Section        0  board.o(i.CC3100_disable)
    i.CC3100_enable                          0x000013e8   Section        0  board.o(i.CC3100_enable)
    i.CopyPingResultsToReport                0x000013f8   Section        0  netapp.o(i.CopyPingResultsToReport)
    i.Crash                                  0x00001412   Section        0  main.o(i.Crash)
    i.Delay1ms                               0x00001424   Section        0  st7735.o(i.Delay1ms)
    i.FPUEnable                              0x00001440   Section        0  fpu.o(i.FPUEnable)
    i.FPULazyStackingEnable                  0x00001450   Section        0  fpu.o(i.FPULazyStackingEnable)
    i.GPIOB_intHandler                       0x00001460   Section        0  board.o(i.GPIOB_intHandler)
    i.GPIODirModeSet                         0x00001494   Section        0  gpio.o(i.GPIODirModeSet)
    i.GPIOIntClear                           0x000014bc   Section        0  gpio.o(i.GPIOIntClear)
    i.GPIOIntDisable                         0x000014c2   Section        0  gpio.o(i.GPIOIntDisable)
    i.GPIOIntEnable                          0x000014d0   Section        0  gpio.o(i.GPIOIntEnable)
    i.GPIOIntStatus                          0x000014de   Section        0  gpio.o(i.GPIOIntStatus)
    i.GPIOIntTypeSet                         0x000014ec   Section        0  gpio.o(i.GPIOIntTypeSet)
    i.GPIOPadConfigSet                       0x0000153c   Section        0  gpio.o(i.GPIOPadConfigSet)
    i.GPIOPinConfigure                       0x00001678   Section        0  gpio.o(i.GPIOPinConfigure)
    i.GPIOPinTypeGPIOInput                   0x000016c0   Section        0  gpio.o(i.GPIOPinTypeGPIOInput)
    i.GPIOPinTypeGPIOOutput                  0x000016dc   Section        0  gpio.o(i.GPIOPinTypeGPIOOutput)
    i.GPIOPinTypeSSI                         0x000016f8   Section        0  gpio.o(i.GPIOPinTypeSSI)
    i.GPIOPinTypeUART                        0x00001714   Section        0  gpio.o(i.GPIOPinTypeUART)
    i.GPIOPinWrite                           0x00001730   Section        0  gpio.o(i.GPIOPinWrite)
    i.GetStartResponseConvert                0x00001736   Section        0  device.o(i.GetStartResponseConvert)
    i.GetWeather                             0x0000177c   Section        0  main.o(i.GetWeather)
    GetWeather                               0x0000177d   Thumb Code   216  main.o(i.GetWeather)
    i.HTTPGet                                0x00001920   Section        0  main.o(i.HTTPGet)
    HTTPGet                                  0x00001921   Thumb Code   156  main.o(i.HTTPGet)
    i.IntEnable                              0x000019cc   Section        0  interrupt.o(i.IntEnable)
    i.IntMasterEnable                        0x00001a30   Section        0  interrupt.o(i.IntMasterEnable)
    i.IsBufferEmpty                          0x00001a3e   Section        0  uartstdio.o(i.IsBufferEmpty)
    IsBufferEmpty                            0x00001a3f   Thumb Code    16  uartstdio.o(i.IsBufferEmpty)
    i.IsBufferFull                           0x00001a4e   Section        0  uartstdio.o(i.IsBufferFull)
    IsBufferFull                             0x00001a4f   Thumb Code    26  uartstdio.o(i.IsBufferFull)
    i.LCD_Init                               0x00001a68   Section        0  lcd.o(i.LCD_Init)
    i.LCD_SetCursor                          0x00001a6e   Section        0  lcd.o(i.LCD_SetCursor)
    i.LED_GreenOff                           0x00001a74   Section        0  led.o(i.LED_GreenOff)
    i.LED_GreenOn                            0x00001a80   Section        0  led.o(i.LED_GreenOn)
    i.LED_Init                               0x00001a8c   Section        0  led.o(i.LED_Init)
    i.LED_RedToggle                          0x00001af0   Section        0  led.o(i.LED_RedToggle)
    i.PostToServer                           0x00001b00   Section        0  main.o(i.PostToServer)
    PostToServer                             0x00001b01   Thumb Code    38  main.o(i.PostToServer)
    i.SSIConfigSetExpClk                     0x00001b38   Section        0  ssi.o(i.SSIConfigSetExpClk)
    i.SSIDataGetNonBlocking                  0x00001b82   Section        0  ssi.o(i.SSIDataGetNonBlocking)
    i.SSIDataPutNonBlocking                  0x00001b96   Section        0  ssi.o(i.SSIDataPutNonBlocking)
    i.SSIEnable                              0x00001ba6   Section        0  ssi.o(i.SSIEnable)
    i.ST7735_DrawCharS                       0x00001bb0   Section        0  st7735.o(i.ST7735_DrawCharS)
    i.ST7735_DrawPixel                       0x00001c6c   Section        0  st7735.o(i.ST7735_DrawPixel)
    i.ST7735_DrawString                      0x00001ca8   Section        0  st7735.o(i.ST7735_DrawString)
    i.ST7735_FillRect                        0x00001cfc   Section        0  st7735.o(i.ST7735_FillRect)
    i.ST7735_FillScreen                      0x00001d74   Section        0  st7735.o(i.ST7735_FillScreen)
    i.ST7735_InitR                           0x00001d90   Section        0  st7735.o(i.ST7735_InitR)
    i.ST7735_OutChar                         0x00001df8   Section        0  st7735.o(i.ST7735_OutChar)
    i.ST7735_SetCursor                       0x00001e9c   Section        0  st7735.o(i.ST7735_SetCursor)
    i.SimpleLinkHttpServerCallback           0x00001eb0   Section        0  main.o(i.SimpleLinkHttpServerCallback)
    i.SimpleLinkNetAppEventHandler           0x00001edc   Section        0  main.o(i.SimpleLinkNetAppEventHandler)
    i.SimpleLinkWlanEventHandler             0x00001f1c   Section        0  main.o(i.SimpleLinkWlanEventHandler)
    i.Stopwatch_Start                        0x00001fec   Section        0  stopwatch.o(i.Stopwatch_Start)
    i.Stopwatch_Stop                         0x00002002   Section        0  stopwatch.o(i.Stopwatch_Stop)
    i.SysCtlClockGet                         0x00002014   Section        0  sysctl.o(i.SysCtlClockGet)
    i.SysCtlClockSet                         0x00002178   Section        0  sysctl.o(i.SysCtlClockSet)
    i.SysCtlPeripheralEnable                 0x00002298   Section        0  sysctl.o(i.SysCtlPeripheralEnable)
    i.UARTFlushRx                            0x000022c0   Section        0  uartstdio.o(i.UARTFlushRx)
    i.UARTFlushTx                            0x000022e8   Section        0  uartstdio.o(i.UARTFlushTx)
    i.UARTPrimeTransmit                      0x00002320   Section        0  uartstdio.o(i.UARTPrimeTransmit)
    UARTPrimeTransmit                        0x00002321   Thumb Code   108  uartstdio.o(i.UARTPrimeTransmit)
    i.UARTStdioConfig                        0x00002398   Section        0  uartstdio.o(i.UARTStdioConfig)
    i.UARTStdioIntHandler                    0x00002430   Section        0  uartstdio.o(i.UARTStdioIntHandler)
    i.UART_Init                              0x00002538   Section        0  main.o(i.UART_Init)
    i.UARTprintf                             0x0000257c   Section        0  uartstdio.o(i.UARTprintf)
    i.UARTvprintf                            0x00002590   Section        0  uartstdio.o(i.UARTvprintf)
    i.UARTwrite                              0x00002744   Section        0  uartstdio.o(i.UARTwrite)
    i.Weather_Construct                      0x000027d4   Section        0  weather.o(i.Weather_Construct)
    i._SlAsyncEventGenericHandler            0x00002968   Section        0  driver.o(i._SlAsyncEventGenericHandler)
    i._SlDrvBasicCmd                         0x00002c48   Section        0  driver.o(i._SlDrvBasicCmd)
    i._SlDrvClassifyRxMsg                    0x00002c70   Section        0  driver.o(i._SlDrvClassifyRxMsg)
    i._SlDrvCmdOp                            0x00002cf8   Section        0  driver.o(i._SlDrvCmdOp)
    i._SlDrvCmdSend                          0x00002d4c   Section        0  driver.o(i._SlDrvCmdSend)
    i._SlDrvDataReadOp                       0x00002d68   Section        0  driver.o(i._SlDrvDataReadOp)
    i._SlDrvDataWriteOp                      0x00002eb8   Section        0  driver.o(i._SlDrvDataWriteOp)
    i._SlDrvDeviceEventHandler               0x00002fcc   Section        0  device.o(i._SlDrvDeviceEventHandler)
    i._SlDrvDriverCBDeinit                   0x00002fe8   Section        0  driver.o(i._SlDrvDriverCBDeinit)
    i._SlDrvDriverCBInit                     0x00003048   Section        0  driver.o(i._SlDrvDriverCBInit)
    i._SlDrvFlowContDeinit                   0x000030d8   Section        0  flowcont.o(i._SlDrvFlowContDeinit)
    i._SlDrvFlowContInit                     0x00003104   Section        0  flowcont.o(i._SlDrvFlowContInit)
    i._SlDrvMsgRead                          0x00003134   Section        0  driver.o(i._SlDrvMsgRead)
    i._SlDrvMsgReadCmdCtx                    0x00003480   Section        0  driver.o(i._SlDrvMsgReadCmdCtx)
    i._SlDrvMsgReadSpawnCtx                  0x00003524   Section        0  driver.o(i._SlDrvMsgReadSpawnCtx)
    i._SlDrvMsgWrite                         0x000035ac   Section        0  driver.o(i._SlDrvMsgWrite)
    i._SlDrvNetAppEventHandler               0x0000369c   Section        0  netapp.o(i._SlDrvNetAppEventHandler)
    i._SlDrvObjDeInit                        0x00003764   Section        0  driver.o(i._SlDrvObjDeInit)
    i._SlDrvObjInit                          0x0000377c   Section        0  driver.o(i._SlDrvObjInit)
    i._SlDrvReleasePoolObj                   0x000037b8   Section        0  driver.o(i._SlDrvReleasePoolObj)
    i._SlDrvRxHdrRead                        0x0000389c   Section        0  driver.o(i._SlDrvRxHdrRead)
    i._SlDrvRxIrqHandler                     0x000039c8   Section        0  driver.o(i._SlDrvRxIrqHandler)
    i._SlDrvShiftDWord                       0x00003a04   Section        0  driver.o(i._SlDrvShiftDWord)
    i._SlDrvWaitForPoolObj                   0x00003a1c   Section        0  driver.o(i._SlDrvWaitForPoolObj)
    i._SlFindAndSetActiveObj                 0x00003b20   Section        0  driver.o(i._SlFindAndSetActiveObj)
    i._SlNonOsMainLoopTask                   0x00003bb4   Section        0  nonos.o(i._SlNonOsMainLoopTask)
    i._SlNonOsSemGet                         0x00003bf4   Section        0  nonos.o(i._SlNonOsSemGet)
    i._SlNonOsSemSet                         0x00003c26   Section        0  nonos.o(i._SlNonOsSemSet)
    i._SlNonOsSpawn                          0x00003c2c   Section        0  nonos.o(i._SlNonOsSpawn)
    i._SlRemoveFromList                      0x00003c50   Section        0  driver.o(i._SlRemoveFromList)
    i.__0printf                              0x00003ca8   Section        0  printfa.o(i.__0printf)
    i.__0sprintf                             0x00003cc8   Section        0  printfa.o(i.__0sprintf)
    i.__scatterload_copy                     0x00003cf0   Section       14  handlers.o(i.__scatterload_copy)
    i.__scatterload_null                     0x00003cfe   Section        2  handlers.o(i.__scatterload_null)
    i.__scatterload_zeroinit                 0x00003d00   Section       14  handlers.o(i.__scatterload_zeroinit)
    i._fp_digits                             0x00003d10   Section        0  printfa.o(i._fp_digits)
    _fp_digits                               0x00003d11   Thumb Code   326  printfa.o(i._fp_digits)
    i._is_digit                              0x00003e6c   Section        0  scanf_fp.o(i._is_digit)
    i._printf_core                           0x00003e7c   Section        0  printfa.o(i._printf_core)
    _printf_core                             0x00003e7d   Thumb Code  1762  printfa.o(i._printf_core)
    i._printf_post_padding                   0x0000456c   Section        0  printfa.o(i._printf_post_padding)
    _printf_post_padding                     0x0000456d   Thumb Code    38  printfa.o(i._printf_post_padding)
    i._printf_pre_padding                    0x00004592   Section        0  printfa.o(i._printf_pre_padding)
    _printf_pre_padding                      0x00004593   Thumb Code    48  printfa.o(i._printf_pre_padding)
    i._sl_BuildAddress                       0x000045c2   Section        0  socket.o(i._sl_BuildAddress)
    i._sl_HandleAsync_Accept                 0x000045e8   Section        0  socket.o(i._sl_HandleAsync_Accept)
    i._sl_HandleAsync_Connect                0x0000465c   Section        0  socket.o(i._sl_HandleAsync_Connect)
    i._sl_HandleAsync_DnsGetHostByName       0x000046d8   Section        0  netapp.o(i._sl_HandleAsync_DnsGetHostByName)
    i._sl_HandleAsync_DnsGetHostByService    0x0000474c   Section        0  netapp.o(i._sl_HandleAsync_DnsGetHostByService)
    i._sl_HandleAsync_InitComplete           0x000047b8   Section        0  device.o(i._sl_HandleAsync_InitComplete)
    i._sl_HandleAsync_PingResponse           0x0000483c   Section        0  netapp.o(i._sl_HandleAsync_PingResponse)
    i._sl_HandleAsync_Select                 0x000048bc   Section        0  socket.o(i._sl_HandleAsync_Select)
    i._sl_HandleAsync_Stop                   0x00004920   Section        0  device.o(i._sl_HandleAsync_Stop)
    i._sl_TruncatePayloadByProtocol          0x00004980   Section        0  socket.o(i._sl_TruncatePayloadByProtocol)
    i._sputc                                 0x000049d4   Section        0  printfa.o(i._sputc)
    _sputc                                   0x000049d5   Thumb Code    10  printfa.o(i._sputc)
    i.commandList                            0x000049de   Section        0  st7735.o(i.commandList)
    commandList                              0x000049df   Thumb Code    82  st7735.o(i.commandList)
    i.commonInit                             0x00004a30   Section        0  st7735.o(i.commonInit)
    commonInit                               0x00004a31   Thumb Code   272  st7735.o(i.commonInit)
    i.configureSimpleLinkToDefaultState      0x00004b68   Section        0  main.o(i.configureSimpleLinkToDefaultState)
    configureSimpleLinkToDefaultState        0x00004b69   Thumb Code   252  main.o(i.configureSimpleLinkToDefaultState)
    i.fputc                                  0x00004c78   Section        0  st7735.o(i.fputc)
    i.initClk                                0x00004c84   Section        0  board.o(i.initClk)
    i.main                                   0x00004c9c   Section        0  main.o(i.main)
    i.pushColor                              0x00004cd0   Section        0  st7735.o(i.pushColor)
    pushColor                                0x00004cd1   Thumb Code    20  st7735.o(i.pushColor)
    i.registerInterruptHandler               0x00004ce4   Section        0  board.o(i.registerInterruptHandler)
    i.setAddrWindow                          0x00004cf0   Section        0  st7735.o(i.setAddrWindow)
    setAddrWindow                            0x00004cf1   Thumb Code   102  st7735.o(i.setAddrWindow)
    i.sl_Close                               0x00004d5c   Section        0  socket.o(i.sl_Close)
    i.sl_Connect                             0x00004d7c   Section        0  socket.o(i.sl_Connect)
    i.sl_DevGet                              0x00004e68   Section        0  device.o(i.sl_DevGet)
    i.sl_Htonl                               0x00004ed8   Section        0  socket.o(i.sl_Htonl)
    i.sl_Htons                               0x00004f00   Section        0  socket.o(i.sl_Htons)
    i.sl_Init                                0x00004f30   Section        0  main.o(i.sl_Init)
    sl_Init                                  0x00004f31   Thumb Code   106  main.o(i.sl_Init)
    i.sl_NetAppDnsGetHostByName              0x00004fd8   Section        0  netapp.o(i.sl_NetAppDnsGetHostByName)
    i.sl_NetAppMDNSRegisterUnregisterService 0x000050b0   Section        0  netapp.o(i.sl_NetAppMDNSRegisterUnregisterService)
    i.sl_NetAppMDNSUnRegisterService         0x0000512c   Section        0  netapp.o(i.sl_NetAppMDNSUnRegisterService)
    i.sl_NetAppSendTokenValue                0x00005140   Section        0  netapp.o(i.sl_NetAppSendTokenValue)
    i.sl_NetCfgSet                           0x00005190   Section        0  netcfg.o(i.sl_NetCfgSet)
    i.sl_Recv                                0x000051d0   Section        0  socket.o(i.sl_Recv)
    i.sl_Send                                0x00005210   Section        0  socket.o(i.sl_Send)
    i.sl_Socket                              0x000052bc   Section        0  socket.o(i.sl_Socket)
    i.sl_Start                               0x000052ec   Section        0  device.o(i.sl_Start)
    i.sl_Stop                                0x000053a4   Section        0  device.o(i.sl_Stop)
    i.sl_WlanConnect                         0x0000546c   Section        0  wlan.o(i.sl_WlanConnect)
    i.sl_WlanDisconnect                      0x00005610   Section        0  wlan.o(i.sl_WlanDisconnect)
    i.sl_WlanPolicySet                       0x00005618   Section        0  wlan.o(i.sl_WlanPolicySet)
    i.sl_WlanProfileDel                      0x00005650   Section        0  wlan.o(i.sl_WlanProfileDel)
    i.sl_WlanSet                             0x00005670   Section        0  wlan.o(i.sl_WlanSet)
    i.sl_WlanSetMode                         0x000056b0   Section        0  wlan.o(i.sl_WlanSetMode)
    i.spi_Close                              0x000056d0   Section        0  spi.o(i.spi_Close)
    i.spi_Open                               0x000056dc   Section        0  spi.o(i.spi_Open)
    i.spi_Read                               0x000057cc   Section        0  spi.o(i.spi_Read)
    i.spi_Write                              0x00005824   Section        0  spi.o(i.spi_Write)
    i.writecommand                           0x00005878   Section        0  st7735.o(i.writecommand)
    writecommand                             0x00005879   Thumb Code    28  st7735.o(i.writecommand)
    i.writedata                              0x00005898   Section        0  st7735.o(i.writedata)
    writedata                                0x00005899   Thumb Code    22  st7735.o(i.writedata)
    .constdata                               0x000058b4   Section      365  main.o(.constdata)
    .constdata                               0x00005a22   Section       20  device.o(.constdata)
    .constdata                               0x00005a38   Section       72  driver.o(.constdata)
    .constdata                               0x00005a80   Section       40  netapp.o(.constdata)
    .constdata                               0x00005aa8   Section        8  netcfg.o(.constdata)
    .constdata                               0x00005ab0   Section       48  socket.o(.constdata)
    .constdata                               0x00005ae0   Section       52  wlan.o(.constdata)
    .constdata                               0x00005b14   Section     2018  st7735.o(.constdata)
    Font                                     0x00005b14   Data        1275  st7735.o(.constdata)
    Bcmd                                     0x0000600f   Data         103  st7735.o(.constdata)
    Rcmd1                                    0x00006076   Data          59  st7735.o(.constdata)
    Rcmd2green                               0x000060b1   Data          13  st7735.o(.constdata)
    Rcmd2red                                 0x000060be   Data          13  st7735.o(.constdata)
    Rcmd3                                    0x000060cb   Data          43  st7735.o(.constdata)
    .constdata                               0x000062f8   Section       40  uartstdio.o(.constdata)
    g_pcHex                                  0x000062f8   Data           4  uartstdio.o(.constdata)
    g_ui32UARTBase                           0x000062fc   Data          12  uartstdio.o(.constdata)
    g_ui32UARTInt                            0x00006308   Data          12  uartstdio.o(.constdata)
    g_ui32UARTPeriph                         0x00006314   Data          12  uartstdio.o(.constdata)
    .constdata                               0x00006320   Section      528  gpio.o(.constdata)
    g_ppui32GPIOIntMapBlizzard               0x00006320   Data         192  gpio.o(.constdata)
    g_ppui32GPIOIntMapSnowflake              0x000063e0   Data         192  gpio.o(.constdata)
    g_pui32GPIOBaseAddrs                     0x000064a0   Data         144  gpio.o(.constdata)
    .constdata                               0x00006530   Section      268  interrupt.o(.constdata)
    g_pui32Priority                          0x00006530   Data          32  interrupt.o(.constdata)
    g_pui32Regs                              0x00006550   Data         156  interrupt.o(.constdata)
    g_pui32EnRegs                            0x000065ec   Data          20  interrupt.o(.constdata)
    g_pui32Dii16Regs                         0x00006600   Data          20  interrupt.o(.constdata)
    g_pui32PendRegs                          0x00006614   Data          20  interrupt.o(.constdata)
    g_pui32UnpendRegs                        0x00006628   Data          20  interrupt.o(.constdata)
    .constdata                               0x0000663c   Section      452  sysctl.o(.constdata)
    g_pui32VCOFrequencies                    0x0000663c   Data           8  sysctl.o(.constdata)
    g_pui32Xtals                             0x00006644   Data         108  sysctl.o(.constdata)
    g_pppui32XTALtoVCO                       0x000066b0   Data         288  sysctl.o(.constdata)
    g_sXTALtoMEMTIM                          0x000067d0   Data          48  sysctl.o(.constdata)
    .constdata                               0x00006800   Section       64  ctype_c.o(.constdata)
    .conststring                             0x00006840   Section       17  uartstdio.o(.conststring)
    .data                                    0x20000000   Section       12  main.o(.data)
    .data                                    0x2000000c   Section        8  board.o(.data)
    .data                                    0x20000014   Section        4  driver.o(.data)
    .data                                    0x20000018   Section        4  driver.o(.data)
    .data                                    0x2000001c   Section       44  st7735.o(.data)
    ColStart                                 0x2000001c   Data           1  st7735.o(.data)
    RowStart                                 0x2000001d   Data           1  st7735.o(.data)
    Rotation                                 0x2000001e   Data           1  st7735.o(.data)
    TabColor                                 0x2000001f   Data           1  st7735.o(.data)
    _width                                   0x20000022   Data           2  st7735.o(.data)
    _height                                  0x20000024   Data           2  st7735.o(.data)
    .data                                    0x20000048   Section       28  uartstdio.o(.data)
    bLastWasCR                               0x20000048   Data           1  uartstdio.o(.data)
    g_bDisableEcho                           0x20000049   Data           1  uartstdio.o(.data)
    g_ui32UARTTxWriteIndex                   0x2000004c   Data           4  uartstdio.o(.data)
    g_ui32UARTTxReadIndex                    0x20000050   Data           4  uartstdio.o(.data)
    g_ui32UARTRxWriteIndex                   0x20000054   Data           4  uartstdio.o(.data)
    g_ui32UARTRxReadIndex                    0x20000058   Data           4  uartstdio.o(.data)
    g_ui32Base                               0x2000005c   Data           4  uartstdio.o(.data)
    g_ui32PortNum                            0x20000060   Data           4  uartstdio.o(.data)
    .data                                    0x20000064   Section        4  stdout.o(.data)
    .bss                                     0x20000068   Section     1576  main.o(.bss)
    .bss                                     0x20000690   Section      356  driver.o(.bss)
    .bss                                     0x200007f4   Section       40  nonos.o(.bss)
    .bss                                     0x2000081c   Section     1152  uartstdio.o(.bss)
    g_pcUARTTxBuffer                         0x2000081c   Data        1024  uartstdio.o(.bss)
    g_pcUARTRxBuffer                         0x20000c1c   Data         128  uartstdio.o(.bss)
    STACK                                    0x20000ca0   Section    16384  startup_rvmdk.o(STACK)
    StackMem                                 0x20000ca0   Data           0  startup_rvmdk.o(STACK)

    Global Symbols

    Symbol Name                              Value     Ov Type        Size  Object(Section)

    BuildAttributes$$THM_ISAv4$E$P$D$K$B$S$7EM$VFPi3$EXTD16$VFPS$VFMA$PE$A:L22UL41UL21$X:L11$S22US41US21$IEEE1$IW$USESV6$~STKCKD$USESV7$~SHL$OTIME$ROPI$EBA8$MICROLIB$REQ8$PRES8$EABIv2 0x00000000   Number         0  anon$$obj.o ABSOLUTE
    __ARM_use_no_argv                        0x00000000   Number         0  main.o ABSOLUTE
    __Vectors                                0x00000000   Data           0  startup_rvmdk.o(RESET)
    _printf_a                                0x00000000   Number         0  stubs.o ABSOLUTE
    _printf_c                                0x00000000   Number         0  stubs.o ABSOLUTE
    _printf_charcount                        0x00000000   Number         0  stubs.o ABSOLUTE
    _printf_d                                0x00000000   Number         0  stubs.o ABSOLUTE
    _printf_e                                0x00000000   Number         0  stubs.o ABSOLUTE
    _printf_f                                0x00000000   Number         0  stubs.o ABSOLUTE
    _printf_flags                            0x00000000   Number         0  stubs.o ABSOLUTE
    _printf_fp_dec                           0x00000000   Number         0  stubs.o ABSOLUTE
    _printf_fp_hex                           0x00000000   Number         0  stubs.o ABSOLUTE
    _printf_g                                0x00000000   Number         0  stubs.o ABSOLUTE
    _printf_i                                0x00000000   Number         0  stubs.o ABSOLUTE
    _printf_int_dec                          0x00000000   Number         0  stubs.o ABSOLUTE
    _printf_l                                0x00000000   Number         0  stubs.o ABSOLUTE
    _printf_lc                               0x00000000   Number         0  stubs.o ABSOLUTE
    _printf_ll                               0x00000000   Number         0  stubs.o ABSOLUTE
    _printf_lld                              0x00000000   Number         0  stubs.o ABSOLUTE
    _printf_lli                              0x00000000   Number         0  stubs.o ABSOLUTE
    _printf_llo                              0x00000000   Number         0  stubs.o ABSOLUTE
    _printf_llu                              0x00000000   Number         0  stubs.o ABSOLUTE
    _printf_llx                              0x00000000   Number         0  stubs.o ABSOLUTE
    _printf_longlong_dec                     0x00000000   Number         0  stubs.o ABSOLUTE
    _printf_longlong_hex                     0x00000000   Number         0  stubs.o ABSOLUTE
    _printf_longlong_oct                     0x00000000   Number         0  stubs.o ABSOLUTE
    _printf_ls                               0x00000000   Number         0  stubs.o ABSOLUTE
    _printf_mbtowc                           0x00000000   Number         0  stubs.o ABSOLUTE
    _printf_n                                0x00000000   Number         0  stubs.o ABSOLUTE
    _printf_o                                0x00000000   Number         0  stubs.o ABSOLUTE
    _printf_p                                0x00000000   Number         0  stubs.o ABSOLUTE
    _printf_percent                          0x00000000   Number         0  stubs.o ABSOLUTE
    _printf_pre_padding                      0x00000000   Number         0  stubs.o ABSOLUTE
    _printf_return_value                     0x00000000   Number         0  stubs.o ABSOLUTE
    _printf_s                                0x00000000   Number         0  stubs.o ABSOLUTE
    _printf_sizespec                         0x00000000   Number         0  stubs.o ABSOLUTE
    _printf_str                              0x00000000   Number         0  stubs.o ABSOLUTE
    _printf_truncate_signed                  0x00000000   Number         0  stubs.o ABSOLUTE
    _printf_truncate_unsigned                0x00000000   Number         0  stubs.o ABSOLUTE
    _printf_u                                0x00000000   Number         0  stubs.o ABSOLUTE
    _printf_wc                               0x00000000   Number         0  stubs.o ABSOLUTE
    _printf_wctomb                           0x00000000   Number         0  stubs.o ABSOLUTE
    _printf_widthprec                        0x00000000   Number         0  stubs.o ABSOLUTE
    _printf_x                                0x00000000   Number         0  stubs.o ABSOLUTE
    __cpp_initialize__aeabi_                  - Undefined Weak Reference
    __cxa_finalize                            - Undefined Weak Reference
    __decompress                              - Undefined Weak Reference
    _clock_init                               - Undefined Weak Reference
    _microlib_exit                            - Undefined Weak Reference
    _scanf_longlong                           - Undefined Weak Reference
    Reset_Handler                            0x0000026d   Thumb Code     0  startup_rvmdk.o(RESET)
    __main                                   0x00000289   Thumb Code     0  entry.o(.ARM.Collect$$$$00000000)
    _main_stk                                0x00000289   Thumb Code     0  entry2.o(.ARM.Collect$$$$00000001)
    _main_scatterload                        0x0000028d   Thumb Code     0  entry5.o(.ARM.Collect$$$$00000004)
    __main_after_scatterload                 0x00000291   Thumb Code     0  entry5.o(.ARM.Collect$$$$00000004)
    _main_clock                              0x00000291   Thumb Code     0  entry7b.o(.ARM.Collect$$$$00000008)
    _main_cpp_init                           0x00000291   Thumb Code     0  entry8b.o(.ARM.Collect$$$$0000000A)
    _main_init                               0x00000291   Thumb Code     0  entry9a.o(.ARM.Collect$$$$0000000B)
    __rt_final_cpp                           0x00000299   Thumb Code     0  entry10a.o(.ARM.Collect$$$$0000000D)
    __rt_final_exit                          0x00000299   Thumb Code     0  entry11a.o(.ARM.Collect$$$$0000000F)
    SysCtlDelay                              0x0000029d   Thumb Code     6  sysctl.o(.emb_text)
    CPUcpsid                                 0x000002a5   Thumb Code     8  cpu.o(.emb_text)
    CPUprimask                               0x000002ad   Thumb Code     6  cpu.o(.emb_text)
    CPUcpsie                                 0x000002b3   Thumb Code     8  cpu.o(.emb_text)
    CPUwfi                                   0x000002bb   Thumb Code     4  cpu.o(.emb_text)
    CPUbasepriSet                            0x000002bf   Thumb Code     6  cpu.o(.emb_text)
    CPUbasepriGet                            0x000002c5   Thumb Code     6  cpu.o(.emb_text)
    __aeabi_memcpy                           0x000002cb   Thumb Code    36  memcpya.o(.text)
    __aeabi_memcpy4                          0x000002cb   Thumb Code     0  memcpya.o(.text)
    __aeabi_memcpy8                          0x000002cb   Thumb Code     0  memcpya.o(.text)
    __aeabi_memset                           0x000002ef   Thumb Code    14  memseta.o(.text)
    __aeabi_memset4                          0x000002ef   Thumb Code     0  memseta.o(.text)
    __aeabi_memset8                          0x000002ef   Thumb Code     0  memseta.o(.text)
    __aeabi_memclr                           0x000002fd   Thumb Code     4  memseta.o(.text)
    __aeabi_memclr4                          0x000002fd   Thumb Code     0  memseta.o(.text)
    __aeabi_memclr8                          0x000002fd   Thumb Code     0  memseta.o(.text)
    _memset$wrapper                          0x00000301   Thumb Code    18  memseta.o(.text)
    strstr                                   0x00000313   Thumb Code    36  strstr.o(.text)
    strlen                                   0x00000337   Thumb Code    14  strlen.o(.text)
    strcpy                                   0x00000345   Thumb Code    18  strcpy.o(.text)
    __0sscanf                                0x00000359   Thumb Code    48  __0sscanf.o(.text)
    _scanf_int                               0x00000391   Thumb Code   336  _scanf_int.o(.text)
    _scanf_string                            0x000004e1   Thumb Code   218  _scanf_str.o(.text)
    _scanf_real                              0x000006bd   Thumb Code     0  scanf_fp.o(.text)
    _scanf_really_real                       0x000006bd   Thumb Code   560  scanf_fp.o(.text)
    __aeabi_dadd                             0x000008f9   Thumb Code   322  dadd.o(.text)
    __aeabi_dsub                             0x00000a3b   Thumb Code     6  dadd.o(.text)
    __aeabi_drsub                            0x00000a41   Thumb Code     6  dadd.o(.text)
    __aeabi_dmul                             0x00000a47   Thumb Code   228  dmul.o(.text)
    __aeabi_ui2d                             0x00000b2b   Thumb Code    26  dfltui.o(.text)
    __aeabi_f2d                              0x00000b45   Thumb Code    38  f2d.o(.text)
    __aeabi_d2f                              0x00000b6b   Thumb Code    56  d2f.o(.text)
    __aeabi_uidiv                            0x00000ba3   Thumb Code     0  uidiv.o(.text)
    __aeabi_uidivmod                         0x00000ba3   Thumb Code    44  uidiv.o(.text)
    __aeabi_uldivmod                         0x00000bcf   Thumb Code    98  uldiv.o(.text)
    __aeabi_llsl                             0x00000c31   Thumb Code    30  llshl.o(.text)
    _ll_shift_l                              0x00000c31   Thumb Code     0  llshl.o(.text)
    __aeabi_lasr                             0x00000c4f   Thumb Code    36  llsshr.o(.text)
    _ll_sshift_r                             0x00000c4f   Thumb Code     0  llsshr.o(.text)
    _chval                                   0x00000c73   Thumb Code    28  _chval.o(.text)
    __vfscanf_char                           0x00000c9d   Thumb Code    20  scanf_char.o(.text)
    _sgetc                                   0x00000cb9   Thumb Code    30  _sgetc.o(.text)
    _sbackspace                              0x00000cd7   Thumb Code    34  _sgetc.o(.text)
    __I$use$fp                               0x00000cf9   Thumb Code     0  iusefp.o(.text)
    _float_round                             0x00000cf9   Thumb Code    18  fepilogue.o(.text)
    _float_epilogue                          0x00000d0b   Thumb Code    90  fepilogue.o(.text)
    _double_round                            0x00000d65   Thumb Code    26  depilogue.o(.text)
    _double_epilogue                         0x00000d7f   Thumb Code   164  depilogue.o(.text)
    __aeabi_ddiv                             0x00000e23   Thumb Code   222  ddiv.o(.text)
    __aeabi_ul2d                             0x00000f01   Thumb Code    24  dfltul.o(.text)
    __aeabi_d2ulz                            0x00000f19   Thumb Code    48  dfixul.o(.text)
    __aeabi_cdrcmple                         0x00000f49   Thumb Code    38  cdrcmple.o(.text)
    __scatterload                            0x00000f71   Thumb Code    28  init.o(.text)
    __scatterload_rt2                        0x00000f71   Thumb Code     0  init.o(.text)
    __aeabi_llsr                             0x00000f95   Thumb Code    32  llushr.o(.text)
    _ll_ushift_r                             0x00000f95   Thumb Code     0  llushr.o(.text)
    isspace                                  0x00000fb5   Thumb Code    10  isspace_c.o(.text)
    __vfscanf                                0x00000fc1   Thumb Code   806  _scanf.o(.text)
    __ctype_lookup                           0x000012ed   Thumb Code    34  ctype_c.o(.text)
    ADC0_In                                  0x00001315   Thumb Code    24  adcswtrigger.o(i.ADC0_In)
    ADC0_Init                                0x00001331   Thumb Code   106  adcswtrigger.o(i.ADC0_Init)
    Board_Input                              0x000013ad   Thumb Code    16  led.o(i.Board_Input)
    CC3100_InterruptDisable                  0x000013c1   Thumb Code     8  board.o(i.CC3100_InterruptDisable)
    CC3100_InterruptEnable                   0x000013cd   Thumb Code     8  board.o(i.CC3100_InterruptEnable)
    CC3100_disable                           0x000013d9   Thumb Code    10  board.o(i.CC3100_disable)
    CC3100_enable                            0x000013e9   Thumb Code    10  board.o(i.CC3100_enable)
    CopyPingResultsToReport                  0x000013f9   Thumb Code    26  netapp.o(i.CopyPingResultsToReport)
    Crash                                    0x00001413   Thumb Code    18  main.o(i.Crash)
    Delay1ms                                 0x00001425   Thumb Code    26  st7735.o(i.Delay1ms)
    FPUEnable                                0x00001441   Thumb Code    12  fpu.o(i.FPUEnable)
    FPULazyStackingEnable                    0x00001451   Thumb Code    12  fpu.o(i.FPULazyStackingEnable)
    GPIOB_intHandler                         0x00001461   Thumb Code    44  board.o(i.GPIOB_intHandler)
    GPIODirModeSet                           0x00001495   Thumb Code    40  gpio.o(i.GPIODirModeSet)
    GPIOIntClear                             0x000014bd   Thumb Code     6  gpio.o(i.GPIOIntClear)
    GPIOIntDisable                           0x000014c3   Thumb Code    14  gpio.o(i.GPIOIntDisable)
    GPIOIntEnable                            0x000014d1   Thumb Code    14  gpio.o(i.GPIOIntEnable)
    GPIOIntStatus                            0x000014df   Thumb Code    14  gpio.o(i.GPIOIntStatus)
    GPIOIntTypeSet                           0x000014ed   Thumb Code    80  gpio.o(i.GPIOIntTypeSet)
    GPIOPadConfigSet                         0x0000153d   Thumb Code   314  gpio.o(i.GPIOPadConfigSet)
    GPIOPinConfigure                         0x00001679   Thumb Code    64  gpio.o(i.GPIOPinConfigure)
    GPIOPinTypeGPIOInput                     0x000016c1   Thumb Code    28  gpio.o(i.GPIOPinTypeGPIOInput)
    GPIOPinTypeGPIOOutput                    0x000016dd   Thumb Code    28  gpio.o(i.GPIOPinTypeGPIOOutput)
    GPIOPinTypeSSI                           0x000016f9   Thumb Code    28  gpio.o(i.GPIOPinTypeSSI)
    GPIOPinTypeUART                          0x00001715   Thumb Code    28  gpio.o(i.GPIOPinTypeUART)
    GPIOPinWrite                             0x00001731   Thumb Code     6  gpio.o(i.GPIOPinWrite)
    GetStartResponseConvert                  0x00001737   Thumb Code    68  device.o(i.GetStartResponseConvert)
    IntEnable                                0x000019cd   Thumb Code    92  interrupt.o(i.IntEnable)
    IntMasterEnable                          0x00001a31   Thumb Code    14  interrupt.o(i.IntMasterEnable)
    LCD_Init                                 0x00001a69   Thumb Code     6  lcd.o(i.LCD_Init)
    LCD_SetCursor                            0x00001a6f   Thumb Code     4  lcd.o(i.LCD_SetCursor)
    LED_GreenOff                             0x00001a75   Thumb Code     8  led.o(i.LED_GreenOff)
    LED_GreenOn                              0x00001a81   Thumb Code     8  led.o(i.LED_GreenOn)
    LED_Init                                 0x00001a8d   Thumb Code    78  led.o(i.LED_Init)
    LED_RedToggle                            0x00001af1   Thumb Code    12  led.o(i.LED_RedToggle)
    SSIConfigSetExpClk                       0x00001b39   Thumb Code    74  ssi.o(i.SSIConfigSetExpClk)
    SSIDataGetNonBlocking                    0x00001b83   Thumb Code    20  ssi.o(i.SSIDataGetNonBlocking)
    SSIDataPutNonBlocking                    0x00001b97   Thumb Code    16  ssi.o(i.SSIDataPutNonBlocking)
    SSIEnable                                0x00001ba7   Thumb Code    10  ssi.o(i.SSIEnable)
    ST7735_DrawCharS                         0x00001bb1   Thumb Code   178  st7735.o(i.ST7735_DrawCharS)
    ST7735_DrawPixel                         0x00001c6d   Thumb Code    54  st7735.o(i.ST7735_DrawPixel)
    ST7735_DrawString                        0x00001ca9   Thumb Code    82  st7735.o(i.ST7735_DrawString)
    ST7735_FillRect                          0x00001cfd   Thumb Code   116  st7735.o(i.ST7735_FillRect)
    ST7735_FillScreen                        0x00001d75   Thumb Code    24  st7735.o(i.ST7735_FillScreen)
    ST7735_InitR                             0x00001d91   Thumb Code    94  st7735.o(i.ST7735_InitR)
    ST7735_OutChar                           0x00001df9   Thumb Code   134  st7735.o(i.ST7735_OutChar)
    ST7735_SetCursor                         0x00001e9d   Thumb Code    16  st7735.o(i.ST7735_SetCursor)
    SimpleLinkHttpServerCallback             0x00001eb1   Thumb Code     6  main.o(i.SimpleLinkHttpServerCallback)
    SimpleLinkNetAppEventHandler             0x00001edd   Thumb Code    24  main.o(i.SimpleLinkNetAppEventHandler)
    SimpleLinkWlanEventHandler               0x00001f1d   Thumb Code    50  main.o(i.SimpleLinkWlanEventHandler)
    Stopwatch_Start                          0x00001fed   Thumb Code    22  stopwatch.o(i.Stopwatch_Start)
    Stopwatch_Stop                           0x00002003   Thumb Code    18  stopwatch.o(i.Stopwatch_Stop)
    SysCtlClockGet                           0x00002015   Thumb Code   314  sysctl.o(i.SysCtlClockGet)
    SysCtlClockSet                           0x00002179   Thumb Code   270  sysctl.o(i.SysCtlClockSet)
    SysCtlPeripheralEnable                   0x00002299   Thumb Code    36  sysctl.o(i.SysCtlPeripheralEnable)
    UARTFlushRx                              0x000022c1   Thumb Code    36  uartstdio.o(i.UARTFlushRx)
    UARTFlushTx                              0x000022e9   Thumb Code    52  uartstdio.o(i.UARTFlushTx)
    UARTStdioConfig                          0x00002399   Thumb Code   142  uartstdio.o(i.UARTStdioConfig)
    UARTStdioIntHandler                      0x00002431   Thumb Code   248  uartstdio.o(i.UARTStdioIntHandler)
    UART_Init                                0x00002539   Thumb Code    54  main.o(i.UART_Init)
    UARTprintf                               0x0000257d   Thumb Code    18  uartstdio.o(i.UARTprintf)
    UARTvprintf                              0x00002591   Thumb Code   420  uartstdio.o(i.UARTvprintf)
    UARTwrite                                0x00002745   Thumb Code   134  uartstdio.o(i.UARTwrite)
    Weather_Construct                        0x000027d5   Thumb Code   200  weather.o(i.Weather_Construct)
    _SlAsyncEventGenericHandler              0x00002969   Thumb Code   732  driver.o(i._SlAsyncEventGenericHandler)
    _SlDrvBasicCmd                           0x00002c49   Thumb Code    40  driver.o(i._SlDrvBasicCmd)
    _SlDrvClassifyRxMsg                      0x00002c71   Thumb Code   114  driver.o(i._SlDrvClassifyRxMsg)
    _SlDrvCmdOp                              0x00002cf9   Thumb Code    80  driver.o(i._SlDrvCmdOp)
    _SlDrvCmdSend                            0x00002d4d   Thumb Code    24  driver.o(i._SlDrvCmdSend)
    _SlDrvDataReadOp                         0x00002d69   Thumb Code   326  driver.o(i._SlDrvDataReadOp)
    _SlDrvDataWriteOp                        0x00002eb9   Thumb Code   272  driver.o(i._SlDrvDataWriteOp)
    _SlDrvDeviceEventHandler                 0x00002fcd   Thumb Code    26  device.o(i._SlDrvDeviceEventHandler)
    _SlDrvDriverCBDeinit                     0x00002fe9   Thumb Code    92  driver.o(i._SlDrvDriverCBDeinit)
    _SlDrvDriverCBInit                       0x00003049   Thumb Code   134  driver.o(i._SlDrvDriverCBInit)
    _SlDrvFlowContDeinit                     0x000030d9   Thumb Code    40  flowcont.o(i._SlDrvFlowContDeinit)
    _SlDrvFlowContInit                       0x00003105   Thumb Code    42  flowcont.o(i._SlDrvFlowContInit)
    _SlDrvMsgRead                            0x00003135   Thumb Code   834  driver.o(i._SlDrvMsgRead)
    _SlDrvMsgReadCmdCtx                      0x00003481   Thumb Code   156  driver.o(i._SlDrvMsgReadCmdCtx)
    _SlDrvMsgReadSpawnCtx                    0x00003525   Thumb Code   132  driver.o(i._SlDrvMsgReadSpawnCtx)
    _SlDrvMsgWrite                           0x000035ad   Thumb Code   232  driver.o(i._SlDrvMsgWrite)
    _SlDrvNetAppEventHandler                 0x0000369d   Thumb Code   198  netapp.o(i._SlDrvNetAppEventHandler)
    _SlDrvObjDeInit                          0x00003765   Thumb Code    18  driver.o(i._SlDrvObjDeInit)
    _SlDrvObjInit                            0x0000377d   Thumb Code    54  driver.o(i._SlDrvObjInit)
    _SlDrvReleasePoolObj                     0x000037b9   Thumb Code   222  driver.o(i._SlDrvReleasePoolObj)
    _SlDrvRxHdrRead                          0x0000389d   Thumb Code   282  driver.o(i._SlDrvRxHdrRead)
    _SlDrvRxIrqHandler                       0x000039c9   Thumb Code    52  driver.o(i._SlDrvRxIrqHandler)
    _SlDrvShiftDWord                         0x00003a05   Thumb Code    22  driver.o(i._SlDrvShiftDWord)
    _SlDrvWaitForPoolObj                     0x00003a1d   Thumb Code   254  driver.o(i._SlDrvWaitForPoolObj)
    _SlFindAndSetActiveObj                   0x00003b21   Thumb Code   138  driver.o(i._SlFindAndSetActiveObj)
    _SlNonOsMainLoopTask                     0x00003bb5   Thumb Code    54  nonos.o(i._SlNonOsMainLoopTask)
    _SlNonOsSemGet                           0x00003bf5   Thumb Code    50  nonos.o(i._SlNonOsSemGet)
    _SlNonOsSemSet                           0x00003c27   Thumb Code     6  nonos.o(i._SlNonOsSemSet)
    _SlNonOsSpawn                            0x00003c2d   Thumb Code    30  nonos.o(i._SlNonOsSpawn)
    _SlRemoveFromList                        0x00003c51   Thumb Code    84  driver.o(i._SlRemoveFromList)
    __0printf                                0x00003ca9   Thumb Code    22  printfa.o(i.__0printf)
    __1printf                                0x00003ca9   Thumb Code     0  printfa.o(i.__0printf)
    __2printf                                0x00003ca9   Thumb Code     0  printfa.o(i.__0printf)
    __c89printf                              0x00003ca9   Thumb Code     0  printfa.o(i.__0printf)
    printf                                   0x00003ca9   Thumb Code     0  printfa.o(i.__0printf)
    __0sprintf                               0x00003cc9   Thumb Code    34  printfa.o(i.__0sprintf)
    __1sprintf                               0x00003cc9   Thumb Code     0  printfa.o(i.__0sprintf)
    __2sprintf                               0x00003cc9   Thumb Code     0  printfa.o(i.__0sprintf)
    __c89sprintf                             0x00003cc9   Thumb Code     0  printfa.o(i.__0sprintf)
    sprintf                                  0x00003cc9   Thumb Code     0  printfa.o(i.__0sprintf)
    __scatterload_copy                       0x00003cf1   Thumb Code    14  handlers.o(i.__scatterload_copy)
    __scatterload_null                       0x00003cff   Thumb Code     2  handlers.o(i.__scatterload_null)
    __scatterload_zeroinit                   0x00003d01   Thumb Code    14  handlers.o(i.__scatterload_zeroinit)
    _is_digit                                0x00003e6d   Thumb Code    14  scanf_fp.o(i._is_digit)
    _sl_BuildAddress                         0x000045c3   Thumb Code    38  socket.o(i._sl_BuildAddress)
    _sl_HandleAsync_Accept                   0x000045e9   Thumb Code   110  socket.o(i._sl_HandleAsync_Accept)
    _sl_HandleAsync_Connect                  0x0000465d   Thumb Code   120  socket.o(i._sl_HandleAsync_Connect)
    _sl_HandleAsync_DnsGetHostByName         0x000046d9   Thumb Code   110  netapp.o(i._sl_HandleAsync_DnsGetHostByName)
    _sl_HandleAsync_DnsGetHostByService      0x0000474d   Thumb Code   102  netapp.o(i._sl_HandleAsync_DnsGetHostByService)
    _sl_HandleAsync_InitComplete             0x000047b9   Thumb Code   126  device.o(i._sl_HandleAsync_InitComplete)
    _sl_HandleAsync_PingResponse             0x0000483d   Thumb Code   120  netapp.o(i._sl_HandleAsync_PingResponse)
    _sl_HandleAsync_Select                   0x000048bd   Thumb Code    94  socket.o(i._sl_HandleAsync_Select)
    _sl_HandleAsync_Stop                     0x00004921   Thumb Code    90  device.o(i._sl_HandleAsync_Stop)
    _sl_TruncatePayloadByProtocol            0x00004981   Thumb Code    84  socket.o(i._sl_TruncatePayloadByProtocol)
    fputc                                    0x00004c79   Thumb Code    12  st7735.o(i.fputc)
    initClk                                  0x00004c85   Thumb Code    20  board.o(i.initClk)
    main                                     0x00004c9d   Thumb Code    52  main.o(i.main)
    registerInterruptHandler                 0x00004ce5   Thumb Code     8  board.o(i.registerInterruptHandler)
    sl_Close                                 0x00004d5d   Thumb Code    26  socket.o(i.sl_Close)
    sl_Connect                               0x00004d7d   Thumb Code   224  socket.o(i.sl_Connect)
    sl_DevGet                                0x00004e69   Thumb Code   104  device.o(i.sl_DevGet)
    sl_Htonl                                 0x00004ed9   Thumb Code    40  socket.o(i.sl_Htonl)
    sl_Htons                                 0x00004f01   Thumb Code    48  socket.o(i.sl_Htons)
    sl_NetAppDnsGetHostByName                0x00004fd9   Thumb Code   202  netapp.o(i.sl_NetAppDnsGetHostByName)
    sl_NetAppMDNSRegisterUnregisterService   0x000050b1   Thumb Code   118  netapp.o(i.sl_NetAppMDNSRegisterUnregisterService)
    sl_NetAppMDNSUnRegisterService           0x0000512d   Thumb Code    18  netapp.o(i.sl_NetAppMDNSUnRegisterService)
    sl_NetAppSendTokenValue                  0x00005141   Thumb Code    74  netapp.o(i.sl_NetAppSendTokenValue)
    sl_NetCfgSet                             0x00005191   Thumb Code    58  netcfg.o(i.sl_NetCfgSet)
    sl_Recv                                  0x000051d1   Thumb Code    58  socket.o(i.sl_Recv)
    sl_Send                                  0x00005211   Thumb Code   162  socket.o(i.sl_Send)
    sl_Socket                                0x000052bd   Thumb Code    42  socket.o(i.sl_Socket)
    sl_Start                                 0x000052ed   Thumb Code   170  device.o(i.sl_Start)
    sl_Stop                                  0x000053a5   Thumb Code   186  device.o(i.sl_Stop)
    sl_WlanConnect                           0x0000546d   Thumb Code   414  wlan.o(i.sl_WlanConnect)
    sl_WlanDisconnect                        0x00005611   Thumb Code     8  wlan.o(i.sl_WlanDisconnect)
    sl_WlanPolicySet                         0x00005619   Thumb Code    52  wlan.o(i.sl_WlanPolicySet)
    sl_WlanProfileDel                        0x00005651   Thumb Code    26  wlan.o(i.sl_WlanProfileDel)
    sl_WlanSet                               0x00005671   Thumb Code    60  wlan.o(i.sl_WlanSet)
    sl_WlanSetMode                           0x000056b1   Thumb Code    26  wlan.o(i.sl_WlanSetMode)
    spi_Close                                0x000056d1   Thumb Code    10  spi.o(i.spi_Close)
    spi_Open                                 0x000056dd   Thumb Code   198  spi.o(i.spi_Open)
    spi_Read                                 0x000057cd   Thumb Code    78  spi.o(i.spi_Read)
    spi_Write                                0x00005825   Thumb Code    76  spi.o(i.spi_Write)
    _SlStopCmdCtrl                           0x00005a22   Data           4  device.o(.constdata)
    _SlEventMaskSetCmdCtrl                   0x00005a26   Data           4  device.o(.constdata)
    _SlEventMaskGetCmdCtrl                   0x00005a2a   Data           4  device.o(.constdata)
    _SlDeviceGetCmdCtrl                      0x00005a2e   Data           4  device.o(.constdata)
    _SlDeviceSetCmdCtrl                      0x00005a32   Data           4  device.o(.constdata)
    g_H2NSyncPattern                         0x00005a38   Data           8  driver.o(.constdata)
    g_H2NCnysPattern                         0x00005a40   Data           8  driver.o(.constdata)
    _SlActionLookupTable                     0x00005a48   Data          56  driver.o(.constdata)
    _SlNetAppStartCtrl                       0x00005a80   Data           4  netapp.o(.constdata)
    _SlNetAppStopCtrl                        0x00005a84   Data           4  netapp.o(.constdata)
    _SlGetServiceListeCtrl                   0x00005a88   Data           4  netapp.o(.constdata)
    _SlRegisterServiceCtrl                   0x00005a8c   Data           4  netapp.o(.constdata)
    _SlGetHostByServiceCtrl                  0x00005a90   Data           4  netapp.o(.constdata)
    _SlGetHostByNameCtrl                     0x00005a94   Data           4  netapp.o(.constdata)
    _SlNetAppSetCmdCtrl                      0x00005a98   Data           4  netapp.o(.constdata)
    _SlNetAppSendTokenValueCmdCtrl           0x00005a9c   Data           4  netapp.o(.constdata)
    _SlNetAppGetCmdCtrl                      0x00005aa0   Data           4  netapp.o(.constdata)
    _SlNetCfgSetCmdCtrl                      0x00005aa8   Data           4  netcfg.o(.constdata)
    _SlNetCfgGetCmdCtrl                      0x00005aac   Data           4  netcfg.o(.constdata)
    _SlSockSocketCmdCtrl                     0x00005ab0   Data           4  socket.o(.constdata)
    _SlSockCloseCmdCtrl                      0x00005ab4   Data           4  socket.o(.constdata)
    _SlRecvfomCmdCtrl                        0x00005ab8   Data           4  socket.o(.constdata)
    _SlSendCmdCtrl                           0x00005abc   Data           4  socket.o(.constdata)
    _SlListenCmdCtrl                         0x00005ac0   Data           4  socket.o(.constdata)
    _SlAcceptCmdCtrl                         0x00005ac4   Data           4  socket.o(.constdata)
    _SlRecvCmdCtrl                           0x00005ac8   Data           4  socket.o(.constdata)
    _SlSetSockOptCmdCtrl                     0x00005acc   Data           4  socket.o(.constdata)
    _SlGetSockOptCmdCtrl                     0x00005ad0   Data           4  socket.o(.constdata)
    _SlSelectCmdCtrl                         0x00005ad4   Data           4  socket.o(.constdata)
    _SlPolicySetCmdCtrl                      0x00005ae0   Data           4  wlan.o(.constdata)
    _SlPolicyGetCmdCtrl                      0x00005ae4   Data           4  wlan.o(.constdata)
    _SlProfileGetCmdCtrl                     0x00005ae8   Data           4  wlan.o(.constdata)
    _SlProfileDelCmdCtrl                     0x00005aec   Data           4  wlan.o(.constdata)
    _SlWlanGetNetworkListCtrl                0x00005af0   Data           4  wlan.o(.constdata)
    _SlRxFilterAddtCmdCtrl                   0x00005af4   Data           4  wlan.o(.constdata)
    _SlRxFilterSetCmdCtrl                    0x00005af8   Data           4  wlan.o(.constdata)
    _SlRxFilterGetCmdCtrl                    0x00005afc   Data           4  wlan.o(.constdata)
    _SlSmartConfigStartCmdCtrl               0x00005b00   Data           4  wlan.o(.constdata)
    _SlWlanSetModeCmdCtrl                    0x00005b04   Data           4  wlan.o(.constdata)
    _SlWlanCfgSetCmdCtrl                     0x00005b08   Data           4  wlan.o(.constdata)
    _SlWlanCfgGetCmdCtrl                     0x00005b0c   Data           4  wlan.o(.constdata)
    dBfs                                     0x000060f6   Data         512  st7735.o(.constdata)
    __ctype_categories                       0x00006800   Data          64  ctype_c.o(.constdata)
    Region$$Table$$Base                      0x00006854   Number         0  anon$$obj.o(Region$$Table)
    Region$$Table$$Limit                     0x00006874   Number         0  anon$$obj.o(Region$$Table)
    g_Status                                 0x20000000   Data           4  main.o(.data)
    DestinationIP                            0x20000004   Data           4  main.o(.data)
    SockID                                   0x20000008   Data           4  main.o(.data)
    IntIsMasked                              0x2000000c   Data           1  board.o(.data)
    pIrqEventHandler                         0x20000010   Data           4  board.o(.data)
    g_pCB                                    0x20000014   Data           4  driver.o(.data)
    pPingCallBackFunc                        0x20000018   Data           4  driver.o(.data)
    StTextColor                              0x20000020   Data           2  st7735.o(.data)
    StX                                      0x20000028   Data           4  st7735.o(.data)
    StY                                      0x2000002c   Data           4  st7735.o(.data)
    lastj                                    0x20000030   Data           4  st7735.o(.data)
    Messageindex                             0x20000034   Data           4  st7735.o(.data)
    Ymax                                     0x20000038   Data           4  st7735.o(.data)
    Ymin                                     0x2000003c   Data           4  st7735.o(.data)
    X                                        0x20000040   Data           4  st7735.o(.data)
    Yrange                                   0x20000044   Data           4  st7735.o(.data)
    __stdout                                 0x20000064   Data           4  stdout.o(.data)
    Recvbuff                                 0x20000068   Data        1024  main.o(.bss)
    SendBuff                                 0x20000468   Data         512  main.o(.bss)
    HostName                                 0x20000668   Data          40  main.o(.bss)
    g_StatMem                                0x20000690   Data         356  driver.o(.bss)
    g__SlNonOsCB                             0x200007f4   Data          40  nonos.o(.bss)
    __initial_sp                             0x20004ca0   Data           0  startup_rvmdk.o(STACK)



==============================================================================

Memory Map of the image

  Image Entry point : 0x0000026d

  Load Region LR_IROM (Base: 0x00000000, Size: 0x000068dc, Max: 0x00040000, ABSOLUTE)

    Execution Region ER_IROM (Base: 0x00000000, Size: 0x00006874, Max: 0x00040000, ABSOLUTE)

    Base Addr    Size         Type   Attr      Idx    E Section Name        Object

    0x00000000   0x00000288   Code   RO         1096  * RESET               startup_rvmdk.o
    0x00000288   0x00000000   Code   RO         3149  * .ARM.Collect$$$$00000000  mc_w.l(entry.o)
    0x00000288   0x00000004   Code   RO         3445    .ARM.Collect$$$$00000001  mc_w.l(entry2.o)
    0x0000028c   0x00000004   Code   RO         3448    .ARM.Collect$$$$00000004  mc_w.l(entry5.o)
    0x00000290   0x00000000   Code   RO         3450    .ARM.Collect$$$$00000008  mc_w.l(entry7b.o)
    0x00000290   0x00000000   Code   RO         3452    .ARM.Collect$$$$0000000A  mc_w.l(entry8b.o)
    0x00000290   0x00000008   Code   RO         3453    .ARM.Collect$$$$0000000B  mc_w.l(entry9a.o)
    0x00000298   0x00000000   Code   RO         3455    .ARM.Collect$$$$0000000D  mc_w.l(entry10a.o)
    0x00000298   0x00000000   Code   RO         3457    .ARM.Collect$$$$0000000F  mc_w.l(entry11a.o)
    0x00000298   0x00000004   Code   RO         3446    .ARM.Collect$$$$00002712  mc_w.l(entry2.o)
    0x0000029c   0x00000006   Code   RO         2508    .emb_text           driverlib.lib(sysctl.o)
    0x000002a2   0x00000002   PAD
    0x000002a4   0x00000026   Code   RO         3139    .emb_text           driverlib.lib(cpu.o)
    0x000002ca   0x00000024   Code   RO         3152    .text               mc_w.l(memcpya.o)
    0x000002ee   0x00000024   Code   RO         3154    .text               mc_w.l(memseta.o)
    0x00000312   0x00000024   Code   RO         3156    .text               mc_w.l(strstr.o)
    0x00000336   0x0000000e   Code   RO         3158    .text               mc_w.l(strlen.o)
    0x00000344   0x00000012   Code   RO         3160    .text               mc_w.l(strcpy.o)
    0x00000356   0x00000002   PAD
    0x00000358   0x00000038   Code   RO         3425    .text               mc_w.l(__0sscanf.o)
    0x00000390   0x00000150   Code   RO         3427    .text               mc_w.l(_scanf_int.o)
    0x000004e0   0x000000da   Code   RO         3429    .text               mc_w.l(_scanf_str.o)
    0x000005ba   0x00000002   PAD
    0x000005bc   0x0000033c   Code   RO         3431    .text               mc_w.l(scanf_fp.o)
    0x000008f8   0x0000014e   Code   RO         3435    .text               mf_w.l(dadd.o)
    0x00000a46   0x000000e4   Code   RO         3437    .text               mf_w.l(dmul.o)
    0x00000b2a   0x0000001a   Code   RO         3439    .text               mf_w.l(dfltui.o)
    0x00000b44   0x00000026   Code   RO         3441    .text               mf_w.l(f2d.o)
    0x00000b6a   0x00000038   Code   RO         3443    .text               mf_w.l(d2f.o)
    0x00000ba2   0x0000002c   Code   RO         3460    .text               mc_w.l(uidiv.o)
    0x00000bce   0x00000062   Code   RO         3462    .text               mc_w.l(uldiv.o)
    0x00000c30   0x0000001e   Code   RO         3464    .text               mc_w.l(llshl.o)
    0x00000c4e   0x00000024   Code   RO         3466    .text               mc_w.l(llsshr.o)
    0x00000c72   0x0000001c   Code   RO         3468    .text               mc_w.l(_chval.o)
    0x00000c8e   0x00000002   PAD
    0x00000c90   0x00000028   Code   RO         3470    .text               mc_w.l(scanf_char.o)
    0x00000cb8   0x00000040   Code   RO         3472    .text               mc_w.l(_sgetc.o)
    0x00000cf8   0x00000000   Code   RO         3474    .text               mc_w.l(iusefp.o)
    0x00000cf8   0x0000006c   Code   RO         3475    .text               mf_w.l(fepilogue.o)
    0x00000d64   0x000000be   Code   RO         3477    .text               mf_w.l(depilogue.o)
    0x00000e22   0x000000de   Code   RO         3479    .text               mf_w.l(ddiv.o)
    0x00000f00   0x00000018   Code   RO         3481    .text               mf_w.l(dfltul.o)
    0x00000f18   0x00000030   Code   RO         3483    .text               mf_w.l(dfixul.o)
    0x00000f48   0x00000028   Code   RO         3485    .text               mf_w.l(cdrcmple.o)
    0x00000f70   0x00000024   Code   RO         3487    .text               mc_w.l(init.o)
    0x00000f94   0x00000020   Code   RO         3489    .text               mc_w.l(llushr.o)
    0x00000fb4   0x0000000a   Code   RO         3491    .text               mc_w.l(isspace_c.o)
    0x00000fbe   0x00000002   PAD
    0x00000fc0   0x0000032c   Code   RO         3493    .text               mc_w.l(_scanf.o)
    0x000012ec   0x00000028   Code   RO         3495    .text               mc_w.l(ctype_c.o)
    0x00001314   0x0000001c   Code   RO         1227    i.ADC0_In           adcswtrigger.o
    0x00001330   0x0000007c   Code   RO         1228    i.ADC0_Init         adcswtrigger.o
    0x000013ac   0x00000014   Code   RO          338    i.Board_Input       led.o
    0x000013c0   0x0000000c   Code   RO          185    i.CC3100_InterruptDisable  board.o
    0x000013cc   0x0000000c   Code   RO          186    i.CC3100_InterruptEnable  board.o
    0x000013d8   0x00000010   Code   RO          187    i.CC3100_disable    board.o
    0x000013e8   0x00000010   Code   RO          188    i.CC3100_enable     board.o
    0x000013f8   0x0000001a   Code   RO          716    i.CopyPingResultsToReport  netapp.o
    0x00001412   0x00000012   Code   RO            1    i.Crash             main.o
    0x00001424   0x0000001a   Code   RO         1298    i.Delay1ms          st7735.o
    0x0000143e   0x00000002   PAD
    0x00001440   0x00000010   Code   RO         1858    i.FPUEnable         driverlib.lib(fpu.o)
    0x00001450   0x00000010   Code   RO         1861    i.FPULazyStackingEnable  driverlib.lib(fpu.o)
    0x00001460   0x00000034   Code   RO          190    i.GPIOB_intHandler  board.o
    0x00001494   0x00000028   Code   RO         1931    i.GPIODirModeSet    driverlib.lib(gpio.o)
    0x000014bc   0x00000006   Code   RO         1932    i.GPIOIntClear      driverlib.lib(gpio.o)
    0x000014c2   0x0000000e   Code   RO         1933    i.GPIOIntDisable    driverlib.lib(gpio.o)
    0x000014d0   0x0000000e   Code   RO         1934    i.GPIOIntEnable     driverlib.lib(gpio.o)
    0x000014de   0x0000000e   Code   RO         1936    i.GPIOIntStatus     driverlib.lib(gpio.o)
    0x000014ec   0x00000050   Code   RO         1938    i.GPIOIntTypeSet    driverlib.lib(gpio.o)
    0x0000153c   0x0000013a   Code   RO         1941    i.GPIOPadConfigSet  driverlib.lib(gpio.o)
    0x00001676   0x00000002   PAD
    0x00001678   0x00000048   Code   RO         1942    i.GPIOPinConfigure  driverlib.lib(gpio.o)
    0x000016c0   0x0000001c   Code   RO         1951    i.GPIOPinTypeGPIOInput  driverlib.lib(gpio.o)
    0x000016dc   0x0000001c   Code   RO         1952    i.GPIOPinTypeGPIOOutput  driverlib.lib(gpio.o)
    0x000016f8   0x0000001c   Code   RO         1965    i.GPIOPinTypeSSI    driverlib.lib(gpio.o)
    0x00001714   0x0000001c   Code   RO         1967    i.GPIOPinTypeUART   driverlib.lib(gpio.o)
    0x00001730   0x00000006   Code   RO         1973    i.GPIOPinWrite      driverlib.lib(gpio.o)
    0x00001736   0x00000044   Code   RO          401    i.GetStartResponseConvert  device.o
    0x0000177a   0x00000002   PAD
    0x0000177c   0x000001a4   Code   RO            2    i.GetWeather        main.o
    0x00001920   0x000000ac   Code   RO            3    i.HTTPGet           main.o
    0x000019cc   0x00000064   Code   RO         2244    i.IntEnable         driverlib.lib(interrupt.o)
    0x00001a30   0x0000000e   Code   RO         2247    i.IntMasterEnable   driverlib.lib(interrupt.o)
    0x00001a3e   0x00000010   Code   RO         1594    i.IsBufferEmpty     uartstdio.o
    0x00001a4e   0x0000001a   Code   RO         1595    i.IsBufferFull      uartstdio.o
    0x00001a68   0x00000006   Code   RO         1252    i.LCD_Init          lcd.o
    0x00001a6e   0x00000004   Code   RO         1253    i.LCD_SetCursor     lcd.o
    0x00001a72   0x00000002   PAD
    0x00001a74   0x0000000c   Code   RO          340    i.LED_GreenOff      led.o
    0x00001a80   0x0000000c   Code   RO          341    i.LED_GreenOn       led.o
    0x00001a8c   0x00000064   Code   RO          343    i.LED_Init          led.o
    0x00001af0   0x00000010   Code   RO          346    i.LED_RedToggle     led.o
    0x00001b00   0x00000038   Code   RO            4    i.PostToServer      main.o
    0x00001b38   0x0000004a   Code   RO         2364    i.SSIConfigSetExpClk  driverlib.lib(ssi.o)
    0x00001b82   0x00000014   Code   RO         2368    i.SSIDataGetNonBlocking  driverlib.lib(ssi.o)
    0x00001b96   0x00000010   Code   RO         2370    i.SSIDataPutNonBlocking  driverlib.lib(ssi.o)
    0x00001ba6   0x0000000a   Code   RO         2372    i.SSIEnable         driverlib.lib(ssi.o)
    0x00001bb0   0x000000bc   Code   RO         1307    i.ST7735_DrawCharS  st7735.o
    0x00001c6c   0x0000003c   Code   RO         1310    i.ST7735_DrawPixel  st7735.o
    0x00001ca8   0x00000052   Code   RO         1311    i.ST7735_DrawString  st7735.o
    0x00001cfa   0x00000002   PAD
    0x00001cfc   0x00000078   Code   RO         1312    i.ST7735_FillRect   st7735.o
    0x00001d74   0x0000001c   Code   RO         1313    i.ST7735_FillScreen  st7735.o
    0x00001d90   0x00000068   Code   RO         1315    i.ST7735_InitR      st7735.o
    0x00001df8   0x000000a4   Code   RO         1317    i.ST7735_OutChar    st7735.o
    0x00001e9c   0x00000014   Code   RO         1328    i.ST7735_SetCursor  st7735.o
    0x00001eb0   0x0000002c   Code   RO            6    i.SimpleLinkHttpServerCallback  main.o
    0x00001edc   0x00000040   Code   RO            7    i.SimpleLinkNetAppEventHandler  main.o
    0x00001f1c   0x000000d0   Code   RO            9    i.SimpleLinkWlanEventHandler  main.o
    0x00001fec   0x00000016   Code   RO         1839    i.Stopwatch_Start   stopwatch.o
    0x00002002   0x00000012   Code   RO         1840    i.Stopwatch_Stop    stopwatch.o
    0x00002014   0x00000164   Code   RO         2511    i.SysCtlClockGet    driverlib.lib(sysctl.o)
    0x00002178   0x00000120   Code   RO         2513    i.SysCtlClockSet    driverlib.lib(sysctl.o)
    0x00002298   0x00000028   Code   RO         2542    i.SysCtlPeripheralEnable  driverlib.lib(sysctl.o)
    0x000022c0   0x00000028   Code   RO         1597    i.UARTFlushRx       uartstdio.o
    0x000022e8   0x00000038   Code   RO         1598    i.UARTFlushTx       uartstdio.o
    0x00002320   0x00000078   Code   RO         1601    i.UARTPrimeTransmit  uartstdio.o
    0x00002398   0x00000098   Code   RO         1603    i.UARTStdioConfig   uartstdio.o
    0x00002430   0x00000108   Code   RO         1604    i.UARTStdioIntHandler  uartstdio.o
    0x00002538   0x00000044   Code   RO           10    i.UART_Init         main.o
    0x0000257c   0x00000012   Code   RO         1608    i.UARTprintf        uartstdio.o
    0x0000258e   0x00000002   PAD
    0x00002590   0x000001b4   Code   RO         1609    i.UARTvprintf       uartstdio.o
    0x00002744   0x00000090   Code   RO         1610    i.UARTwrite         uartstdio.o
    0x000027d4   0x00000194   Code   RO         1568    i.Weather_Construct  weather.o
    0x00002968   0x000002e0   Code   RO          495    i._SlAsyncEventGenericHandler  driver.o
    0x00002c48   0x00000028   Code   RO          496    i._SlDrvBasicCmd    driver.o
    0x00002c70   0x00000088   Code   RO          497    i._SlDrvClassifyRxMsg  driver.o
    0x00002cf8   0x00000054   Code   RO          498    i._SlDrvCmdOp       driver.o
    0x00002d4c   0x0000001c   Code   RO          499    i._SlDrvCmdSend     driver.o
    0x00002d68   0x00000150   Code   RO          500    i._SlDrvDataReadOp  driver.o
    0x00002eb8   0x00000114   Code   RO          501    i._SlDrvDataWriteOp  driver.o
    0x00002fcc   0x0000001a   Code   RO          402    i._SlDrvDeviceEventHandler  device.o
    0x00002fe6   0x00000002   PAD
    0x00002fe8   0x00000060   Code   RO          502    i._SlDrvDriverCBDeinit  driver.o
    0x00003048   0x00000090   Code   RO          503    i._SlDrvDriverCBInit  driver.o
    0x000030d8   0x0000002c   Code   RO          641    i._SlDrvFlowContDeinit  flowcont.o
    0x00003104   0x00000030   Code   RO          642    i._SlDrvFlowContInit  flowcont.o
    0x00003134   0x0000034c   Code   RO          504    i._SlDrvMsgRead     driver.o
    0x00003480   0x000000a4   Code   RO          505    i._SlDrvMsgReadCmdCtx  driver.o
    0x00003524   0x00000088   Code   RO          506    i._SlDrvMsgReadSpawnCtx  driver.o
    0x000035ac   0x000000f0   Code   RO          507    i._SlDrvMsgWrite    driver.o
    0x0000369c   0x000000c6   Code   RO          717    i._SlDrvNetAppEventHandler  netapp.o
    0x00003762   0x00000002   PAD
    0x00003764   0x00000018   Code   RO          508    i._SlDrvObjDeInit   driver.o
    0x0000377c   0x0000003c   Code   RO          509    i._SlDrvObjInit     driver.o
    0x000037b8   0x000000e4   Code   RO          510    i._SlDrvReleasePoolObj  driver.o
    0x0000389c   0x0000012c   Code   RO          511    i._SlDrvRxHdrRead   driver.o
    0x000039c8   0x0000003c   Code   RO          512    i._SlDrvRxIrqHandler  driver.o
    0x00003a04   0x00000016   Code   RO          513    i._SlDrvShiftDWord  driver.o
    0x00003a1a   0x00000002   PAD
    0x00003a1c   0x00000104   Code   RO          514    i._SlDrvWaitForPoolObj  driver.o
    0x00003b20   0x00000094   Code   RO          515    i._SlFindAndSetActiveObj  driver.o
    0x00003bb4   0x00000040   Code   RO          854    i._SlNonOsMainLoopTask  nonos.o
    0x00003bf4   0x00000032   Code   RO          855    i._SlNonOsSemGet    nonos.o
    0x00003c26   0x00000006   Code   RO          856    i._SlNonOsSemSet    nonos.o
    0x00003c2c   0x00000024   Code   RO          857    i._SlNonOsSpawn     nonos.o
    0x00003c50   0x00000058   Code   RO          516    i._SlRemoveFromList  driver.o
    0x00003ca8   0x00000020   Code   RO         3397    i.__0printf         mc_w.l(printfa.o)
    0x00003cc8   0x00000028   Code   RO         3399    i.__0sprintf        mc_w.l(printfa.o)
    0x00003cf0   0x0000000e   Code   RO         3500    i.__scatterload_copy  mc_w.l(handlers.o)
    0x00003cfe   0x00000002   Code   RO         3501    i.__scatterload_null  mc_w.l(handlers.o)
    0x00003d00   0x0000000e   Code   RO         3502    i.__scatterload_zeroinit  mc_w.l(handlers.o)
    0x00003d0e   0x00000002   PAD
    0x00003d10   0x0000015c   Code   RO         3404    i._fp_digits        mc_w.l(printfa.o)
    0x00003e6c   0x0000000e   Code   RO         3433    i._is_digit         mc_w.l(scanf_fp.o)
    0x00003e7a   0x00000002   PAD
    0x00003e7c   0x000006f0   Code   RO         3405    i._printf_core      mc_w.l(printfa.o)
    0x0000456c   0x00000026   Code   RO         3406    i._printf_post_padding  mc_w.l(printfa.o)
    0x00004592   0x00000030   Code   RO         3407    i._printf_pre_padding  mc_w.l(printfa.o)
    0x000045c2   0x00000026   Code   RO          891    i._sl_BuildAddress  socket.o
    0x000045e8   0x00000074   Code   RO          892    i._sl_HandleAsync_Accept  socket.o
    0x0000465c   0x0000007c   Code   RO          893    i._sl_HandleAsync_Connect  socket.o
    0x000046d8   0x00000074   Code   RO          719    i._sl_HandleAsync_DnsGetHostByName  netapp.o
    0x0000474c   0x0000006c   Code   RO          720    i._sl_HandleAsync_DnsGetHostByService  netapp.o
    0x000047b8   0x00000084   Code   RO          403    i._sl_HandleAsync_InitComplete  device.o
    0x0000483c   0x00000080   Code   RO          721    i._sl_HandleAsync_PingResponse  netapp.o
    0x000048bc   0x00000064   Code   RO          894    i._sl_HandleAsync_Select  socket.o
    0x00004920   0x00000060   Code   RO          404    i._sl_HandleAsync_Stop  device.o
    0x00004980   0x00000054   Code   RO          896    i._sl_TruncatePayloadByProtocol  socket.o
    0x000049d4   0x0000000a   Code   RO         3409    i._sputc            mc_w.l(printfa.o)
    0x000049de   0x00000052   Code   RO         1332    i.commandList       st7735.o
    0x00004a30   0x00000138   Code   RO         1333    i.commonInit        st7735.o
    0x00004b68   0x00000110   Code   RO           11    i.configureSimpleLinkToDefaultState  main.o
    0x00004c78   0x0000000c   Code   RO         1337    i.fputc             st7735.o
    0x00004c84   0x00000018   Code   RO          194    i.initClk           board.o
    0x00004c9c   0x00000034   Code   RO           12    i.main              main.o
    0x00004cd0   0x00000014   Code   RO         1338    i.pushColor         st7735.o
    0x00004ce4   0x0000000c   Code   RO          195    i.registerInterruptHandler  board.o
    0x00004cf0   0x0000006c   Code   RO         1339    i.setAddrWindow     st7735.o
    0x00004d5c   0x00000020   Code   RO          899    i.sl_Close          socket.o
    0x00004d7c   0x000000ec   Code   RO          900    i.sl_Connect        socket.o
    0x00004e68   0x00000070   Code   RO          405    i.sl_DevGet         device.o
    0x00004ed8   0x00000028   Code   RO          902    i.sl_Htonl          socket.o
    0x00004f00   0x00000030   Code   RO          903    i.sl_Htons          socket.o
    0x00004f30   0x000000a8   Code   RO           13    i.sl_Init           main.o
    0x00004fd8   0x000000d8   Code   RO          722    i.sl_NetAppDnsGetHostByName  netapp.o
    0x000050b0   0x0000007c   Code   RO          727    i.sl_NetAppMDNSRegisterUnregisterService  netapp.o
    0x0000512c   0x00000012   Code   RO          728    i.sl_NetAppMDNSUnRegisterService  netapp.o
    0x0000513e   0x00000002   PAD
    0x00005140   0x00000050   Code   RO          730    i.sl_NetAppSendTokenValue  netapp.o
    0x00005190   0x00000040   Code   RO          834    i.sl_NetCfgSet      netcfg.o
    0x000051d0   0x00000040   Code   RO          905    i.sl_Recv           socket.o
    0x00005210   0x000000ac   Code   RO          908    i.sl_Send           socket.o
    0x000052bc   0x00000030   Code   RO          911    i.sl_Socket         socket.o
    0x000052ec   0x000000b8   Code   RO          409    i.sl_Start          device.o
    0x000053a4   0x000000c8   Code   RO          410    i.sl_Stop           device.o
    0x0000546c   0x000001a4   Code   RO         1104    i.sl_WlanConnect    wlan.o
    0x00005610   0x00000008   Code   RO         1105    i.sl_WlanDisconnect  wlan.o
    0x00005618   0x00000038   Code   RO         1109    i.sl_WlanPolicySet  wlan.o
    0x00005650   0x00000020   Code   RO         1111    i.sl_WlanProfileDel  wlan.o
    0x00005670   0x00000040   Code   RO         1119    i.sl_WlanSet        wlan.o
    0x000056b0   0x00000020   Code   RO         1120    i.sl_WlanSetMode    wlan.o
    0x000056d0   0x0000000a   Code   RO         1052    i.spi_Close         spi.o
    0x000056da   0x00000002   PAD
    0x000056dc   0x000000f0   Code   RO         1053    i.spi_Open          spi.o
    0x000057cc   0x00000058   Code   RO         1054    i.spi_Read          spi.o
    0x00005824   0x00000054   Code   RO         1055    i.spi_Write         spi.o
    0x00005878   0x00000020   Code   RO         1340    i.writecommand      st7735.o
    0x00005898   0x0000001c   Code   RO         1341    i.writedata         st7735.o
    0x000058b4   0x0000016d   Data   RO           15    .constdata          main.o
    0x00005a21   0x00000001   PAD
    0x00005a22   0x00000014   Data   RO          412    .constdata          device.o
    0x00005a36   0x00000002   PAD
    0x00005a38   0x00000048   Data   RO          518    .constdata          driver.o
    0x00005a80   0x00000028   Data   RO          734    .constdata          netapp.o
    0x00005aa8   0x00000008   Data   RO          835    .constdata          netcfg.o
    0x00005ab0   0x00000030   Data   RO          912    .constdata          socket.o
    0x00005ae0   0x00000034   Data   RO         1123    .constdata          wlan.o
    0x00005b14   0x000007e2   Data   RO         1343    .constdata          st7735.o
    0x000062f6   0x00000002   PAD
    0x000062f8   0x00000028   Data   RO         1612    .constdata          uartstdio.o
    0x00006320   0x00000210   Data   RO         1974    .constdata          driverlib.lib(gpio.o)
    0x00006530   0x0000010c   Data   RO         2260    .constdata          driverlib.lib(interrupt.o)
    0x0000663c   0x000001c4   Data   RO         2563    .constdata          driverlib.lib(sysctl.o)
    0x00006800   0x00000040   Data   RO         3496    .constdata          mc_w.l(ctype_c.o)
    0x00006840   0x00000011   Data   RO         1613    .conststring        uartstdio.o
    0x00006851   0x00000003   PAD
    0x00006854   0x00000020   Data   RO         3498    Region$$Table       anon$$obj.o


    Execution Region RW_IRAM (Base: 0x20000000, Size: 0x00004ca0, Max: 0x00008000, ABSOLUTE)

    Base Addr    Size         Type   Attr      Idx    E Section Name        Object

    0x20000000   0x0000000c   Data   RW           16    .data               main.o
    0x2000000c   0x00000008   Data   RW          197    .data               board.o
    0x20000014   0x00000004   Data   RW          519    .data               driver.o
    0x20000018   0x00000004   Data   RW          520    .data               driver.o
    0x2000001c   0x0000002c   Data   RW         1344    .data               st7735.o
    0x20000048   0x0000001c   Data   RW         1614    .data               uartstdio.o
    0x20000064   0x00000004   Data   RW         3459    .data               mc_w.l(stdout.o)
    0x20000068   0x00000628   Zero   RW           14    .bss                main.o
    0x20000690   0x00000164   Zero   RW          517    .bss                driver.o
    0x200007f4   0x00000028   Zero   RW          858    .bss                nonos.o
    0x2000081c   0x00000480   Zero   RW         1611    .bss                uartstdio.o
    0x20000c9c   0x00000004   PAD
    0x20000ca0   0x00004000   Zero   RW         1094    STACK               startup_rvmdk.o


==============================================================================

Image component sizes


      Code (inc. data)   RO Data    RW Data    ZI Data      Debug   Object Name

       152         22          0          0          0        938   adcswtrigger.o
       144         36          0          8          0       5475   board.o
       818         48         20          0          0      41813   device.o
      4450        156         72          8        356      22853   driver.o
        92         10          0          0          0       1148   flowcont.o
        10          0          0          0          0       1311   lcd.o
       160         38          0          0          0       4854   led.o
      1542        570        365         12       1576      44345   main.o
      1014         46         40          0          0       9966   netapp.o
        64          6          8          0          0       1541   netcfg.o
       156         16          0          0         40       3332   nonos.o
      1102         68         48          0          0      10233   socket.o
       422         60          0          0          0       2538   spi.o
      1386        124       2018         44          0      13532   st7735.o
       648        622          0          0      16384        252   startup_rvmdk.o
        40          0          0          0          0        939   stopwatch.o
      1272         72         57         28       1152       8687   uartstdio.o
       404        204          0          0          0       1460   weather.o
       612         26         52          0          0       6774   wlan.o

    ----------------------------------------------------------------------
     14508       2124       2720        100      19512     181991   Object Totals
         0          0         32          0          0          0   (incl. Generated)
        20          0          8          0          4          0   (incl. Padding)

    ----------------------------------------------------------------------

      Code (inc. data)   RO Data    RW Data    ZI Data      Debug   Library Member Name

        38          0          0          0          0        504   cpu.o
        32          8          0          0          0        780   fpu.o
       672          8        528          0          0       7285   gpio.o
       114          8        268          0          0       1774   interrupt.o
       120          0          0          0          0       2749   ssi.o
       690         64        452          0          0       3951   sysctl.o
        56          8          0          0          0         84   __0sscanf.o
        28          0          0          0          0         68   _chval.o
       812          6          0          0          0        112   _scanf.o
       336          0          0          0          0         96   _scanf_int.o
       218          0          0          0          0         96   _scanf_str.o
        64          0          0          0          0         84   _sgetc.o
        40          6         64          0          0         68   ctype_c.o
         0          0          0          0          0          0   entry.o
         0          0          0          0          0          0   entry10a.o
         0          0          0          0          0          0   entry11a.o
         8          4          0          0          0          0   entry2.o
         4          0          0          0          0          0   entry5.o
         0          0          0          0          0          0   entry7b.o
         0          0          0          0          0          0   entry8b.o
         8          4          0          0          0          0   entry9a.o
        30          0          0          0          0          0   handlers.o
        36          8          0          0          0         68   init.o
        10          0          0          0          0         68   isspace_c.o
         0          0          0          0          0          0   iusefp.o
        30          0          0          0          0         68   llshl.o
        36          0          0          0          0         68   llsshr.o
        32          0          0          0          0         68   llushr.o
        36          0          0          0          0         68   memcpya.o
        36          0          0          0          0        108   memseta.o
      2292         96          0          0          0        596   printfa.o
        40          8          0          0          0         84   scanf_char.o
       842         12          0          0          0        216   scanf_fp.o
         0          0          0          4          0          0   stdout.o
        18          0          0          0          0         68   strcpy.o
        14          0          0          0          0         68   strlen.o
        36          0          0          0          0         80   strstr.o
        44          0          0          0          0         80   uidiv.o
        98          0          0          0          0         92   uldiv.o
        40          2          0          0          0         68   cdrcmple.o
        56          0          0          0          0         88   d2f.o
       334          0          0          0          0        148   dadd.o
       222          0          0          0          0        100   ddiv.o
       190          0          0          0          0        176   depilogue.o
        48          0          0          0          0         68   dfixul.o
        26          0          0          0          0         76   dfltui.o
        24          0          0          0          0         76   dfltul.o
       228          0          0          0          0         96   dmul.o
        38          0          0          0          0         68   f2d.o
       108          0          0          0          0        168   fepilogue.o

    ----------------------------------------------------------------------
      8200        242       1312          4          0      20583   Library Totals
        16          0          0          0          0          0   (incl. Padding)

    ----------------------------------------------------------------------

      Code (inc. data)   RO Data    RW Data    ZI Data      Debug   Library Name

      1666         88       1248          0          0      17043   driverlib.lib
      5204        152         64          4          0       2408   mc_w.l
      1314          2          0          0          0       1132   mf_w.l

    ----------------------------------------------------------------------
      8200        242       1312          4          0      20583   Library Totals

    ----------------------------------------------------------------------

==============================================================================


      Code (inc. data)   RO Data    RW Data    ZI Data      Debug   

     22708       2366       4032        104      19512     186650   Grand Totals
     22708       2366       4032        104      19512     186650   ELF Image Totals
     22708       2366       4032        104          0          0   ROM Totals

==============================================================================

    Total RO  Size (Code + RO Data)                26740 (  26.11kB)
    Total RW  Size (RW Data + ZI Data)             19616 (  19.16kB)
    Total ROM Size (Code + RO Data + RW Data)      26844 (  26.21kB)

==============================================================================

