<html>
<body>
<pre>
<h1>µVision Build Log</h1>
<h2>Project:</h2>
C:\Users\ronald\Documents\GitHub\labs\lab4\CC3100GetWeather_4C123\getWeather.uvproj
Project File Date:  09/26/2016

<h2>Output:</h2>
Build target 'getWeather'
compiling main.c...
linking...
Program Size: Code=22708 RO-data=4032 RW-data=104 ZI-data=19512  
After Build - User command #1: fromelf --bin --output .\rvmdk\cc31000_starter.bin .\rvmdk\cc31000_starter.axf
".\rvmdk\getWeather.axf" - 0 Error(s), 0 Warning(s).
Load "C:\\Users\\ronald\\Documents\\GitHub\\labs\\lab4\\CC3100GetWeather_4C123\\rvmdk\\getWeather.axf" 
Connecting: Mode=JTAG, Speed=1000000Hz
Erase Done.
Programming Done.
Verify OK.
</pre>
</body>
</html>
.
compiling ustdlib.c...
compiling Stopwatch.c...
linking...
.\rvmdk\getWeather.axf: error: L6002U: Could not open file ..\..\..\valvano_ware\driverlib\rvmdk\driverlib.lib: No such file or directory
Finished: 0 information, 0 warning, 0 error and 1 fatal error messages.
".\rvmdk\getWeather.axf" - 1 Error(s), 0 Warning(s).
Target not created
