<html>
<body>
<pre>
<h1>µVision Build Log</h1>
<h2>Project:</h2>
C:\Users\ronny\Desktop\EE\445L\labs\ST7735\ST7735.uvproj
Project File Date:  08/28/2016

<h2>Output:</h2>
Build target 'ST7735'
compiling PLL.c...
compiling ST7735.c...
compiling ST7735TestMain.c...
linking...
Program Size: Code=3012 RO-data=2052 RW-data=44 ZI-data=1028  
".\ST7735.axf" - 0 Error(s), 0 Warning(s).
Load "C:\\Users\\ronny\\Desktop\\EE\\445L\\labs\\ST7735\\ST7735.axf" 
Connecting: Mode=JTAG, Speed=1000000Hz
Erase Done.
Programming Done.
Verify OK.
</pre>
</body>
</html>
