<html>
<body>
<pre>
<h1>µVision Build Log</h1>
<h2>Project:</h2>
C:\Users\ronny\Desktop\EE\445L\labs\lab9\ADCPrintResults_4C123\ADCPrintResults.uvproj
Project File Date:  11/03/2016

<h2>Output:</h2>
Build target 'ADCPrintResults'
assembling startup.s...
compiling UART.c...
compiling main.c...
compiling PLL.c...
compiling Timer.c...
compiling ADCHWTrigger.c...
compiling LCD.c...
compiling ST7735.c...
linking...
Program Size: Code=4380 RO-data=2052 RW-data=56 ZI-data=1424  
".\ADCPrintResults.axf" - 0 Error(s), 0 Warning(s).
Load "C:\\Users\\ronny\\Desktop\\EE\\445L\\labs\\lab9\\ADCPrintResults_4C123\\ADCPrintResults.axf" 
Connecting: Mode=JTAG, Speed=1000000Hz
Erase Done.
Programming Done.
Verify OK.
</pre>
</body>
</html>
