<html>
<body>
<pre>
<h1>µVision Build Log</h1>
<h2>Project:</h2>
C:\Users\ronny\Desktop\EE\445L\labs\lab9\ADCPrintResults_4C123\ADCPrintResults.uvproj
Project File Date:  08/25/2016

<h2>Output:</h2>
Build target 'ADCPrintResults'
compiling main.c...
linking...
Program Size: Code=4380 RO-data=2052 RW-data=56 ZI-data=1424  
".\ADCPrintResults.axf" - 0 Error(s), 0 Warning(s).
</pre>
</body>
</html>
).
ng(s).
Load "C:\\Users\\ronny\\Desktop\\EE\\445L\\labs\\lab9\\ADCPrintResults_4C123\\ADCPrintResults.axf" 
Connecting: Mode=JTAG, Speed=1000000Hz
Erase Done.
Programming Done.
Verify OK.
\\EE\\445L\\labs\\lab9\\ADCPrintResults_4C123\\ADCPrintResults.axf" 
Connecting: Mode=JTAG, Speed=1000000Hz
Erase Done.
Programming Done.
Verify OK.
Load "C:\\Users\\ronny\\Desktop\\EE\\445L\\labs\\lab9\\ADCPrintResults_4C123\\ADCPrintResults.axf" 
Connecting: Mode=JTAG, Speed=1000000Hz
Erase Done.
Programming Done.
Verify OK.
).
Target not created
