<html>
<body>
<pre>
<h1>µVision Build Log</h1>
<h2>Project:</h2>
C:\Users\ronny\Desktop\EE\445L\labs\lab1\lab1.uvproj
Project File Date:  08/31/2016

<h2>Output:</h2>
Build target 'Extra Credit'
compiling test.c...
compiling fixed.c...
linking...
Program Size: Code=7644 RO-data=2052 RW-data=64 ZI-data=1040  
".\lab1.axf" - 0 Error(s), 0 Warning(s).
Load "C:\\Users\\ronny\\Desktop\\EE\\445L\\labs\\lab1\\lab1.axf" 
Connecting: Mode=JTAG, Speed=1000000Hz
Erase Done.
Programming Done.
Verify OK.
K.
ng(s).
Load "C:\\Users\\ronny\\Desktop\\EE\\445L\\labs\\lab1\\lab1.axf" 
Connecting: Mode=JTAG, Speed=1000000Hz
Erase Done.
Programming Done.
Verify OK.
 wrong target CPU?
extra.s(20): error: A1854E: Unknown opcode 'VADD.F32', maybe wrong target CPU?
extra.s(21): error: A1854E: Unknown opcode 'VSTR.F32', maybe wrong target CPU?
compiling test.c...
compiling fixed.c...
".\lab1.axf" - 7 Error(s), 0 Warning(s).
Target not created
