<html>
<body>
<pre>
<h1>µVision Build Log</h1>
<h2>Project:</h2>
C:\Users\ronald\Documents\GitHub\labs\lab1\lab1.uvproj
Project File Date:  09/01/2016

<h2>Output:</h2>
Rebuild target 'Extra Credit'
assembling startup.s...
compiling PLL.c...
compiling ST7735.c...
assembling extra.s...
compiling test.c...
compiling fixed.c...
linking...
Program Size: Code=7644 RO-data=2052 RW-data=64 ZI-data=1040  
".\lab1.axf" - 0 Error(s), 0 Warning(s).
Load "C:\\Users\\ronald\\Documents\\GitHub\\labs\\lab1\\lab1.axf" 
Connecting: Mode=JTAG, Speed=1000000Hz
Erase Done.
Programming Done.
Verify OK.
</pre>
</body>
</html>
ab1.axf" 
Connecting: Mode=JTAG, Speed=1000000Hz
Erase Done.
Programming Done.
Verify OK.
