<html>
<body>
<pre>
<h1>µVision Build Log</h1>
<h2>Project:</h2>
C:\Users\ronny\Desktop\EE\445L\labs\lab1\lab1.uvproj
Project File Date:  08/28/2016

<h2>Output:</h2>
Build target 'Target 1'
compiling fixed.c...
linking...
Program Size: Code=6444 RO-data=4324 RW-data=64 ZI-data=1040  
".\lab1.axf" - 0 Error(s), 0 Warning(s).
Load "C:\\Users\\ronny\\Desktop\\EE\\445L\\labs\\lab1\\lab1.axf" 
Connecting: Mode=JTAG, Speed=1000000Hz
Erase Done.
Programming Done.
Verify OK.
g Done.
Verify OK.
y\\Desktop\\EE\\445L\\labs\\lab1\\lab1.axf" 
Connecting: Mode=JTAG, Speed=1000000Hz
Erase Done.
Programming Done.
Verify OK.
0: identifier "maxX" is undefined
                x = (128 * x / (maxX - minX));
fixed.c(170): error:  #20: identifier "minX" is undefined
                x = (128 * x / (maxX - minX));
fixed.c(171): error:  #20: identifier "maxY" is undefined
                y = (160 * y / (maxY - minY));
fixed.c(171): error:  #20: identifier "minY" is undefined
                y = (160 * y / (maxY - minY));
fixed.c(129): warning:  #550-D: variable "Xmin" was set but never used
  static int32_t Xmin = 0, Xmax = 0, Ymin = 0, Ymax = 0;
fixed.c(129): warning:  #550-D: variable "Xmax" was set but never used
  static int32_t Xmin = 0, Xmax = 0, Ymin = 0, Ymax = 0;
fixed.c(129): warning:  #550-D: variable "Ymin" was set but never used
  static int32_t Xmin = 0, Xmax = 0, Ymin = 0, Ymax = 0;
fixed.c(129): warning:  #550-D: variable "Ymax" was set but never used
  static int32_t Xmin = 0, Xmax = 0, Ymin = 0, Ymax = 0;
fixed.c: 4 warnings, 8 errors
".\lab1.axf" - 8 Error(s), 4 Warning(s).
Target not created
ed
  void ST7735_DrawFastHLine(int16_t x, int16_t y, int16_t w, uint16_t color);
ST7735.h(171): error:  #20: identifier "uint16_t" is undefined
  void ST7735_FillScreen(uint16_t color);
ST7735.h(183): error:  #20: identifier "int16_t" is undefined
  void ST7735_FillRect(int16_t x, int16_t y, int16_t w, int16_t h, uint16_t color);
ST7735.h(183): error:  #20: identifier "int16_t" is undefined
  void ST7735_FillRect(int16_t x, int16_t y, int16_t w, int16_t h, uint16_t color);
ST7735.h(183): error:  #20: identifier "int16_t" is undefined
  void ST7735_FillRect(int16_t x, int16_t y, int16_t w, int16_t h, uint16_t color);
ST7735.h(183): error:  #20: identifier "int16_t" is undefined
  void ST7735_FillRect(int16_t x, int16_t y, int16_t w, int16_t h, uint16_t color);
ST7735.h(183): error:  #20: identifier "uint16_t" is undefined
  void ST7735_FillRect(int16_t x, int16_t y, int16_t w, int16_t h, uint16_t color);
ST7735.h(192): error:  #20: identifier "uint16_t" is undefined
  uint16_t ST7735_Color565(uint8_t r, uint8_t g, uint8_t b);
ST7735.h(192): error:  #20: identifier "uint8_t" is undefined
  uint16_t ST7735_Color565(uint8_t r, uint8_t g, uint8_t b);
ST7735.h(192): error:  #20: identifier "uint8_t" is undefined
  uint16_t ST7735_Color565(uint8_t r, uint8_t g, uint8_t b);
ST7735.h(192): error:  #20: identifier "uint8_t" is undefined
  uint16_t ST7735_Color565(uint8_t r, uint8_t g, uint8_t b);
ST7735.h(199): error:  #20: identifier "uint16_t" is undefined
  uint16_t ST7735_SwapColor(uint16_t x) ;
ST7735.h(199): error:  #20: identifier "uint16_t" is undefined
  uint16_t ST7735_SwapColor(uint16_t x) ;
ST7735.h(221): error:  #20: identifier "int16_t" is undefined
  void ST7735_DrawBitmap(int16_t x, int16_t y, const uint16_t *image, int16_t w, int16_t h);
ST7735.h(221): error:  #20: identifier "int16_t" is undefined
  void ST7735_DrawBitmap(int16_t x, int16_t y, const uint16_t *image, int16_t w, int16_t h);
ST7735.h(221): error:  #20: identifier "uint16_t" is undefined
  void ST7735_DrawBitmap(int16_t x, int16_t y, const uint16_t *image, int16_t w, int16_t h);
ST7735.h(221): error:  #20: identifier "int16_t" is undefined
  void ST7735_DrawBitmap(int16_t x, int16_t y, const uint16_t *image, int16_t w, int16_t h);
ST7735.h(221): error:  #20: identifier "int16_t" is undefined
  void ST7735_DrawBitmap(int16_t x, int16_t y, const uint16_t *image, int16_t w, int16_t h);
ST7735.h(238): error:  #20: identifier "int16_t" is undefined
  void ST7735_DrawCharS(int16_t x, int16_t y, char c, int16_t textColor, int16_t bgColor, uint8_t size);
ST7735.h(238): error:  #20: identifier "int16_t" is undefined
  void ST7735_DrawCharS(int16_t x, int16_t y, char c, int16_t textColor, int16_t bgColor, uint8_t size);
fixed.c: 0 warnings, 30 errors
".\lab1.axf" - 30 Error(s), 0 Warning(s).
Target not created
