<html>
<body>
<pre>
<h1>µVision Build Log</h1>
<h2>Project:</h2>
C:\Users\ronny\Desktop\EE\445L\labs\lab1\lab1.uvproj
Project File Date:  08/29/2016

<h2>Output:</h2>
Build target 'Target 1'
compiling lab1.c...
linking...
Program Size: Code=6448 RO-data=4324 RW-data=64 ZI-data=1040  
".\lab1.axf" - 0 Error(s), 0 Warning(s).
Load "C:\\Users\\ronny\\Desktop\\EE\\445L\\labs\\lab1\\lab1.axf" 
Connecting: Mode=JTAG, Speed=1000000Hz
Erase Done.
Programming Done.
Verify OK.
</pre>
</body>
</html>
