<html>
<body>
<pre>
<h1>µVision Build Log</h1>
<h2>Project:</h2>
C:\Users\ronald\Documents\GitHub\labs\lab9\lab9\lab9.uvproj
Project File Date:  11/07/2016

<h2>Output:</h2>
</pre>
</body>
</html>
lts'
compiling main.c...
linking...
Program Size: Code=4912 RO-data=2264 RW-data=68 ZI-data=1092  
".\lab9.axf" - 0 Error(s), 0 Warning(s).
Load "C:\\Users\\ronald\\Documents\\GitHub\\labs\\lab9\\lab9\\lab9.axf" 
Connecting: Mode=JTAG, Speed=1000000Hz
Erase Done.
Programming Done.
Verify OK.
</pre>
</body>
</html>
rget DLL has been cancelled
Load "C:\\Users\\ronald\\Documents\\GitHub\\labs\\lab9\\lab9\\lab9.axf" 
Connecting: Mode=JTAG, Speed=1000000Hz
Erase Done.
Programming Done.
Verify OK.
