<html>
<body>
<pre>
<h1>µVision Build Log</h1>
<h2>Project:</h2>
C:\Users\ronny\Desktop\EE\445L\labs\lab9\lab9\lab9.uvproj
Project File Date:  11/07/2016

<h2>Output:</h2>
Build target 'ADCPrintResults'
compiling Plot.c...
Plot.c(83): warning:  #186-D: pointless comparison of unsigned integer with zero
    if(n < min || n > max){
Plot.c: 1 warning, 0 errors
linking...
Program Size: Code=4760 RO-data=2052 RW-data=68 ZI-data=1092  
".\lab9.axf" - 0 Error(s), 1 Warning(s).
Load "C:\\Users\\ronny\\Desktop\\EE\\445L\\labs\\lab9\\lab9\\lab9.axf" 
Connecting: Mode=JTAG, Speed=1000000Hz
Erase Done.
Programming Done.
Verify OK.
</pre>
</body>
</html>
ing(s).
Target not created
static int32_t Xmin = 0, Xmax = 0, Ymin = 0, Ymax = 0; 
Plot.c: 3 warnings, 0 errors
linking...
Program Size: Code=4784 RO-data=2052 RW-data=76 ZI-data=1092  
".\lab9.axf" - 0 Error(s), 4 Warning(s).
s), 5 Warning(s).

Mode=JTAG, Speed=1000000Hz
Erase Done.
Programming Done.
Verify OK.

p\\EE\\445L\\labs\\lab9\\lab9\\lab9.axf" 
Connecting: Mode=JTAG, Speed=1000000Hz
Erase Done.
Programming Done.
Verify OK.

Load "C:\\Users\\ronny\\Desktop\\EE\\445L\\labs\\lab9\\lab9\\lab9.axf" 
Connecting: Mode=JTAG, Speed=1000000Hz
Erase Done.
Programming Done.
Verify OK.
nt16_t y, int16_t w, uint16_t color);
ST7735.h(163): error:  #20: identifier "int16_t" is undefined
  void ST7735_DrawFastHLine(int16_t x, int16_t y, int16_t w, uint16_t color);
ST7735.h(163): error:  #20: identifier "int16_t" is undefined
  void ST7735_DrawFastHLine(int16_t x, int16_t y, int16_t w, uint16_t color);
ST7735.h(163): error:  #20: identifier "uint16_t" is undefined
  void ST7735_DrawFastHLine(int16_t x, int16_t y, int16_t w, uint16_t color);
ST7735.h(171): error:  #20: identifier "uint16_t" is undefined
  void ST7735_FillScreen(uint16_t color);
ST7735.h(183): error:  #20: identifier "int16_t" is undefined
  void ST7735_FillRect(int16_t x, int16_t y, int16_t w, int16_t h, uint16_t color);
ST7735.h(183): error:  #20: identifier "int16_t" is undefined
  void ST7735_FillRect(int16_t x, int16_t y, int16_t w, int16_t h, uint16_t color);
ST7735.h(183): error:  #20: identifier "int16_t" is undefined
  void ST7735_FillRect(int16_t x, int16_t y, int16_t w, int16_t h, uint16_t color);
ST7735.h(183): error:  #20: identifier "int16_t" is undefined
  void ST7735_FillRect(int16_t x, int16_t y, int16_t w, int16_t h, uint16_t color);
ST7735.h(183): error:  #20: identifier "uint16_t" is undefined
  void ST7735_FillRect(int16_t x, int16_t y, int16_t w, int16_t h, uint16_t color);
ST7735.h(192): error:  #20: identifier "uint16_t" is undefined
  uint16_t ST7735_Color565(uint8_t r, uint8_t g, uint8_t b);
ST7735.h(192): error:  #20: identifier "uint8_t" is undefined
  uint16_t ST7735_Color565(uint8_t r, uint8_t g, uint8_t b);
ST7735.h(192): error:  #20: identifier "uint8_t" is undefined
  uint16_t ST7735_Color565(uint8_t r, uint8_t g, uint8_t b);
ST7735.h(192): error:  #20: identifier "uint8_t" is undefined
  uint16_t ST7735_Color565(uint8_t r, uint8_t g, uint8_t b);
ST7735.h(199): error:  #20: identifier "uint16_t" is undefined
  uint16_t ST7735_SwapColor(uint16_t x) ;
ST7735.h(199): error:  #20: identifier "uint16_t" is undefined
  uint16_t ST7735_SwapColor(uint16_t x) ;
ST7735.h(221): error:  #20: identifier "int16_t" is undefined
  void ST7735_DrawBitmap(int16_t x, int16_t y, const uint16_t *image, int16_t w, int16_t h);
ST7735.h(221): error:  #20: identifier "int16_t" is undefined
  void ST7735_DrawBitmap(int16_t x, int16_t y, const uint16_t *image, int16_t w, int16_t h);
ST7735.h(221): error:  #20: identifier "uint16_t" is undefined
  void ST7735_DrawBitmap(int16_t x, int16_t y, const uint16_t *image, int16_t w, int16_t h);
ST7735.h(221): error:  #20: identifier "int16_t" is undefined
  void ST7735_DrawBitmap(int16_t x, int16_t y, const uint16_t *image, int16_t w, int16_t h);
ST7735.h(221): error:  #20: identifier "int16_t" is undefined
  void ST7735_DrawBitmap(int16_t x, int16_t y, const uint16_t *image, int16_t w, int16_t h);
ST7735.h(238): error:  #20: identifier "int16_t" is undefined
  void ST7735_DrawCharS(int16_t x, int16_t y, char c, int16_t textColor, int16_t bgColor, uint8_t size);
ST7735.h(238): error:  #20: identifier "int16_t" is undefined
  void ST7735_DrawCharS(int16_t x, int16_t y, char c, int16_t textColor, int16_t bgColor, uint8_t size);
Plot.c: 0 warnings, 30 errors
".\lab9.axf" - 30 Error(s), 0 Warning(s).
Target not created
 undefined
  void ST7735_DrawFastHLine(int16_t x, int16_t y, int16_t w, uint16_t color);
Plot.c: 0 warnings, 30 errors
".\lab9.axf" - 30 Error(s), 0 Warning(s).
Target not created
