<html>
<body>
<pre>
<h1>µVision Build Log</h1>
<h2>Project:</h2>
C:\Users\ronald\Documents\GitHub\labs\lab11\ESP8266_4C123\espDemo.uvproj
Project File Date:  11/19/2016

<h2>Output:</h2>
Build target 'esp8266'
compiling main.c...
main.c(90): warning:  #177-D: variable "state" was declared but never referenced
        uint32_t state = 0x00; // fsm state
main.c: 1 warning, 0 errors
compiling FSM.c...
compiling Keypad.c...
linking...
Program Size: Code=4668 RO-data=2052 RW-data=132 ZI-data=6180  
".\esp8266.axf" - 0 Error(s), 1 Warning(s).
Load "C:\\Users\\ronald\\Documents\\GitHub\\labs\\lab11\\ESP8266_4C123\\esp8266.axf" 
Connecting: Mode=JTAG, Speed=1000000Hz
Connection failed!, error code=&d
Error: Flash Download failed  -  Target DLL has been cancelled
Load "C:\\Users\\ronald\\Documents\\GitHub\\labs\\lab11\\ESP8266_4C123\\esp8266.axf" 
Connecting: Mode=JTAG, Speed=1000000Hz
Erase Done.
Programming Done.
Verify OK.
