<html>
<body>
<pre>
<h1>µVision Build Log</h1>
<h2>Project:</h2>
C:\Users\ronald\Documents\GitHub\labs\lab10\lab10\lab10.uvproj
Project File Date:  11/09/2016

<h2>Output:</h2>
Build target 'lab10'
compiling Motor.c...
linking...
Program Size: Code=5492 RO-data=2052 RW-data=104 ZI-data=1024  
".\lab10.axf" - 0 Error(s), 0 Warning(s).
Load "C:\\Users\\ronald\\Documents\\GitHub\\labs\\lab10\\lab10\\lab10.axf" 
Connecting: Mode=JTAG, Speed=1000000Hz
Erase Done.
Programming Done.
Verify OK.
Load "C:\\Users\\ronald\\Documents\\GitHub\\labs\\lab10\\lab10\\lab10.axf" 
Connecting: Mode=JTAG, Speed=1000000Hz
Erase Done.
Programming Done.
Verify OK.
Load "C:\\Users\\ronald\\Documents\\GitHub\\labs\\lab10\\lab10\\lab10.axf" 
Connecting: Mode=JTAG, Speed=1000000Hz
Erase Done.
Programming Done.
Verify OK.
