<html>
<body>
<pre>
<h1>µVision Build Log</h1>
<h2>Project:</h2>
C:\Users\ronny\Desktop\EE\445L\labs\lab5\lab5.uvproj
Project File Date:  09/29/2016

<h2>Output:</h2>
Build target 'lab5'
compiling mp3.c...
linking...
Program Size: Code=5584 RO-data=8572 RW-data=84 ZI-data=1076  
".\lab5.axf" - 0 Error(s), 0 Warning(s).
Load "C:\\Users\\ronny\\Desktop\\EE\\445L\\labs\\lab5\\lab5.axf" 
Connecting: Mode=JTAG, Speed=1000000Hz
Erase Done.
Programming Done.
Verify OK.
</pre>
</body>
</html>
one.
Verify OK.
= song.instrument[hcursor];
Player.c(145): error:  #136: struct "mp3" has no field "instrument"
        bass = song.instrument[bcursor];
Player.c: 0 warnings, 4 errors
compiling mp3.c...
".\lab5.axf" - 4 Error(s), 0 Warning(s).
Target not created
= PlayerFSM(state, keypad);
main.c: 0 warnings, 6 errors
compiling Player.c...
compiling mp3.c...
".\lab5.axf" - 6 Error(s), 0 Warning(s).
Target not created
:  #20: identifier "TIMER_ICR_TATOCINT" is undefined
        TIMER2_ICR_R = TIMER_ICR_TATOCINT; 
Player.c: 0 warnings, 6 errors
compiling Debug.c...
compiling mp3.c...
compiling LCD.c...
compiling ST7735.c...
".\lab5.axf" - 6 Error(s), 0 Warning(s).
Target not created
 "GPIO_PORTF_CR_R" is undefined
        GPIO_PORTF_CR_R = 0x1F;
Debug.c(34): error:  #20: identifier "GPIO_PORTF_PUR_R" is undefined
        GPIO_PORTF_PUR_R = 0x11;
Debug.c(35): error:  #20: identifier "GPIO_PORTF_DIR_R" is undefined
        GPIO_PORTF_DIR_R = 0x0E;
Debug.c(36): error:  #20: identifier "GPIO_PORTF_AMSEL_R" is undefined
        GPIO_PORTF_AMSEL_R = 0x00;
Debug.c(37): error:  #20: identifier "GPIO_PORTF_AFSEL_R" is undefined
        GPIO_PORTF_AFSEL_R = 0x00;
Debug.c(38): error:  #20: identifier "GPIO_PORTF_DEN_R" is undefined
        GPIO_PORTF_DEN_R = 0x1F;
Debug.c(51): error:  #20: identifier "NVIC_ST_CTRL_R" is undefined
    NVIC_ST_CTRL_R = 0;                   // disable SysTick during setup
Debug.c(52): error:  #20: identifier "NVIC_ST_RELOAD_R" is undefined
    NVIC_ST_RELOAD_R = NVIC_ST_RELOAD_M;  // maximum reload value
Debug.c(53): error:  #20: identifier "NVIC_ST_CURRENT_R" is undefined
    NVIC_ST_CURRENT_R = 0;                // any write to current clears it
Debug.c(61): error:  #20: identifier "NVIC_ST_CURRENT_R" is undefined
    uint32_t startTime = NVIC_ST_CURRENT_R;
Debug.c: 1 warning, 13 errors
".\lab5.axf" - 16 Error(s), 2 Warning(s).
Target not created
