<html>
<body>
<pre>
<h1>µVision Build Log</h1>
<h2>Project:</h2>
C:\Users\ronald\Documents\GitHub\labs\lab5\lab5.uvproj
Project File Date:  09/27/2016

<h2>Output:</h2>
Build target 'lab5'
compiling main.c...
linking...
Program Size: Code=1072 RO-data=16 RW-data=0 ZI-data=1120  
".\lab5.axf" - 0 Error(s), 0 Warning(s).
</pre>
</body>
</html>
D: Deprecated declaration Timer0A_Stop - give arg types
  void Timer0A_Stop();
Timer.h(61): warning:  #1295-D: Deprecated declaration Timer0A_Arm - give arg types
  void Timer0A_Arm();
Timer.h(66): warning:  #1295-D: Deprecated declaration Timer0A_Disarm - give arg types
  void Timer0A_Disarm();
Timer.h(73): warning:  #1295-D: Deprecated declaration Timer1A_Start - give arg types
  void Timer1A_Start();
Timer.h(78): warning:  #1295-D: Deprecated declaration Timer1A_Stop - give arg types
  void Timer1A_Stop();
Timer.h(83): warning:  #1295-D: Deprecated declaration Timer1A_Arm - give arg types
  void Timer1A_Arm();
Timer.h(88): warning:  #1295-D: Deprecated declaration Timer1A_Disarm - give arg types
  void Timer1A_Disarm();
Timer.h(95): warning:  #1295-D: Deprecated declaration Timer2A_Start - give arg types
  void Timer2A_Start();
Timer.h(100): warning:  #1295-D: Deprecated declaration Timer2A_Stop - give arg types
  void Timer2A_Stop();
Timer.h(105): warning:  #1295-D: Deprecated declaration Timer2A_Arm - give arg types
  void Timer2A_Arm();
Timer.h(110): warning:  #1295-D: Deprecated declaration Timer2A_Disarm - give arg types
  void Timer2A_Disarm();
main.c: 12 warnings, 0 errors
linking...
Program Size: Code=1072 RO-data=16 RW-data=0 ZI-data=1120  
".\lab5.axf" - 0 Error(s), 12 Warning(s).
c: 12 warnings, 0 errors
linking...
Program Size: Code=1072 RO-data=16 RW-data=0 ZI-data=1120  
".\lab5.axf" - 0 Error(s), 13 Warning(s).
