<html>
<body>
<pre>
<h1>µVision Build Log</h1>
<h2>Project:</h2>
C:\Users\ronald\Documents\GitHub\labs\lab2\ADCSWTrigger.uvproj
Project File Date:  09/06/2016

<h2>Output:</h2>
Rebuild target 'ADCSWTrigger'
assembling startup.s...
compiling ADCSWTrigger.c...
compiling ADCTestMain.c...
compiling PLL.c...
compiling ST7735.c...
linking...
Program Size: Code=4176 RO-data=2052 RW-data=56 ZI-data=9024  
".\ADCSWTrigger.axf" - 0 Error(s), 0 Warning(s).
bols.
Finished: 1 information, 0 warning and 1 error messages.
".\ADCSWTrigger.axf" - 1 Error(s), 0 Warning(s).
Target not created
