<html>
<body>
<pre>
<h1>µVision Build Log</h1>
<h2>Project:</h2>
C:\Users\ronald\Documents\GitHub\labs\lab2\ADCSWTrigger.uvproj
Project File Date:  08/30/2016

<h2>Output:</h2>
Rebuild target 'ADCSWTrigger'
assembling startup.s...
compiling ADCSWTrigger.c...
compiling ADCTestMain.c...
compiling PLL.c...
linking...
Program Size: Code=1680 RO-data=32 RW-data=4 ZI-data=1124  
".\ADCSWTrigger.axf" - 0 Error(s), 0 Warning(s).
Load "C:\\Users\\ronald\\Documents\\GitHub\\labs\\lab2\\ADCSWTrigger.axf" 
Connecting: Mode=JTAG, Speed=1000000Hz
Connection failed!, error code=&d
Error: Flash Download failed  -  Target DLL has been cancelled
Load "C:\\Users\\ronald\\Documents\\GitHub\\labs\\lab2\\ADCSWTrigger.axf" 
Connecting: Mode=JTAG, Speed=1000000Hz
Erase Done.
Programming Done.
Verify OK.
