<html>
<body>
<pre>
<h1>µVision Build Log</h1>
<h2>Project:</h2>
C:\Users\ronald\Documents\GitHub\labs\lab2\ADCSWTrigger.uvproj
Project File Date:  09/06/2016

<h2>Output:</h2>
Rebuild target 'ADCSWTrigger'
assembling startup.s...
compiling ADCSWTrigger.c...
compiling ADCTestMain.c...
ADCTestMain.c(42): warning:  #1295-D: Deprecated declaration Timer0A_Init100HzInt - give arg types
  void Timer0A_Init100HzInt();
ADCTestMain.c(43): warning:  #1295-D: Deprecated declaration Timer1_Init - give arg types
  void Timer1_Init(); 
ADCTestMain.c: 2 warnings, 0 errors
compiling PLL.c...
compiling lab2.c...
linking...
Program Size: Code=1540 RO-data=32 RW-data=8 ZI-data=9024  
".\ADCSWTrigger.axf" - 0 Error(s), 2 Warning(s).
</pre>
</body>
</html>
O-data=32 RW-data=4 ZI-data=1028  
".\ADCSWTrigger.axf" - 0 Error(s), 3 Warning(s).
ing(s).
