<html>
<body>
<pre>
<h1>µVision Build Log</h1>
<h2>Project:</h2>
C:\Users\ronald\Documents\GitHub\labs\lab2\lab2.uvproj
Project File Date:  09/10/2016

<h2>Output:</h2>
Build target 'lab2'
compiling lab2.c...
linking...
Program Size: Code=5108 RO-data=2052 RW-data=64 ZI-data=17216  
".\ADCSWTrigger.axf" - 0 Error(s), 0 Warning(s).
Load "C:\\Users\\ronald\\Documents\\GitHub\\labs\\lab2\\ADCSWTrigger.axf" 
Connecting: Mode=JTAG, Speed=1000000Hz
Erase Done.
Programming Done.
Verify OK.
Hub\\labs\\lab2\\ADCSWTrigger.axf" 
Connecting: Mode=JTAG, Speed=1000000Hz
Erase Done.
Programming Done.
Verify OK.
ash Download failed  -  Target DLL has been cancelled
Load "C:\\Users\\ronald\\Documents\\GitHub\\labs\\lab2\\ADCSWTrigger.axf" 
Connecting: Mode=JTAG, Speed=1000000Hz
Connection failed!, error code=&d
Error: Flash Download failed  -  Target DLL has been cancelled
Load "C:\\Users\\ronald\\Documents\\GitHub\\labs\\lab2\\ADCSWTrigger.axf" 
Connecting: Mode=JTAG, Speed=1000000Hz
Connection failed!, error code=&d
Error: Flash Download failed  -  Target DLL has been cancelled
 not load file 'C:\Users\ronald\Documents\GitHub\labs\lab2\ADCSWTrigger.axf'
Load "C:\\Users\\ronald\\Documents\\GitHub\\labs\\lab2\\ADCSWTrigger.axf" 
_____^
*** error 56: cannot open file
Error: Flash Download failed  -  Could not load file 'C:\Users\ronald\Documents\GitHub\labs\lab2\ADCSWTrigger.axf'
