<html>
<body>
<pre>
<h1>µVision Build Log</h1>
<h2>Project:</h2>
C:\Users\ronny\Desktop\EE\445L\labs\lab2\ADCSWTrigger.uvproj
Project File Date:  09/06/2016

<h2>Output:</h2>
Rebuild target 'ADCSWTrigger'
assembling startup.s...
compiling ADCSWTrigger.c...
compiling ADCTestMain.c...
compiling PLL.c...
compiling ST7735.c...
linking...
Program Size: Code=4108 RO-data=2052 RW-data=56 ZI-data=9024  
".\ADCSWTrigger.axf" - 0 Error(s), 0 Warning(s).
Load "C:\\Users\\ronny\\Desktop\\EE\\445L\\labs\\lab2\\ADCSWTrigger.axf" 
Connecting: Mode=JTAG, Speed=1000000Hz
Erase Done.
Programming Done.
Verify OK.
g...
Program Size: Code=4120 RO-data=2052 RW-data=56 ZI-data=9024  
".\ADCSWTrigger.axf" - 0 Error(s), 2 Warning(s).
Load "C:\\Users\\ronny\\Desktop\\EE\\445L\\labs\\lab2\\ADCSWTrigger.axf" 
Connecting: Mode=JTAG, Speed=1000000Hz
Erase Done.
Programming Done.
Verify OK.
