<html>
<body>
<pre>
<h1>µVision Build Log</h1>
<h2>Project:</h2>
C:\Users\ronald\Documents\GitHub\labs\lab3\lab3.uvproj
Project File Date:  09/18/2016

<h2>Output:</h2>
Build target 'lab3'
compiling FSM.c...
linking...
Program Size: Code=9372 RO-data=14852 RW-data=112 ZI-data=1024  
".\lab3.axf" - 0 Error(s), 0 Warning(s).
Load "C:\\Users\\ronald\\Documents\\GitHub\\labs\\lab3\\lab3.axf" 
Connecting: Mode=JTAG, Speed=1000000Hz
Erase Done.
Programming Done.
Verify OK.
</pre>
</body>
</html>
to list image symbols.
Finished: 1 information, 0 warning and 1 error messages.
".\lab3.axf" - 1 Error(s), 0 Warning(s).
Target not created
