<html>
<body>
<pre>
<h1>µVision Build Log</h1>
<h2>Project:</h2>
C:\Users\ronny\Desktop\EE\445L\labs\lab7\ESP8266_4C123\espDemo.uvproj
Project File Date:  08/25/2016

<h2>Output:</h2>
Build target 'esp8266'
compiling main.c...
linking...
Program Size: Code=5028 RO-data=2052 RW-data=124 ZI-data=6180  
".\esp8266.axf" - 0 Error(s), 0 Warning(s).
Load "C:\\Users\\ronny\\Desktop\\EE\\445L\\labs\\lab7\\ESP8266_4C123\\esp8266.axf" 
Connecting: Mode=JTAG, Speed=1000000Hz
Erase Done.
Programming Done.
Verify OK.
</pre>
</body>
</html>
         state = PlayerFSM(state, keypad);
main.c(67): warning:  #223-D: function "PlayerFSM" declared implicitly
                        state = PlayerFSM(state, keypad);
main.c: 2 warnings, 2 errors
".\esp8266.axf" - 2 Error(s), 2 Warning(s).
Target not created
(state, keypad);
main.c: 3 warnings, 2 errors
compiling Debug.c...
Debug.c(73): warning:  #177-D: function "PortF_Init" was declared but never referenced
  static void PortF_Init(){
Debug.c: 1 warning, 0 errors
compiling Keypad.c...
".\esp8266.axf" - 2 Error(s), 4 Warning(s).
Target not created
