<html>
<body>
<pre>
<h1>µVision Build Log</h1>
<h2>Project:</h2>
C:\Users\ronny\Desktop\EE\445L\labs\lab7\ESP8266_4C123\espDemo.uvproj
Project File Date:  08/25/2016

<h2>Output:</h2>
Build target 'esp8266'
compiling main.c...
compiling esp8266.c...
linking...
Program Size: Code=1860 RO-data=32 RW-data=80 ZI-data=6176  
".\esp8266.axf" - 0 Error(s), 0 Warning(s).
/tm4c123gh6pm.h"
LED.c: 0 warnings, 1 error
".\esp8266.axf" - 1 Error(s), 0 Warning(s).
Target not created
nput file "../inc/tm4c123gh6pm.h": No such file or directory
  #include "../inc/tm4c123gh6pm.h"
LED.c: 0 warnings, 1 error
".\esp8266.axf" - 2 Error(s), 0 Warning(s).
Target not created
put file "../inc/tm4c123gh6pm.h": No such file or directory
  #include "../inc/tm4c123gh6pm.h"
LED.c: 0 warnings, 1 error
".\esp8266.axf" - 3 Error(s), 0 Warning(s).
Target not created
or:  #5: cannot open source input file "../inc/tm4c123gh6pm.h": No such file or directory
  #include "../inc/tm4c123gh6pm.h"
LED.c: 0 warnings, 1 error
".\esp8266.axf" - 4 Error(s), 0 Warning(s).
Target not created
